02-07 15:43:39.264  6305  6343 W InstallationId: 	at com.google.firebase.concurrent.CustomThreadFactory$$ExternalSyntheticLambda0.run(D8$$SyntheticClass:0)
02-07 15:43:39.264  6305  6343 W InstallationId: 	at java.lang.Thread.run(Thread.java:1119)
02-07 15:43:39.264  6305  6343 W SessionConfigFetcher: Error getting Firebase Installation ID. Skipping this Session Event.
02-07 15:43:39.264  6305  6343 W InstallationId: Error getting authentication token.
02-07 15:43:39.264  6305  6343 W InstallationId: java.lang.IllegalArgumentException: Please set a valid API key. A Firebase API key is required to communicate with Firebase server APIs: It authenticates your project with Google.Please refer to https://firebase.google.com/support/privacy/init-options.
02-07 15:43:39.264  6305  6343 W InstallationId: 	at com.google.android.gms.common.internal.Preconditions.checkArgument(com.google.android.gms:play-services-basement@@18.3.0:2)
02-07 15:43:39.264  6305  6343 W InstallationId: 	at com.google.firebase.installations.FirebaseInstallations.preConditionChecks(FirebaseInstallations.java:178)
02-07 15:43:39.264  6305  6343 W InstallationId: 	at com.google.firebase.installations.FirebaseInstallations.getToken(FirebaseInstallations.java:259)
02-07 15:43:39.264  6305  6343 W InstallationId: 	at com.google.firebase.sessions.InstallationId$Companion.create(InstallationId.kt:32)
02-07 15:43:39.264  6305  6343 W InstallationId: 	at com.google.firebase.sessions.SessionFirelogPublisherImpl$logSession$1.invokeSuspend(SessionFirelogPublisher.kt:64)
02-07 15:43:39.264  6305  6343 W InstallationId: 	at kotlin.coroutines.jvm.internal.BaseContinuationImpl.resumeWith(ContinuationImpl.kt:33)
02-07 15:43:39.264  6305  6343 W InstallationId: 	at kotlinx.coroutines.DispatchedTask.run(DispatchedTask.kt:106)
02-07 15:43:39.264  6305  6343 W InstallationId: 	at java.util.concurrent.ThreadPoolExecutor.runWorker(ThreadPoolExecutor.java:1156)
02-07 15:43:39.264  6305  6343 W InstallationId: 	at java.util.concurrent.ThreadPoolExecutor$Worker.run(ThreadPoolExecutor.java:651)
02-07 15:43:39.264  6305  6343 W InstallationId: 	at com.google.firebase.concurrent.CustomThreadFactory.lambda$newThread$0$com-google-firebase-concurrent-CustomThreadFactory(CustomThreadFactory.java:47)
02-07 15:43:39.264  6305  6343 W InstallationId: 	at com.google.firebase.concurrent.CustomThreadFactory$$ExternalSyntheticLambda0.run(D8$$SyntheticClass:0)
02-07 15:43:39.264  6305  6343 W InstallationId: 	at java.lang.Thread.run(Thread.java:1119)
02-07 15:43:39.265  6305  6305 D SessionLifecycleClient: Session update received: fbd8a30e6f64487c8baab003ca83fe6d
02-07 15:43:39.265  6305  6343 W InstallationId: Error getting Firebase installation id .
02-07 15:43:39.265  6305  6343 W InstallationId: java.lang.IllegalArgumentException: Please set a valid API key. A Firebase API key is required to communicate with Firebase server APIs: It authenticates your project with Google.Please refer to https://firebase.google.com/support/privacy/init-options.
02-07 15:43:39.265  6305  6343 W InstallationId: 	at com.google.android.gms.common.internal.Preconditions.checkArgument(com.google.android.gms:play-services-basement@@18.3.0:2)
02-07 15:43:39.265  6305  6343 W InstallationId: 	at com.google.firebase.installations.FirebaseInstallations.preConditionChecks(FirebaseInstallations.java:178)
02-07 15:43:39.265  6305  6343 W InstallationId: 	at com.google.firebase.installations.FirebaseInstallations.getId(FirebaseInstallations.java:235)
02-07 15:43:39.265  6305  6343 W InstallationId: 	at com.google.firebase.sessions.InstallationId$Companion.create(InstallationId.kt:40)
02-07 15:43:39.265  6305  6343 W InstallationId: 	at com.google.firebase.sessions.SessionFirelogPublisherImpl$logSession$1.invokeSuspend(SessionFirelogPublisher.kt:64)
02-07 15:43:39.265  6305  6343 W InstallationId: 	at kotlin.coroutines.jvm.internal.BaseContinuationImpl.resumeWith(ContinuationImpl.kt:33)
02-07 15:43:39.265  6305  6343 W InstallationId: 	at kotlinx.coroutines.DispatchedTask.run(DispatchedTask.kt:106)
02-07 15:43:39.265  6305  6343 W InstallationId: 	at java.util.concurrent.ThreadPoolExecutor.runWorker(ThreadPoolExecutor.java:1156)
02-07 15:43:39.265  6305  6343 W InstallationId: 	at java.util.concurrent.ThreadPoolExecutor$Worker.run(ThreadPoolExecutor.java:651)
02-07 15:43:39.265  6305  6343 W InstallationId: 	at com.google.firebase.concurrent.CustomThreadFactory.lambda$newThread$0$com-google-firebase-concurrent-CustomThreadFactory(CustomThreadFactory.java:47)
02-07 15:43:39.265  6305  6343 W InstallationId: 	at com.google.firebase.concurrent.CustomThreadFactory$$ExternalSyntheticLambda0.run(D8$$SyntheticClass:0)
02-07 15:43:39.265  6305  6343 W InstallationId: 	at java.lang.Thread.run(Thread.java:1119)
02-07 15:43:39.265  2816  2921 D BBA2    : updateWindowVisible for pid : 6305, visible : 1
02-07 15:43:39.265  1882  1882 I SurfaceFlinger: RequestedLayer [76dd86f com.etrsystems.axisight/com.[...]tems.axisight.UsbCameraActivity#4101] hidden!! flag  from(1) --> to(0)
02-07 15:43:39.265  1882  1882 I SurfaceFlinger: [Display 0 name="Built-in Screen"#49] setFrameRateCategory: High
02-07 15:43:39.265  1882  1882 I SurfaceFlinger: RequestedLayer [com.etrsystems.axisight/com.etrsystems.axisight.UsbCameraActivity$_6305#4102] hidden!! flag  from(1) --> to(0)
02-07 15:43:39.265  1882  1882 I SurfaceFlinger: [LayerHierarchy{RequestedLayerState{6498613 NavigationBar0#91 parentId=4104} 1 children}] reparent to LayerHierarchy{RequestedLayerState{Surface(name=6498613 NavigationBar0)/@0xafc3582 - animation-leash of insets_animation#4104 parentId=90} 1 children}
02-07 15:43:39.265  1882  1882 I SurfaceFlinger: [LayerHierarchy{RequestedLayerState{62ac4d4 StatusBar#98 parentId=4103} 1 children}] reparent to LayerHierarchy{RequestedLayerState{Surface(name=62ac4d4 StatusBar)/@0xbddc491 - animation-leash of insets_animation#4103 parentId=97} 1 children}
02-07 15:43:39.265  1882  1882 I SurfaceFlinger: [LayerHierarchy{RequestedLayerState{Surface(name=6498613 NavigationBar0)/@0xafc3582 - animation-leash of insets_animation#4099} no children}] reparent to OffscreenRoot
02-07 15:43:39.265  1882  1882 I SurfaceFlinger: [LayerHierarchy{RequestedLayerState{Surface(name=6498613 NavigationBar0)/@0xafc3582 - animation-leash of insets_animation#4099} no children}] RelativeParent to null
02-07 15:43:39.265  1882  1882 I SurfaceFlinger: [LayerHierarchy{RequestedLayerState{Surface(name=62ac4d4 StatusBar)/@0xbddc491 - animation-leash of insets_animation#4098} no children}] reparent to OffscreenRoot
02-07 15:43:39.265  1882  1882 I SurfaceFlinger: [LayerHierarchy{RequestedLayerState{Surface(name=62ac4d4 StatusBar)/@0xbddc491 - animation-leash of insets_animation#4098} no children}] RelativeParent to null
02-07 15:43:39.265  1882  1882 I SurfaceFlinger: [LayerHierarchy{RequestedLayerState{76dd86f com.etrsystems.axisight/com.etrsystems.axisight.UsbCameraActivity#4101 parentId=4105} 1 children}] reparent to LayerHierarchy{RequestedLayerState{Surface(name=76dd86f com.etrsystems.axisight/com.etrsystems.axisight.UsbCameraActivity)/@0x47aae7b - animation-leash of starting_reveal#4105 parentId=4094} 1 children}
02-07 15:43:39.265  1882  1882 I SurfaceFlinger: [Surface(name=76dd86f com.etrsystems.axisight/com.etrsystems.axisight.UsbCameraActivity)/@0x47aae7b - animation-leash of starting_reveal#4105] attach to parent LayerHierarchy{RequestedLayerState{ActivityRecord{2597437 u0 com.etrsystems.axisight/.UsbCameraActivity t3332}#4094 parentId=4093} 3 children}
02-07 15:43:39.265 12594  6390 D AdvertisingIdClient: AdvertisingIdClient already created.
02-07 15:43:39.265 12594  6390 D AdvertisingIdClient: AdvertisingIdClient is not bounded. Starting to bind it...
02-07 15:43:39.266  2816  2975 D DmaBufLeakDetector: system:           620708 kB
02-07 15:43:39.266  2816  2921 I DisplayDeviceRepository: Display device changed render timings: "Built-in Screen", renderFrameRate=120.00001, presentationDeadlineNanos=9333333, appVsyncOffsetNanos=8333333, frameRateOverrides=[{uid=10046 frameRateHz=120.00001}, {uid=10151 frameRateHz=120.00001}, {uid=10686 frameRateHz=120.00001}]
02-07 15:43:39.266  6305  6342 D SessionLifecycleClient: Notified CRASHLYTICS of new session fbd8a30e6f64487c8baab003ca83fe6d
02-07 15:43:39.266  2816  2918 I ActivityTaskManager: Displayed com.etrsystems.axisight/.UsbCameraActivity for user 0: +265ms
02-07 15:43:39.266  2816  2918 I Pageboost: Launch time gathered : pid 6305 com.etrsystems.axisight 265
02-07 15:43:39.266  2816  2975 I DmaBufLeakDetector: DmaBuf : 620708 KB
02-07 15:43:39.266  2816  2922 I WindowManager: notifyInsetsControlChanged, removed=false, win=Window{108cea9 u0 Splash Screen com.etrsystems.axisight}, caller=com.android.server.wm.InsetsStateController$$ExternalSyntheticLambda1.run:137 com.android.server.wm.WindowAnimator$$ExternalSyntheticLambda2.onTransactionCommitted:26 android.view.SurfaceControl$Transaction$$ExternalSyntheticLambda4.run:0 android.os.Handler.handleCallback:995 android.os.Handler.dispatchMessage:103 android.os.Looper.loopOnce:273 
02-07 15:43:39.266  5485  5485 E pageboostd: Received HALT command code 2
02-07 15:43:39.267  2816  2922 D SurfaceComposerClient: setCornerRadius ## 108cea9 Splash Screen com.etrsystems.axisight#4095 cornerRadius=0.000000
02-07 15:43:39.267  2816  2922 D SurfaceComposerClient: setCornerRadius ## 76dd86f com.etrsystems.axisight/com.etrsystems.axisight.UsbCameraActivity#4101 cornerRadius=0.000000
02-07 15:43:39.267  6305  6305 I InsetsSourceConsumer: applyRequestedVisibilityToControl: visible=true, type=statusBars, host=com.etrsystems.axisight/com.etrsystems.axisight.UsbCameraActivity
02-07 15:43:39.267  2816  4778 I SemDvfsHyPerManager: acquire hyper - AMS_RESUME_TAIL/2816@20, type = -999
02-07 15:43:39.267  4527  4637 I VRI[axisight]@ed4cd63: onActiveControlsChanged, removed=false, mAdded=true, caller=android.view.ViewRootImpl.handleInsetsControlChanged:3002 android.view.ViewRootImpl$ViewRootHandler.handleMessageImpl:8352 android.view.ViewRootImpl$ViewRootHandler.handleMessage:8301 android.os.Handler.dispatchMessage:110 android.os.Looper.loopOnce:273 
02-07 15:43:39.267  2816  4778 I SemDvfsHyPerManager: acquire hyper - AMS_ACT_LAZY/2816@21, type = -999
02-07 15:43:39.267  2816  4778 D ActivityManagerPerformance: AMP_acquire() TAIL
02-07 15:43:39.267  6305  6305 I InsetsSourceConsumer: applyRequestedVisibilityToControl: visible=true, type=navigationBars, host=com.etrsystems.axisight/com.etrsystems.axisight.UsbCameraActivity
02-07 15:43:39.267  2816  4778 D ActivityManagerPerformance: AMP_release() APP_SWITCH
02-07 15:43:39.267  1882  1936 I SurfaceFlinger: id=4098 Removed Surface(name=62ac4d4 StatusBar)/@0xbddc491 - animation-leash of insets_animation#4098 (140)
02-07 15:43:39.267  4527  4663 I VRI[axisight]@ed4cd63: mWNT: t=0xb4000072c440e990 mBlastBufferQueue=0xb4000072a44f5cc0 fn= 2 HdrRenderState mRenderHdrSdrRatio=1.0 caller= android.view.SyncRtSurfaceTransactionApplier.applyTransaction:100 android.view.SyncRtSurfaceTransactionApplier.lambda$scheduleApply$0:73 android.view.SyncRtSurfaceTransactionApplier.$r8$lambda$afI4fXg3U3-nBZQEDQMiNy-B06s:0 
02-07 15:43:39.267  2816  4778 W ActivityTaskManager: Request to remove task ignored for non-existent task 3331
02-07 15:43:39.267  1744  1885 I HYPER-HAL: [RequestManager.cpp]acquire(): Acquired ID : 4022886  [2816 / 20]    HINT : AMS_RESUME_TAIL    list : 
02-07 15:43:39.267  1882  2741 I SurfaceFlinger: id=4099 Removed Surface(name=6498613 NavigationBar0)/@0xafc3582 - animation-leash of insets_animation#4099 (140)
02-07 15:43:39.267  4527  4663 I VRI[axisight]@ed4cd63: mWNT: t=0xb4000072c43bc750 mBlastBufferQueue=0xb4000072a44f5cc0 fn= 2 HdrRenderState mRenderHdrSdrRatio=1.0 caller= android.view.SyncRtSurfaceTransactionApplier.applyTransaction:100 android.view.SyncRtSurfaceTransactionApplier.lambda$scheduleApply$0:73 android.view.SyncRtSurfaceTransactionApplier.$r8$lambda$afI4fXg3U3-nBZQEDQMiNy-B06s:0 
02-07 15:43:39.268 12594  6390 D AdvertisingIdClient: AdvertisingIdClient is bounded
02-07 15:43:39.268  4959  4959 I SearchHoneyPot: onViewCreated: onStop
02-07 15:43:39.268  4527  4621 D ShellDesktopMode: [u0] DesktopRepository: Removes freeform task: taskId=3331
02-07 15:43:39.268  4959  4959 I HoneySpace.ContentsAnimator: end call
02-07 15:43:39.268  4959  4959 I HoneySpace.BlurAnimator: end
02-07 15:43:39.268  4959  4959 I HoneySpace.BlurAnimator: reset
02-07 15:43:39.268  4527  4621 W ShellDesktopMode: [u0] DesktopRepository: No display id found for task: taskId=3331
02-07 15:43:39.268  4959  4959 I VRI[LauncherActivity]@1497778: stopped(true) old = false
02-07 15:43:39.268  4959  4959 I HoneySpace.Launcher: !@Boot_EBS_D: Launcher.onStop()
02-07 15:43:39.268  4959  8329 I HoneySpace.HoneyAppWidgetHost: stopListening, host: @32133d0, hostId: 1024
02-07 15:43:39.268  4959  4959 I AutofillManager: onInvisibleForAutofill(): expiringResponse
02-07 15:43:39.268  4959 13476 I HoneySpace.Memory-Monitor: scheduleTrim delayTime=30000
02-07 15:43:39.268  2816  2881 W PresentationStatsEventLogger: Shouldn't be logging AutofillPresentationEventReported again for same event
02-07 15:43:39.268  4959  4959 I HoneySpace.OneUiSpace: onSaveInstanceState honeyScreen=d3.M@7519c23
02-07 15:43:39.269 12594  6390 I AdvertisingIdClient: shouldSendLog 44459586
02-07 15:43:39.269 12594  6390 I AdvertisingIdClient: GetInfoInternal elapse 3ms
02-07 15:43:39.270  4959  6110 I HoneySpace.RecentTasks: onRecentTasksChanged
02-07 15:43:39.269  2816  7805 I AppWidgetServiceImpl: stopListening callbacks : null
02-07 15:43:39.270  1744  1885 I HYPER-HAL: [RequestManager.cpp]acquire(): Acquired ID : 4025724  [2816 / 21]    HINT : AMS_ACT_LAZY    list : 
02-07 15:43:39.271  2816  2921 I ActivityManager: Changes in 10151 2 to 5, 255 to 184
02-07 15:43:39.271  4527  4527 D DisplayLifecycle: updateDisplay id = 0
02-07 15:43:39.271  2816  5367 D FreecessController: BG freezed, skip OLAF unfreeze for (com.microsoft.skydrive, 10113)
02-07 15:43:39.271  4527  4644 D StackScroller: onDisplayChanged for predraw skip to 2
02-07 15:43:39.271  6305  6343 D EventGDTLogger: Session Event: {"eventType":1,"sessionData":{"sessionId":"fbd8a30e6f64487c8baab003ca83fe6d","firstSessionId":"fbd8a30e6f64487c8baab003ca83fe6d","sessionIndex":0,"eventTimestampUs":1770497019263000,"dataCollectionStatus":{"performance":1,"crashlytics":2,"sessionSamplingRate":1.0},"firebaseInstallationId":"","firebaseAuthenticationToken":""},"applicationInfo":{"appId":"1:000000000000:android:0000000000000000","deviceModel":"SM-S938U","sessionSdkVersion":"2.0.6","osVersion":"16","logEnvironment":3,"androidAppInfo":{"packageName":"com.etrsystems.axisight","versionName":"0.1.0","appBuildVersion":"1","deviceManufacturer":"samsung","currentProcessDetails":{"processName":"com.etrsystems.axisight","pid":6305,"importance":100,"defaultProcess":true},"appProcessDetails":[{"processName":"com.etrsystems.axisight","pid":6305,"importance":100,"defaultProcess":true}]}}}
02-07 15:43:39.271  6305  6343 D SessionFirelogPublisher: Successfully logged Session Start event: fbd8a30e6f64487c8baab003ca83fe6d
02-07 15:43:39.272  2816  7805 D WifiDisplayAdapter: isFitToActiveDisplayLocked : false
02-07 15:43:39.272  2182  8305 I CameraService: onUidStateChanged: uid=10268, procState is changed. (3 -> 5)
02-07 15:43:39.273  5823  5906 V OsAgent : broadcastSystemEvent - 7
02-07 15:43:39.273  1744  1885 I HYPER-HAL: [RequestManager.cpp]releaseLocked(): Released ID : 4034244
02-07 15:43:39.273  4959 32125 I HoneySpace.Memory-Monitor: current state = 2, didTrim = false
02-07 15:43:39.273  2182  8305 W IPCThreadState: Sending oneway calls to frozen process.
02-07 15:43:39.274  1882  1882 D SurfaceFlinger: Display 4630947191136750483 HWC layers:
02-07 15:43:39.274  1882  1882 D SurfaceFlinger:        DEVICE |           27079768801283 | 00002102 | RGBA_8888    |    0.0    0.0 1440.0 3120.0 |    0    0 1440 3120 | com.etrsystems.axisight/com.etrsystems.axisight.UsbCameraActivity$_6305#4102 (1)
02-07 15:43:39.274  1882  1882 D SurfaceFlinger:        DEVICE |           19443316950512 | 00002100 | RGBA_8888    |    0.0    0.0 1440.0 3120.0 |    0    0 1440 3120 | Splash Screen com.etrsystems.axisight$_4527#4096 (1)
02-07 15:43:39.274  1882  1882 D SurfaceFlinger:        DEVICE |           37636798414882 | 00002100 | RGBA_8888    |    0.0    0.0    1.0    1.0 |  720 1616  721 1617 | $_8763#157 (53)
02-07 15:43:39.274  1882  1882 D SurfaceFlinger:        DEVICE |           19443316950393 | 00002100 | RGBA_8888    |    0.0    0.0 1440.0  113.0 |    0    0 1440  113 | StatusBar$_4527#109 (10158)
02-07 15:43:39.274  1882  1882 D SurfaceFlinger:        DEVICE |           21298742821437 | 00002100 | RGBA_8888    |    0.0    0.0   67.0  260.0 |    0  503   67  763 | com.sec.android.app.launcher/com.sam[...]el.app.CocktailBarService$_4959#3964 (1)
02-07 15:43:39.274  1882  1882 D SurfaceFlinger:        DEVICE |           19443316950392 | 00002100 | RGBA_8888    |    0.0    0.0 1440.0  168.0 |    0 2952 1440 3120
02-07 15:43:39.274  1882  1882 D SurfaceFlinger:  | NavigationBar0$_4527#105 (3064)
02-07 15:43:39.274  1882  1882 D SurfaceFlinger: 
02-07 15:43:39.274  1882  1882 I SurfaceFlinger: destroyed Surface(name=6498613 NavigationBar0)/@0xafc3582 - animation-leash of insets_animation#4099 form LifecycleManager
02-07 15:43:39.274  1882  1882 I SurfaceFlinger: destroyed Surface(name=62ac4d4 StatusBar)/@0xbddc491 - animation-leash of insets_animation#4098 form LifecycleManager
02-07 15:43:39.274  1882  1882 I SurfaceFlinger: id=4099 onLayerDestroyed from LayerHierarchyBuilder(RequestedLayerState{Surface(name=6498613 NavigationBar0)/@0xafc3582 - animation-leash of insets_animation#4099 !handle})
02-07 15:43:39.274  1882  1882 I SurfaceFlinger: id=4098 onLayerDestroyed from LayerHierarchyBuilder(RequestedLayerState{Surface(name=62ac4d4 StatusBar)/@0xbddc491 - animation-leash of insets_animation#4098 !handle})
02-07 15:43:39.274  5823  5906 V OsAgent : broadcastSystemEvent - 7
02-07 15:43:39.274  5823  5906 V OsAgent : broadcastSystemEvent - 7
02-07 15:43:39.274  1882  2454 D SurfaceFlinger: [input] setFocusedWindow: 76dd86f com.etrsystems.axisight/com.etrsystems.axisight.UsbCameraActivity
02-07 15:43:39.274  2816  2881 D InputDispatcher: Once focus requested (0): 76dd86f com.etrsystems.axisight/com.etrsystems.axisight.UsbCameraActivity
02-07 15:43:39.274  1882  1882 I Layer   : id=4099 Destroyed Surface(name=6498613 NavigationBar0)/@0xafc3582 - animation-leash of insets_animation#4099
02-07 15:43:39.274  2816  2881 D InputDispatcher: Focus request (0): 76dd86f com.etrsystems.axisight/com.etrsystems.axisight.UsbCameraActivity but waiting because NO_WINDOW
02-07 15:43:39.274  1882  1882 I Layer   : id=4098 Destroyed Surface(name=62ac4d4 StatusBar)/@0xbddc491 - animation-leash of insets_animation#4098
02-07 15:43:39.274  2816  5536 E WindowManager: win=Window{f81b690 u0 com.sec.android.app.launcher/com.sec.android.app.launcher.activities.LauncherActivity} destroySurfaces: appStopped=true cleanupOnResume=false win.mWindowRemovalAllowed=false win.mRemoveOnExit=false win.mViewVisibility=8 caller=com.android.server.wm.ActivityRecord.destroySurfaces:25 com.android.server.wm.ActivityRecord.activityStopped:192 com.android.server.wm.ActivityClientController.activityStopped:97 android.app.IActivityClientController$Stub.onTransact:740 com.android.server.wm.ActivityClientController.onTransact:1 android.os.Binder.execTransactInternal:1462 android.os.Binder.execTransact:1401 
02-07 15:43:39.275  2816  4778 D InputDispatcher: Focus entered window (0): 76dd86f com.etrsystems.axisight/com.etrsystems.axisight.UsbCameraActivity
02-07 15:43:39.275  6305  6305 D VRI[UsbCameraActivity]@c0b22bc: mThreadedRenderer.initializeIfNeeded()#2 mSurface={isValid=true 0xb400007214346d30}
02-07 15:43:39.275  4527  4662 I VRI[axisight]@ed4cd63: mWNT: t=0xb4000072c4421f50 mBlastBufferQueue=0xb4000072a44f5cc0 fn= 3 HdrRenderState mRenderHdrSdrRatio=1.0 caller= android.view.SyncRtSurfaceTransactionApplier.applyTransaction:100 android.view.SyncRtSurfaceTransactionApplier.lambda$scheduleApply$0:73 android.view.SyncRtSurfaceTransactionApplier.$r8$lambda$afI4fXg3U3-nBZQEDQMiNy-B06s:0 
02-07 15:43:39.275  6305  6305 D InputMethodManagerUtils: startInputInner - Id : 0
02-07 15:43:39.275  2816  5367 D FreecessController: BG freezed, skip OLAF unfreeze for (com.sec.android.gallery3d, 10126)
02-07 15:43:39.275  6305  6305 I InputMethodManager: startInputInner - IInputMethodManagerGlobalInvoker.startInputOrWindowGainedFocus
02-07 15:43:39.276  2816  2921 D SGM:FgCheckThread: getForegroundApp(), foregroundPkgName=com.etrsystems.axisight
02-07 15:43:39.276  2816  3591 V InputMethodManagerService: startInputOrWindowGainedFocusInternalLocked: reason=WINDOW_FOCUS_GAIN client=android.os.BinderProxy@137f64d inputContext=null editorInfo=android.view.inputmethod.EditorInfo@9902c6b startInputFlags=VIEW_HAS_FOCUS|INITIAL_CONNECTION softInputMode=STATE_UNSPECIFIED|ADJUST_PAN|IS_FORWARD_NAVIGATION windowFlags=#81810100 unverifiedTargetSdkVersion=34 bindingController=com.android.server.inputmethod.InputMethodBindingController@3acee9 imeDispatcher=android.window.ImeOnBackInvokedDispatcher@5adb3c8 cs=ClientState{c6cac61 mUid=10686 mPid=6305 mSelfReportedDisplayId=0} imeRequestedVisible=false
02-07 15:43:39.276  2816  3591 V InputMethodManagerService: setWindowStateInner, windowToken=android.os.BinderProxy@ab2ef4e, state=ImeTargetWindowState{ imeToken null imeFocusChanged true hasEditorFocused false requestedImeVisible false imeDisplayId 0 softInputModeState STATE_UNSPECIFIED|ADJUST_PAN|IS_FORWARD_NAVIGATION isStartInputByGainFocus true}
02-07 15:43:39.276  2816  3591 V InputMethodManagerService: Unspecified window will hide input
02-07 15:43:39.276  2816  3591 I ImeTracker: com.etrsystems.axisight:dd26a0b: onRequestHide at ORIGIN_SERVER reason HIDE_UNSPECIFIED_WINDOW fromUser false
02-07 15:43:39.276  2816  3591 V InputMethodManagerService: applyImeVisibility state=6
02-07 15:43:39.276  2816  3591 D SemInputMethodManagerServiceUtil: restorePreviousUsedInputMethod : failed to return the previous ime becuase the stored info is null or do not need restore
02-07 15:43:39.276  2816  3591 V InputMethodManagerService: semComputeImeDisplayIdForTarget: displayToShowIme=0
02-07 15:43:39.276  2816  3591 V InputMethodManagerService: unbindCurrentInputLocked: client=android.os.BinderProxy@1c9478c
02-07 15:43:39.276 19353 19353 I bpuk    : onStop
02-07 15:43:39.276  2816  2919 D PkgPredictorService-SecIpmManagerServiceImpl: bg information pid:4959 uid:10151 pkgName:com.sec.android.app.launcher
02-07 15:43:39.276  2816  3591 V InputMethodManagerService: Creating new session for client ClientState{c6cac61 mUid=10686 mPid=6305 mSelfReportedDisplayId=0}
02-07 15:43:39.276  2816  3591 V InputMethodManagerService: Creating new session for client ClientState{c6cac61 mUid=10686 mPid=6305 mSelfReportedDisplayId=0}
02-07 15:43:39.277  2816  3591 D InputTransport: Input channel constructed: 'ClientS', fd=1166
02-07 15:43:39.277  2816  3591 D InputTransport: Input channel constructed: 'ClientS', fd=1179
02-07 15:43:39.277  2816  3591 D InputTransport: Input channel destroyed: 'ClientS', fd=1179
02-07 15:43:39.277  2816  3591 V InputMethodManagerService: Creating new accessibility sessions for client ClientState{c6cac61 mUid=10686 mPid=6305 mSelfReportedDisplayId=0}
02-07 15:43:39.277  7547  7560 D InputTransport: Input channel constructed: 'ClientS', fd=167
02-07 15:43:39.278  2816  2921 D SGM:FgCheckThread: pkgName: com.sec.android.app.launcher is not in foreground
02-07 15:43:39.278  2816  2921 D SGM:FgCheckThread: noteStopComponent(), received pkgName: com.sec.android.app.launcher, focusedPkgName: com.etrsystems.axisight, userId: 0
02-07 15:43:39.278  2816  3754 D BackgroundInstallControlService: Package event received: 0
02-07 15:43:39.278  2816  5536 D InputMethodManagerService: isImeSwitcherDisabledPackage : false
02-07 15:43:39.278  2816  5536 D InputMethodManagerService: shouldShowImeSwitcherLocked : checking vis : 3
02-07 15:43:39.278  2816  5536 V InputMethodManagerService: Disabling: SessionState{uid=10151 pid=4959 method=c39bf14 session=8476da8 channel=ClientState{f839b60 mUid=10151 mPid=4959 mSelfReportedDisplayId=0} userId=0}
02-07 15:43:39.278  2816  5536 V InputMethodManagerService: Enabling: SessionState{uid=10686 pid=6305 method=c39bf14 session=9ce4474 channel=ClientState{c6cac61 mUid=10686 mPid=6305 mSelfReportedDisplayId=0} userId=0}
02-07 15:43:39.278  2816  5536 D InputMethodManagerService: checkDisplayOfStartInputAndUpdateKeyboard: displayId=0, mFocusedDisplayId=0
02-07 15:43:39.278  2816  5536 D InputTransport: Input channel constructed: 'ClientS', fd=1103
02-07 15:43:39.278  2816  5536 D InputTransport: Input channel destroyed: 'ClientS', fd=1103
02-07 15:43:39.279  6305  6305 I InputMethodManager: handleMessage: setImeVisibility visible=false
02-07 15:43:39.279  6305  6305 D InsetsController: hide(ime(), fromIme=false)
02-07 15:43:39.279  6305  6305 I ImeTracker: com.etrsystems.axisight:dd26a0b: onCancelled at PHASE_CLIENT_ALREADY_HIDDEN
02-07 15:43:39.279  6305  6328 D InputTransport: Input channel constructed: 'ClientS', fd=169
02-07 15:43:39.280  2816  2919 D SGM:GameManager: identifyForegroundApp. com.etrsystems.axisight, mCurrentUserId: 0, callerUserId: 0
02-07 15:43:39.280  2816  2919 D SGM:SemGameManager: isForegroundGame(), ret=false
02-07 15:43:39.280  2816  2816 I WALLPAPER_SVC:SemWallpaperManagerService: isHomeActivityVisible : false 
02-07 15:43:39.280  2816  2816 D WALLPAPER_SVC:WallpaperData: getWallpaperFile: file = /data/system/users/0/wallpaper_orig 
02-07 15:43:39.280  2816  2816 D WALLPAPER_SVC:WallpaperData: getWallpaperFile: file = /data/system/users/0/wallpaper_orig 
02-07 15:43:39.280  2816  2816 D WALLPAPER_SVC:WallpaperManagerService: dispatchHomeVisibilityChanged: visible = false, connection = com.android.server.wallpaper.WallpaperManagerService$WallpaperConnection@1c0f76a, systemWallpaper = WallpaperData@9f6081d, id: 29, which: 5, file mod: 0, info: WallpaperInfo{net.zedge.videowp.service.VideoWpService, settings: null}, engine(s): Proxy@f0d46ba, type = 7, userId = 0, uri= null, allowBackup= true, wallpaperComponent = ComponentInfo{net.zedge.android/net.zedge.videowp.service.VideoWpService}, nextWallpaperComponent = ComponentInfo{net.zedge.android/net.zedge.videowp.service.VideoWpService} 
02-07 15:43:39.280  2816  2919 D SGM:GameManager: identifyForegroundApp. com.etrsystems.axisight, mCurrentUserId: 0, callerUserId: 0
02-07 15:43:39.280  2816  2919 D SGM:SemGameManager: isForegroundGame(), ret=false
02-07 15:43:39.282  1882  1882 I SurfaceFlinger: [LayerHierarchy{RequestedLayerState{com.sec.android.app.launcher/com.sec.android.app.launcher.activities.LauncherActivity$_4959#4084} no children}] reparent to OffscreenRoot
02-07 15:43:39.282  1882  1882 I SurfaceFlinger: [LayerHierarchy{RequestedLayerState{com.sec.android.app.launcher/com.sec.android.app.launcher.activities.LauncherActivity$_4959#4084} no children}] RelativeParent to null
02-07 15:43:39.282  1882  1882 I SurfaceFlinger: id=4084 Removed com.sec.android.app.launcher/com.sec.android.app.launcher.activities.LauncherActivity$_4959#4084 (138)
02-07 15:43:39.283  4527  4663 I VRI[axisight]@ed4cd63: mWNT: t=0xb4000072c4403710 mBlastBufferQueue=0xb4000072a44f5cc0 fn= 4 HdrRenderState mRenderHdrSdrRatio=1.0 caller= android.view.SyncRtSurfaceTransactionApplier.applyTransaction:100 android.view.SyncRtSurfaceTransactionApplier.lambda$scheduleApply$0:73 android.view.SyncRtSurfaceTransactionApplier.$r8$lambda$afI4fXg3U3-nBZQEDQMiNy-B06s:0 
02-07 15:43:39.283  6305  6339 D CompatChangeReporter: Compat change id reported: 253665015; UID 10686; state: ENABLED
02-07 15:43:39.283  2816  4778 D CompatChangeReporter: Compat change id reported: 271850009; UID 10686; state: ENABLED
02-07 15:43:39.283  2816  4778 D CompatChangeReporter: Compat change id reported: 253665015; UID 10686; state: ENABLED
02-07 15:43:39.284  7547  7547 I GoogleInputMethodService: GoogleInputMethodService.onFinishInput():2099 
02-07 15:43:39.284  7547  7547 I Module  : DeviceLockedStatusModuleProvider$Module.updateDeviceLockedStatus():103 repeatCheckTimes = 0, locked = false
02-07 15:43:39.284  2816  4778 D RestrictionPolicy: isScreenCaptureEnabled : ret=true userId=0
02-07 15:43:39.284  7547  7547 D InputMethodService: unregisterCompatOnBackInvokedCallback return because registered : false
02-07 15:43:39.284  7547  7547 D InputMethodService: updateClientDisplayId: displayId=0, mClientDisplayId=0
02-07 15:43:39.284  7547  7547 I GoogleInputMethodService: GoogleInputMethodService.onStartInput():1371 onStartInput(EditorInfo{EditorInfo{packageName=com.etrsystems.axisight, inputType=0, inputTypeString=NULL, enableLearning=false, autoCorrection=false, autoComplete=false, imeOptions=0, privateImeOptions=null, actionName=UNSPECIFIED, actionLabel=null, initialSelStart=-1, initialSelEnd=-1, initialCapsMode=0, label=null, fieldId=0, fieldName=null, extras=Bundle[{appShowRequested=false, isTextEditor=false, displayId=0}], hintText=null, hintLocales=[]}}, false)
02-07 15:43:39.284  2816  4778 I WindowManager: Cancelling animation restarting=true, leash=Surface(name=Surface(name=1782a4e InputMethod)/@0x8f45c7c - animation-leash of insets_animation)/@0xb23f092
02-07 15:43:39.284  2816  4778 I WindowManager: Reparenting to original parent: Surface(name=WindowToken{c250f5d type=2011 android.os.Binder@c661534})/@0x8215905, destroy=false, surface=Surface(name=1782a4e InputMethod)/@0x8f45c7c
02-07 15:43:39.284  2816  4778 I WindowManager: Reparenting to leash, surface=Surface(name=1782a4e InputMethod)/@0x8f45c7c, leashParent=Surface(name=WindowToken{c250f5d type=2011 android.os.Binder@c661534})/@0x8215905
02-07 15:43:39.284  1882  5279 I SurfaceFlinger: id=4106 createSurf, flag=24004, Surface(name=1782a4e InputMethod)/@0x8f45c7c - animation-leash of insets_animation#4106
02-07 15:43:39.284  7547  7547 I Module  : DeviceLockedStatusModuleProvider$Module.updateDeviceLockedStatus():103 repeatCheckTimes = 1, locked = false
02-07 15:43:39.284  2816  4778 D WindowManager: makeSurface duration=0 leash=Surface(name=Surface(name=1782a4e InputMethod)/@0x8f45c7c - animation-leash of insets_animation)/@0x58699
02-07 15:43:39.285  2816  4778 D InsetsSourceProvider: updateControlForTarget: control=InsetsSourceControl: {3 mType=ime mSurfacePosition=Point(0, 113) mInsetsHint=Insets{left=0, top=0, right=0, bottom=924}}, target=Window{76dd86f u0 com.etrsystems.axisight/com.etrsystems.axisight.UsbCameraActivity}, from=com.android.server.wm.ImeInsetsSourceProvider.updateControlForTarget:17 com.android.server.wm.InsetsStateController.onControlTargetChanged:83 com.android.server.wm.DisplayContent.updateImeControlTarget:21 com.android.server.wm.DisplayContent.updateImeInputAndControlTarget:156 com.android.server.wm.WindowManagerService$LocalService.updateInputMethodTargetWindow:64 
02-07 15:43:39.285  2816  4778 I ImeTracker: system_server:7d9c9247: onRequestHide at ORIGIN_SERVER reason IME_REQUESTED_CHANGED_LISTENER fromUser false
02-07 15:43:39.285  4313  5606 I NetworkScheduler: (REDACTED) Error inserting %s
02-07 15:43:39.285  2816  3703 W PackageConfigPersister: App-specific configuration not found for packageName: com.etrsystems.axisight and userId: 0
02-07 15:43:39.285  2816  2922 D SurfaceComposerClient: setCornerRadius ## 108cea9 Splash Screen com.etrsystems.axisight#4095 cornerRadius=0.000000
02-07 15:43:39.285  2816  2922 D SurfaceComposerClient: setCornerRadius ## 76dd86f com.etrsystems.axisight/com.etrsystems.axisight.UsbCameraActivity#4101 cornerRadius=0.000000
02-07 15:43:39.285  2816  2921 V InputMethodManagerService: Client requesting input be hidden
02-07 15:43:39.285  2816  2921 V InputMethodManagerService: setWindowStateInner, windowToken=android.os.BinderProxy@ab2ef4e, state=ImeTargetWindowState{ imeToken android.os.Binder@7ea553f imeFocusChanged true hasEditorFocused false requestedImeVisible false imeDisplayId 0 softInputModeState STATE_UNSPECIFIED|ADJUST_PAN|IS_FORWARD_NAVIGATION isStartInputByGainFocus true}
02-07 15:43:39.285  2816  2921 I ImeTracker: system_server:7d9c9247: onCancelled at PHASE_SERVER_SHOULD_HIDE
02-07 15:43:39.285  2816  2921 V InputMethodManagerService: hideCurrentInputLocked : canceled, shouldHideSoftInput=false, mInputShown=false, mImeWindowVis=0
02-07 15:43:39.285  2816  2922 D SurfaceComposerClient: setCornerRadius ## 108cea9 Splash Screen com.etrsystems.axisight#4095 cornerRadius=0.000000
02-07 15:43:39.285  2816  2922 D SurfaceComposerClient: setCornerRadius ## 76dd86f com.etrsystems.axisight/com.etrsystems.axisight.UsbCameraActivity#4101 cornerRadius=0.000000
02-07 15:43:39.286  2816  5367 D FreecessController: BG freezed, skip OLAF unfreeze for (com.samsung.android.game.gamehome, 10331)
02-07 15:43:39.286  2816  5367 D FreecessController: BG freezed, skip OLAF unfreeze for (com.att.myWireless, 10332)
02-07 15:43:39.288  2816  5367 D FreecessController: BG freezed, skip OLAF unfreeze for (com.facebook.katana, 10353)
02-07 15:43:39.288 25318 25326 I SAMSUNGWALLET: [Hint_ProcessStatusChange] fg Change, pid : 6305 , isNotify : false , isForeground : true , fg list : []
02-07 15:43:39.288 25318 25327 I SAMSUNGWALLET: [Hint_ProcessStatusChange] fg Change, pid : 6305 , isNotify : true , isForeground : true , fg list : []
02-07 15:43:39.288 25318 25325 I SAMSUNGWALLET: [Hint_ProcessStatusChange] fg Change, pid : 6305 , isNotify : false , isForeground : true , fg list : []
02-07 15:43:39.289 25318 25326 I SAMSUNGWALLET[US]: [ProcessStatusChange] fg Change, pid : 6305 , isNotify : true , isForeground : true , fg list : [6305, 4959]
02-07 15:43:39.289 25318 25325 I SAMSUNGWALLET[US]: [ProcessStatusChange] fg Change, pid : 6305 , isNotify : false , isForeground : true , fg list : [6305, 4959]
02-07 15:43:39.289 25318 25327 I SAMSUNGWALLET[US]: [ProcessStatusChange] fg Change, pid : 6305 , isNotify : false , isForeground : true , fg list : [6305, 4959]
02-07 15:43:39.289 25318 25438 I SAMSUNGWALLET: [Hint_ProcessStatusChange] fg Change, pid : 4959 , isNotify : false , isForeground : false , fg list : []
02-07 15:43:39.289 25318 25438 I SAMSUNGWALLET[US]: [ProcessStatusChange] fg Change, pid : 4959 , isNotify : true , isForeground : false , fg list : [6305]
02-07 15:43:39.289  2816  5367 D FreecessController: BG freezed, skip OLAF unfreeze for (com.microsoft.office.outlook, 10355)
02-07 15:43:39.289 25318 25325 I SAMSUNGWALLET: [Hint_ProcessStatusChange] fg Change, pid : 4959 , isNotify : true , isForeground : false , fg list : []
02-07 15:43:39.289  2816  5367 D FreecessController: BG freezed, skip OLAF unfreeze for (com.google.android.contactkeys, 10368)
02-07 15:43:39.289 25318 25325 I SAMSUNGWALLET[US]: [ProcessStatusChange] fg Change, pid : 4959 , isNotify : false , isForeground : false , fg list : [6305]
02-07 15:43:39.289 25318 25685 I SAMSUNGWALLET[US]: [ProcessMonitor] App went to background.
02-07 15:43:39.289  2816  5367 D FreecessController: BG freezed, skip OLAF unfreeze for (com.dd.doordash, 10410)
02-07 15:43:39.289  2816  5367 D FreecessController: BG freezed, skip OLAF unfreeze for (com.geico.mobile, 10425)
02-07 15:43:39.289  2816  5367 D FreecessController: BG freezed, skip OLAF unfreeze for (com.google.android.apps.nbu.files, 10434)
02-07 15:43:39.289  2816  5367 D FreecessController: BG freezed, skip OLAF unfreeze for (com.samsung.android.edgelightingplus, 10510)
02-07 15:43:39.289  2816  5367 D FreecessController: BG freezed, skip OLAF unfreeze for (com.smartthings.android, 10528)
02-07 15:43:39.289  2816  5367 D FreecessController: BG freezed, skip OLAF unfreeze for (pl.solidexplorer2, 10589)
02-07 15:43:39.290  2816  5367 D FreecessController: BG freezed, skip OLAF unfreeze for (com.samsung.android.app.edgetouch, 10600)
02-07 15:43:39.290  2816  5367 D FreecessController: BG freezed, skip OLAF unfreeze for (com.samsung.android.multistar, 10601)
02-07 15:43:39.290  2816  5367 D FreecessController: BG freezed, skip OLAF unfreeze for (com.walmart.android, 10604)
02-07 15:43:39.290  2816  5367 D FreecessController: BG freezed, skip OLAF unfreeze for (com.zhiliaoapp.musically, 10610)
02-07 15:43:39.290  1882  1882 I SurfaceFlinger: RequestedLayer [Surface(name=1782a4e InputMethod)/@0[...]ation-leash of insets_animation#4106] hidden!! flag  from(1) --> to(0)
02-07 15:43:39.290  1882  1882 E SurfaceFlinger: alpha changed 1.000 -> 0.000 - Surface(name=1782a4e InputMethod)/@0x8f45c7c - animation-leash of insets_animation#4106
02-07 15:43:39.290  1882  1882 I SurfaceFlinger: destroyed com.sec.android.app.launcher/com.sec.android.app.launcher.activities.LauncherActivity$_4959#4084 form LifecycleManager
02-07 15:43:39.290  1882  1882 I SurfaceFlinger: [LayerHierarchy{RequestedLayerState{ImeContainer#15 parentId=4094 relativeParentId=4094 z=3} 1 children}] reparent to LayerHierarchy{RequestedLayerState{ActivityRecord{2597437 u0 com.etrsystems.axisight/.UsbCameraActivity t3332}#4094 parentId=4093} 4 children}
02-07 15:43:39.290  1882  1882 I SurfaceFlinger: [LayerHierarchy{RequestedLayerState{ImeContainer#15 parentId=4094 relativeParentId=4094 z=3} 1 children}] RelativeParent to null
02-07 15:43:39.290  1882  1882 I SurfaceFlinger: [LayerHierarchy{RequestedLayerState{1782a4e InputMethod#134 parentId=4106} no children}] reparent to LayerHierarchy{RequestedLayerState{Surface(name=1782a4e InputMethod)/@0x8f45c7c - animation-leash of insets_animation#4106 parentId=132} 1 children}
02-07 15:43:39.290  1882  1882 I SurfaceFlinger: [LayerHierarchy{RequestedLayerState{Surface(name=1782a4e InputMethod)/@0x8f45c7c - animation-leash of insets_animation#4091} no children}] reparent to OffscreenRoot
02-07 15:43:39.290  1882  1882 I SurfaceFlinger: [LayerHierarchy{RequestedLayerState{Surface(name=1782a4e InputMethod)/@0x8f45c7c - animation-leash of insets_animation#4091} no children}] RelativeParent to null
02-07 15:43:39.290  1882  1882 I SurfaceFlinger: [Surface(name=1782a4e InputMethod)/@0x8f45c7c - animation-leash of insets_animation#4106] attach to parent LayerHierarchy{RequestedLayerState{WindowToken{c250f5d type=2011 android.os.Binder@c661534}#132 parentId=15} 1 children}
02-07 15:43:39.290  1882  1882 I SurfaceFlinger: id=4084 onLayerDestroyed from LayerHierarchyBuilder(RequestedLayerState{com.sec.android.app.launcher/com.sec.android.app.launcher.activities.LauncherActivity$_4959#4084 !handle})
02-07 15:43:39.291 25318 25685 I SAMSUNGWALLET[US]: [ProcessMonitor] App went to background.
02-07 15:43:39.291  1882  1882 I Layer   : id=4084 Destroyed com.sec.android.app.launcher/com.sec.android.app.launcher.activities.LauncherActivity$_4959#4084
02-07 15:43:39.291  1882  2741 I SurfaceFlinger: id=4091 Removed Surface(name=1782a4e InputMethod)/@0x8f45c7c - animation-leash of insets_animation#4091 (138)
02-07 15:43:39.291 25318 26059 I SAMSUNGWALLET: [Hint_ProcessStatusChange] fg Change, pid : 4959 , isNotify : false , isForeground : false , fg list : []
02-07 15:43:39.291  2182  2475 I CameraService: onUidStateChanged: uid=10046, procState is changed. (1 -> 0)
02-07 15:43:39.291 25318 26059 I SAMSUNGWALLET[US]: [ProcessStatusChange] fg Change, pid : 4959 , isNotify : false , isForeground : false , fg list : [6305]
02-07 15:43:39.292  2182  2475 W IPCThreadState: Sending oneway calls to frozen process.
02-07 15:43:39.292 25318 25452 I SAMSUNGWALLET: [Hint_SimpleHintProcessMonitor] isHomePackageRunning topPkgName = com.etrsystems.axisight, topClsName = com.etrsystems.axisight.UsbCameraActivity, return false , se : false
02-07 15:43:39.292 25318 25318 I SAMSUNGWALLET: [Hint_PayHintService] Hint Status - already invisible, skip hide : [4000000] - Home Package Not Running
02-07 15:43:39.292  7547  7547 I InputMethodService: scheduleImeSurfaceRemoval: removeImeSurface is posted.
02-07 15:43:39.293 25318 25452 I SAMSUNGWALLET: [Hint_SimpleHintProcessMonitor] isHomePackageRunning topPkgName = com.etrsystems.axisight, topClsName = com.etrsystems.axisight.UsbCameraActivity, return false , se : false
02-07 15:43:39.293 25318 25318 I SAMSUNGWALLET: [Hint_PayHintService] Hint Status - already invisible, skip hide : [4000000] - Home Package Not Running
02-07 15:43:39.294  2816  5367 D FreecessController: restrictJobsByOlaf: restrict=false, uid=-1
02-07 15:43:39.294  2816  5367 I NSLocationMonitor: getGPSUsingApps() called
02-07 15:43:39.294  5369  5392 I NSLocationManager_FLP: getGPSUsingApps, No change
02-07 15:43:39.294  2816  2816 D OlafRestriction:  olaf state update: state=false
02-07 15:43:39.294  2816  2816 D OlafRestriction:  sending trigger onRestrictionStateChanged msg.
02-07 15:43:39.295  2816  5367 D MARs:ActiveTrafficFilter: filter : com.google.android.apps.tachyon(0)
02-07 15:43:39.295  2816  5367 D FreecessHandler: freeze com.google.android.apps.tachyon(10275) result : 8
02-07 15:43:39.295  2816  5367 I NSLocationMonitor: getGPSUsingApps() called
02-07 15:43:39.295  5369  5392 I NSLocationManager_FLP: getGPSUsingApps, No change
02-07 15:43:39.295  2816  5367 D MARs:ActiveTrafficFilter: filter : com.google.android.apps.photos(0)
02-07 15:43:39.295  2816  3501 I JobScheduler: maybeQueueReadyJobsForExecutionLocked: [BatchNetworkJob] 1 batched network jobs meet requirement for 109
02-07 15:43:39.295  2816  5367 D FreecessHandler: freeze com.google.android.apps.photos(10276) result : 8
02-07 15:43:39.295  2816  5367 I NSLocationMonitor: getGPSUsingApps() called
02-07 15:43:39.295  5369  5392 I NSLocationManager_FLP: getGPSUsingApps, No change
02-07 15:43:39.296  2816  5367 D MARs:ActiveTrafficFilter: filter : com.google.android.youtube(0)
02-07 15:43:39.296  2816  5367 D FreecessHandler: freeze com.google.android.youtube(10288) result : 8
02-07 15:43:39.296  2816  5367 I NSLocationMonitor: getGPSUsingApps() called
02-07 15:43:39.296  5369  5392 I NSLocationManager_FLP: getGPSUsingApps, No change
02-07 15:43:39.296  2816  3501 I ActivityManager: Changes in 10458 19 to 8, 0 to 128
02-07 15:43:39.297  2816  5367 D MARs:ActiveTrafficFilter: filter : com.adobe.reader(0)
02-07 15:43:39.297  2816  5367 D FreecessHandler: freeze com.adobe.reader(10383) result : 8
02-07 15:43:39.297  2816  5367 I NSLocationMonitor: getGPSUsingApps() called
02-07 15:43:39.297  5369  5392 I NSLocationManager_FLP: getGPSUsingApps, No change
02-07 15:43:39.297  2816  3703 I WindowManager: Relayout Window{108cea9 u0 Splash Screen com.etrsystems.axisight}: viewVisibility=8 req=1440x3120 ty=3 d0
02-07 15:43:39.297  2816  5367 D MARs:ActiveTrafficFilter: filter : com.samsung.android.ptts.enus(0)
02-07 15:43:39.297  2816  5367 D FreecessHandler: freeze com.samsung.android.ptts.enus(10516) result : 8
02-07 15:43:39.298  2816  5367 I NSLocationMonitor: getGPSUsingApps() called
02-07 15:43:39.298  5369  5392 I NSLocationManager_FLP: getGPSUsingApps, No change
02-07 15:43:39.298  2816  3703 D SurfaceComposerClient: setCornerRadius ## 76dd86f com.etrsystems.axisight/com.etrsystems.axisight.UsbCameraActivity#4101 cornerRadius=0.000000
02-07 15:43:39.298  2816  3703 D SurfaceComposerClient: setCornerRadius ## 108cea9 Splash Screen com.etrsystems.axisight#4095 cornerRadius=0.000000
02-07 15:43:39.298  2816  3703 D SurfaceComposerClient: setCornerRadius ## 76dd86f com.etrsystems.axisight/com.etrsystems.axisight.UsbCameraActivity#4101 cornerRadius=0.000000
02-07 15:43:39.298  4527  4527 D SystemUIService: SYSUI_RAM_OPTIMIZATION onTrimMemory=20
02-07 15:43:39.298  4527  4527 D CentralSurfaces: SYSUI_RAM_OPTIMIZATION onTrimMemory=20
02-07 15:43:39.298  2816  3703 I WindowManager: Relayout hash=108cea9, pid=4527, syncId=-1: mAttrs={(0,0)(fillxfill) sim={adjust=pan} ty=APPLICATION_STARTING fmt=TRANSLUCENT wanim=0x1030317
02-07 15:43:39.298  2816  3703 I WindowManager:   fl=81030118
02-07 15:43:39.298  2816  3703 I WindowManager:   pfl=10000010
02-07 15:43:39.298  2816  3703 I WindowManager:   apr=18
02-07 15:43:39.298  2816  3703 I WindowManager:   bhv=1
02-07 15:43:39.298  2816  3703 I WindowManager:   fitSides=0
02-07 15:43:39.298  2816  3703 I WindowManager:   frameRateBoostOnTouch=true
02-07 15:43:39.298  2816  3703 I WindowManager:   dvrrWindowFrameRateHint=true naviIconColor=0}
02-07 15:43:39.298  4527  4664 D HWUI    : CacheManager::trimMemory(20)
02-07 15:43:39.298  2816  5367 D MARs:ActiveTrafficFilter: filter : org.adblockplus.adblockplussbrowser(0)
02-07 15:43:39.298  4527  4637 I VRI[axisight]@ed4cd63: onActiveControlsChanged, removed=false, mAdded=true, caller=android.view.ViewRootImpl.handleInsetsControlChanged:3002 android.view.ViewRootImpl.relayoutWindow:11629 android.view.ViewRootImpl.performTraversals:4804 android.view.ViewRootImpl.doTraversal:3924 android.view.ViewRootImpl$TraversalRunnable.run:12903 
02-07 15:43:39.298  2816  5367 D FreecessHandler: freeze org.adblockplus.adblockplussbrowser(10579) result : 8
02-07 15:43:39.298  4527  4637 I VRI[axisight]@ed4cd63: Relayout returned: old=(0,0,1440,3120) new=(0,0,1440,3120) relayoutAsync=false req=(1440,3120)8 dur=1 res=0x2 s={false 0x0} ch=true seqId=0
02-07 15:43:39.298  4527  4637 D VRI[axisight]@ed4cd63: Not drawing due to not visible. Reason=View.GONE
02-07 15:43:39.299  4527  4637 W WindowOnBackDispatcher: sendCancelIfRunning: isInProgress=false callback=android.view.ViewRootImpl$$ExternalSyntheticLambda16@c9c60f9
02-07 15:43:39.299  4527  4637 I VRI[axisight]@ed4cd63: dispatchDetachedFromWindow
02-07 15:43:39.299  2816  3703 D CoreBackPreview: Window{108cea9 u0 Splash Screen com.etrsystems.axisight}: Setting back callback null
02-07 15:43:39.299  2816  4778 D WindowManager: Starting window removed Window{108cea9 u0 Splash Screen com.etrsystems.axisight}
02-07 15:43:39.299  2816  4778 I WindowManager: Cancelling animation restarting=false, leash=Surface(name=Surface(name=76dd86f com.etrsystems.axisight/com.etrsystems.axisight.UsbCameraActivity)/@0x47aae7b - animation-leash of starting_reveal)/@0x6f9a4f1
02-07 15:43:39.299  2816  4778 I WindowManager: Reparenting to original parent: Surface(name=ActivityRecord{2597437 u0 com.etrsystems.axisight/.UsbCameraActivity t3332})/@0x787f498, destroy=false, surface=Surface(name=76dd86f com.etrsystems.axisight/com.etrsystems.axisight.UsbCameraActivity)/@0x47aae7b
02-07 15:43:39.299  1882  1882 I SurfaceFlinger: destroyed Surface(name=1782a4e InputMethod)/@0x8f45c7c - animation-leash of insets_animation#4091 form LifecycleManager
02-07 15:43:39.299  1882  1882 I SurfaceFlinger: id=4091 onLayerDestroyed from LayerHierarchyBuilder(RequestedLayerState{Surface(name=1782a4e InputMethod)/@0x8f45c7c - animation-leash of insets_animation#4091 !handle})
02-07 15:43:39.299  2816  4778 D InputTransport: Input channel destroyed: '108cea9', fd=1321
02-07 15:43:39.299  2816  4778 V WindowManager: Remove Window{108cea9 u0 Splash Screen com.etrsystems.axisight}: mSurfaceControl=Surface(name=Splash Screen com.etrsystems.axisight$_4527)/@0xffd5510 mAnimatingExit=false mRemoveOnExit=false mHasSurface=true surfaceShowing=true animating=false app-animation=false callers=com.android.server.wm.Session.remove:16 android.view.IWindowSession$Stub.onTransact:804 com.android.server.wm.Session.onTransact:1 android.os.Binder.execTransactInternal:1462 android.os.Binder.execTransact:1401 <bottom of call stack> 
02-07 15:43:39.299  1882  1882 I Layer   : id=4091 Destroyed Surface(name=1782a4e InputMethod)/@0x8f45c7c - animation-leash of insets_animation#4091
02-07 15:43:39.299  2816  4778 D SurfaceComposerClient: setCornerRadius ## 76dd86f com.etrsystems.axisight/com.etrsystems.axisight.UsbCameraActivity#4101 cornerRadius=0.000000
02-07 15:43:39.299  2816  4778 D SurfaceComposerClient: setCornerRadius ## 76dd86f com.etrsystems.axisight/com.etrsystems.axisight.UsbCameraActivity#4101 cornerRadius=0.000000
02-07 15:43:39.299  2816  2922 D SurfaceComposerClient: setCornerRadius ## 76dd86f com.etrsystems.axisight/com.etrsystems.axisight.UsbCameraActivity#4101 cornerRadius=0.000000
02-07 15:43:39.299  4527  4637 D InputTransport: Input channel destroyed: '108cea9', fd=544
02-07 15:43:39.301  2816  3694 D DisplayAiqeManager: getContentMode : start
02-07 15:43:39.301  2816  3694 D DisplayAiqeManagerService: getContentMode : start
02-07 15:43:39.301  2816  3694 D DisplayAiqeAidl: getContentMode : UI
02-07 15:43:39.301  2816  3694 D DisplayAiqeManagerService: getContentMode : mode - UI
02-07 15:43:39.301  2816  3694 D DisplayAiqeManager: getContentMode : mode - UI
02-07 15:43:39.301  2816  3694 V MdnieScenarioControlService: mAclOffEnabled : false
02-07 15:43:39.306  1882  1882 I SurfaceFlinger: [Display 0 name="Built-in Screen"#49] setFrameRateCategory: Default
02-07 15:43:39.307  1882  1882 I SurfaceFlinger: [LayerHierarchy{RequestedLayerState{ImeContainer#15 parentId=4094 relativeParentId=4101 z=1} 1 children}] RelativeParent to LayerHierarchy{RequestedLayerState{76dd86f com.etrsystems.axisight/com.etrsystems.axisight.UsbCameraActivity#4101 parentId=4094} 2 children}
02-07 15:43:39.307  1882  1882 I SurfaceFlinger: [LayerHierarchy{RequestedLayerState{Surface(name=76dd86f com.etrsystems.axisight/com.etrsystems.axisight.UsbCameraActivity)/@0x47aae7b - animation-leash of starting_reveal#4105} 1 children}] reparent to OffscreenRoot
02-07 15:43:39.307  1882  1882 I SurfaceFlinger: [LayerHierarchy{RequestedLayerState{Surface(name=76dd86f com.etrsystems.axisight/com.etrsystems.axisight.UsbCameraActivity)/@0x47aae7b - animation-leash of starting_reveal#4105} 1 children}] RelativeParent to null
02-07 15:43:39.307  1882  1882 I SurfaceFlinger: [LayerHierarchy{RequestedLayerState{108cea9 Splash Screen com.etrsystems.axisight#4095 z=2147483647} 1 children}] reparent to OffscreenRoot
02-07 15:43:39.307  1882  1882 I SurfaceFlinger: [LayerHierarchy{RequestedLayerState{108cea9 Splash Screen com.etrsystems.axisight#4095 z=2147483647} 1 children}] RelativeParent to null
