02-07 15:43:41.395  4527  4621 V WindowManagerShell: Transition requested (#200): android.os.BinderProxy@2587094 TransitionRequestInfo { type = CLOSE, triggerTask = TaskInfo{userId=0 taskId=3332 effectiveUid=10686 displayId=0 isRunning=false baseIntent=Intent { flg=0x10000000 cmp=com.etrsystems.axisight/.UsbCameraActivity } baseActivity=null topActivity=null origActivity=null realActivity=ComponentInfo{com.etrsystems.axisight/com.etrsystems.axisight.UsbCameraActivity} numActivities=0 lastActiveTime=45569728 supportsMultiWindow=true resizeMode=1 isResizeable=true minWidth=-1 minHeight=-1 maxWidth=-1 maxHeight=-1 defaultMinSize=220 desktopDefaultMinSize=304 token=WCT{android.window.IWindowContainerToken$Stub$Proxy@86d373d} topActivityType=1 pictureInPictureParams=null shouldDockBigOverlays=false launchIntoPipHostTaskId=-1 lastParentTaskIdBeforePip=-1 displayCutoutSafeInsets=Rect(0, 0 - 0, 0) topActivityInfo=null launchCookies=[] positionInParent=Point(0, 0) parentTaskId=-1 isFocused=true isVisible=true isVisibleRequested=true isTopActivityNoDisplay=false isSleeping=false locusId=null displayAreaFeatureId=1 isTopActivityTransparent=false isActivityStackTransparent=true lastNonFullscreenBounds=Rect(108, 836 - 1332, 2396) capturedLink=null capturedLinkTimestamp=0 requestedVisibleTypes=-9 topActivityRequestOpenInBrowserEducationTimestamp=0 appCompatTaskInfo=AppCompatTaskInfo { topActivityInSizeCompat=false eligibleForLetterboxEducation= false isLetterboxEducationEnabled= false isLetterboxDoubleTapEnabled= false eligibleForUserAspectRatioButton= false topActivityBoundsLetterboxed= false isFromLetterboxDoubleTap= false topActivityLetterboxVerticalPosition= -1 topActivityLetterboxHorizontalPosition= -1 topActivityLetterboxWidth=-1 topActivityLetterboxHeight=-1 topActivityAppBounds=Rect(0, 0 - 0, 0) isUserFullscreenOverrideEnabled=false isSystemFullscreenOverrideEnabled=false hasMinAspectRatioOverride=false topActivityLetterboxBounds=null cameraCompatTaskInfo=CameraCompatTaskInfo { freeformCameraCompatMode=undefined} topActivityBounds=null topActivityInDisplayCompat=false singleTapFromLetterbox=false} topActivityMainWindowFrame=null originallySupportedMultiWindow=true hasWallpaper=false rootAffinity=10686:com.etrsystems.axisight isTopTaskInStage=false CoverLauncherWidgetTask=false LaunchedFromAppsCoverLauncherTask=false LaunchedFromMultistarCoverLauncherTask=false isAllowedSeamlessRotation=false isTopTransparentActivity=false isAliasManaged=false hasConfigChanged=false snappingGuideBounds=null isAiKeyRemoveAppTask=false lastDesktopWindowingBounds=null lastExternalDesktopWindowingBounds=null safeCutoutInsets=null}, pipChange = null, remoteTransition = null, displayChange = null, flags = 0, debugId = 200 }
02-07 15:43:41.395  4527  4621 V ShellDesktopMode: DesktopTasksController: isDesktopModeShowing: hasVisibleTasks=false hasTopTransparentFullscreenTask=false
02-07 15:43:41.395  4527  4621 V ShellDesktopMode: DesktopTasksController: isDesktopModeShowing: hasVisibleTasks=false hasTopTransparentFullscreenTask=false
02-07 15:43:41.395  4527  4621 D ShellDesktopMode: handleRequest: TransitionRequestInfo {type=2, tid=3332, debugId=200}
02-07 15:43:41.395  4527  4621 V ShellDesktopMode: DesktopTasksController: skipping handleRequest reason=transition type not handled (2)
02-07 15:43:41.398  1882  2393 I CompositionEngine: [setDisplaySize] size=(214, 53)
02-07 15:43:41.398  2816  4778 V WindowManager: Starting Transition 200, caller=com.android.server.wm.WindowOrganizerController.startTransition:47 com.android.server.wm.WindowOrganizerController.startTransition:1 android.window.IWindowOrganizerController$Stub.onTransact:259 
02-07 15:43:41.399  2816  3703 I SemDvfsHyPerManager: acquire hyper - AMS_APP_HOME/2816@34, type = -999
02-07 15:43:41.400  2816  3703 D ActivityManagerPerformance: AMP_acquire() HOME
02-07 15:43:41.400  2816  3703 V WindowManager: Collecting in transition 200: ActivityRecord{5656179 u0 com.sec.android.app.launcher/.activities.LauncherActivity t8}, caller=com.android.server.wm.TransitionController.collect:7 com.android.server.wm.ActivityRecord.setVisibility:132 com.android.server.wm.TaskFragment.resumeTopActivity:1662 com.android.server.wm.Task.resumeTopActivityInnerLocked:119 com.android.server.wm.Task.resumeTopActivityUncheckedLocked:23 
02-07 15:43:41.400  2816  3703 D WindowManager: prepareSync <SYNC_STATE_WAITING_FOR_DRAW>, mPrepareSyncSeqId=0, win=Window{f81b690 u0 com.sec.android.app.launcher/com.sec.android.app.launcher.activities.LauncherActivity}
02-07 15:43:41.400  2816  3703 V WindowManager: Setting visibility of Window{f81b690 u0 com.sec.android.app.launcher/com.sec.android.app.launcher.activities.LauncherActivity}: true, caller=com.android.server.wm.WindowContainer.sendAppVisibilityToClients:19 com.android.server.wm.WindowToken.setClientVisible:48 com.android.server.wm.ActivityRecord.setVisibility:486 com.android.server.wm.TaskFragment.resumeTopActivity:1662 com.android.server.wm.Task.resumeTopActivityInnerLocked:119 
02-07 15:43:41.400  2816  3703 D SGM:FgCheckThread: TaskStackListener.onTaskFocusChanged(), taskId=3332, focused=false
02-07 15:43:41.400  2816  3703 D SGM:FgCheckThread: TaskStackListener.onTaskFocusChanged(), taskId=8, focused=true
02-07 15:43:41.400  4959  4959 I VRI[LauncherActivity]@1497778: handleAppVisibility mAppVisible = false visible = true
02-07 15:43:41.400  2816  3703 D SGM:FgCheckThread:   sendRunningComponentFocus(), pkgName: com.sec.android.app.launcher, userId: 0
02-07 15:43:41.400  2816  3707 D AS.MultiSoundManager: mForegroundUid = 10151
02-07 15:43:41.400  2816  3703 D InputDispatcher: Focused application(0): ActivityRecord{5656179 u0 com.sec.android.app.launcher/.activities.LauncherActivity t8}
02-07 15:43:41.400  2816  2921 D SGM:FgCheckThread: notePauseComponent(), received pkgName: com.etrsystems.axisight, userId: 0
02-07 15:43:41.400  2816  3740 I CocktailBarManagerServiceContainer: handleMessage: entry what = 6
02-07 15:43:41.401  2816  3703 D WindowManager: Changing focus from Window{76dd86f u0 com.etrsystems.axisight/com.etrsystems.axisight.UsbCameraActivity} to null displayId=0 Callers=com.android.server.wm.ActivityTaskManagerService.setLastResumedActivityUncheckLocked:264 com.android.server.wm.ActivityTaskSupervisor.updateTopResumedActivityIfNeeded:51 com.android.server.wm.TaskFragment.setResumedActivity:30 com.android.server.wm.ActivityRecord.setState:100 
02-07 15:43:41.401  2816  3703 V SystemKeyManager: updateFocusedWindow() is called, 
02-07 15:43:41.401  2816  3703 D ActivityTaskManager: scheduleTopResumedActivityChanged, onTop=true, r=ActivityRecord{5656179 u0 com.sec.android.app.launcher/.activities.LauncherActivity t8}, caller=com.android.server.wm.ActivityTaskSupervisor.scheduleTopResumedActivityStateIfNeeded:18 com.android.server.wm.ActivityTaskSupervisor.updateTopResumedActivityIfNeeded:54 com.android.server.wm.TaskFragment.setResumedActivity:30 com.android.server.wm.ActivityRecord.setState:100 com.android.server.wm.TaskFragment.resumeTopActivity:1705 com.android.server.wm.Task.resumeTopActivityInnerLocked:119 
02-07 15:43:41.401  2816  3703 V WindowManager: rotationForOrientation(orient=SCREEN_ORIENTATION_UNSPECIFIED (-1), last=ROTATION_0 (0)); user=ROTATION_0 (0) 
02-07 15:43:41.401  2816  3703 D WindowManager: rotationForOrientation, orientationSource=ActivityRecord{5656179 u0 com.sec.android.app.launcher/.activities.LauncherActivity t8}
02-07 15:43:41.401  2816  3703 V WindowManager: Computed rotation=ROTATION_0 (0) for display id=0 based on lastOrientation=SCREEN_ORIENTATION_UNSPECIFIED (-1) and oldRotation=ROTATION_0 (0), caller=com.android.server.wm.DisplayRotation.updateOrientation:79 com.android.server.wm.DisplayContent.updateOrientation:41 com.android.server.wm.DisplayContent.updateOrientationAndComputeConfig:48 com.android.server.wm.RootWindowContainer.ensureVisibilityAndConfig:7 com.android.server.wm.TaskFragment.resumeTopActivity:1724 com.android.server.wm.Task.resumeTopActivityInnerLocked:119 
02-07 15:43:41.401  2816  3703 D BLASTSyncEngine: SyncGroup 200: Set ready true, caller=com.android.server.wm.BLASTSyncEngine.setReady:32 com.android.server.wm.Transition.applyReady:54 com.android.server.wm.Transition.setReady:72 com.android.server.wm.TransitionController.setReady:6 com.android.server.wm.DisplayContent.executeAppTransition:4 com.android.server.wm.ActivityRecord.completeResumeLocked:115 
02-07 15:43:41.401  2816  3703 D WindowManagerServiceExt: updateTaskbarTargetIfNeeded: reset
02-07 15:43:41.401  2816  3703 D SurfaceComposerClient: setCornerRadius ## f81b690 com.sec.android.app.launcher/com.sec.android.app.launcher.activities.LauncherActivity#140 cornerRadius=0.000000
02-07 15:43:41.402  2816  3703 D BLASTSyncEngine: SyncGroup 200:  Unfinished container: ActivityRecord{5656179 u0 com.sec.android.app.launcher/.activities.LauncherActivity t8} mSyncState=2
02-07 15:43:41.402  4959  4959 I VRI[LauncherActivity]@1497778: stopped(false) old = true
02-07 15:43:41.402  4959  4959 I HoneySpace.Launcher: !@Boot_EBS_D: Launcher.onStart()
02-07 15:43:41.402  4959  4959 I HoneySpace.Launcher: !@Boot_EBS_D: Launcher.onResume()
02-07 15:43:41.402  4959  6110 I HoneySpace.Memory-Monitor: cancelTrimIfNeeded
02-07 15:43:41.403  4959  4959 I HoneySpace.Launcher: updateLauncherShowing false -> true
02-07 15:43:41.403  2816  3597 D SGM:FgCheckThread: onLooperPrepared(), msg: MSG_TASK_FOCUSED, pkgName: com.sec.android.app.launcher, userId: 0
02-07 15:43:41.403  2816  3597 D SGM:FgCheckThread: handleTaskFocused().
02-07 15:43:41.403  2816  3597 D SGM:FgCheckThread:   handleTaskFocused(), pkgName: com.sec.android.app.launcher, userID:0 mResumedPkgMap does not containsKey.
02-07 15:43:41.403  4959  4959 I HoneySpace.ShellTransitionManager: myHomeResumed
02-07 15:43:41.403  4959  4959 I HoneySpace.ResumeTimer: last resume updated : 14276510
02-07 15:43:41.403  4959  8329 I HoneySpace.HoneyAppWidgetHost: called startListening, host: 32133d0, hostId: 1024
02-07 15:43:41.403  4959  4959 I HoneySpace.StackedWidgetFastRecyclerView: playShowAndHideIndicatorAnimation
02-07 15:43:41.403  4959  4959 I HoneySpace.StackedWidgetFastRecyclerView: playShowIndicatorAnimation
02-07 15:43:41.403  4959  6108 I HoneySpace.PredictionDataSourceImpl: requestPredictionUpdate 0 true
02-07 15:43:41.403  4959  4959 I HoneySpace.StackedWidgetAdapter: updateLabelVisibility false true
02-07 15:43:41.403  4959  8329 I AppWidgetHost: semStartListening()
02-07 15:43:41.403  4959  5405 I HoneySpace.RecentTasks: onRecentTasksChanged
02-07 15:43:41.403  2816  7825 I AppWidgetServiceImpl: startListening() 
02-07 15:43:41.403  4959  6110 I HoneySpace.Memory-Monitor: trimMemJob is canceled
02-07 15:43:41.403  4959  4959 I SearchHoneyPot: onViewCreated: onResume
02-07 15:43:41.403  2816  7825 I AppWidgetServiceImpl: startListening callbacks : com.android.internal.appwidget.IAppWidgetHost$Stub$Proxy@6c5ad94 intervalEnsure:45571914 intervalHostLock:45571914 LhostId:HostId{user:0, app:10151, hostId:1024, pkg:com.sec.android.app.launcher}
02-07 15:43:41.403  2816  7825 I AppWidgetServiceImpl: startListening() finish
02-07 15:43:41.403  4959 32125 I HoneySpace.Memory-Monitor: updateMaxHeap isHighScreenSize=true
02-07 15:43:41.403  4959 32125 I HoneySpace.Memory-Monitor: PROPERTY_HOME_MEMORY_CACHE_LEVEL: -1
02-07 15:43:41.403  4959 32125 I HoneySpace.Memory-Monitor: updateGraphicResourceCache curMemoryCacheLevel=0
02-07 15:43:41.403  4959  8329 I HoneySpace.HoneyAppWidgetHost: success hidden_semStartListening - result: true, host: 32133d0, hostId: 1024
02-07 15:43:41.404  2816  2994 D AnalyticsContainerHandler: handleMessage : { when=0 what=1 target=com.android.server.knox.KnoxAnalyticsContainer$AnalyticsHandler }
02-07 15:43:41.404  2816  2994 D AnalyticsContainerHandler: handleMessage : { when=0 what=2 target=com.android.server.knox.KnoxAnalyticsContainer$AnalyticsHandler }
02-07 15:43:41.403  7906  7906 I SemDvfsHyPerManager: acquire hyper - APP_START_HOME/7906@25, type = -999
02-07 15:43:41.404  6305  6352 D SessionLifecycleClient: Sending lifecycle 2 to service
02-07 15:43:41.404  4959  6108 I HoneySpace.PredictionDataSourceImpl: requestPredictionUpdate 1 true
02-07 15:43:41.404  1882  1882 I SurfaceFlinger: RequestedLayer [WindowToken{238dfa6 type=2005 android.os.Binder@52b4501}#4111] hidden!! flag  from(1) --> to(0)
02-07 15:43:41.404  1882  1882 I SurfaceFlinger: [Display 0 name="Built-in Screen"#49] setFrameRateCategory: High
02-07 15:43:41.404  1882  1882 I SurfaceFlinger: [WindowToken{238dfa6 type=2005 android.os.Binder@52b4501}#4111] attach to parent LayerHierarchy{RequestedLayerState{Leaf:20:21#30 parentId=29} 3 children}
02-07 15:43:41.405  2816  3754 D BackgroundInstallControlService: Package event received: 0
02-07 15:43:41.405  2816  2921 V Configuration: Updating configuration, locales updated from [] to [en_US]
02-07 15:43:41.405  2816  5536 I WindowManager: Relayout Window{f81b690 u0 com.sec.android.app.launcher/com.sec.android.app.launcher.activities.LauncherActivity}: viewVisibility=0 req=1440x3120 ty=1 d0
02-07 15:43:41.405  1744  1885 I HYPER-HAL: [RequestManager.cpp]acquire(): Acquired ID : 4062709  [2816 / 34]    HINT : AMS_APP_HOME    list : 
02-07 15:43:41.405  1882  1936 I SurfaceFlinger: id=4112 createSurf, flag=44004, com.sec.android.app.launcher/com.sec.android.app.launcher.activities.LauncherActivity$_4959#4112
02-07 15:43:41.405  2816  5536 D WindowManager: makeSurface duration=1 name=com.sec.android.app.launcher/com.sec.android.app.launcher.activities.LauncherActivity$_4959
02-07 15:43:41.405  6305  6382 D SessionLifecycleService: Activity backgrounding at 14276511
02-07 15:43:41.405  2816  5536 D SurfaceComposerClient: setCornerRadius ## f81b690 com.sec.android.app.launcher/com.sec.android.app.launcher.activities.LauncherActivity#140 cornerRadius=0.000000
02-07 15:43:41.405  4527  4527 I {OngoingActivityController}: onTaskFocusChanged but OA data is empty
02-07 15:43:41.405  2816  2881 D InputDispatcher: Focus left window (0): 76dd86f com.etrsystems.axisight/com.etrsystems.axisight.UsbCameraActivity
02-07 15:43:41.405  2816  5536 D SurfaceComposerClient: setCornerRadius ## f81b690 com.sec.android.app.launcher/com.sec.android.app.launcher.activities.LauncherActivity#140 cornerRadius=0.000000
02-07 15:43:41.405  2816  5536 D BLASTSyncEngine: SyncGroup 200:  Unfinished container: ActivityRecord{5656179 u0 com.sec.android.app.launcher/.activities.LauncherActivity t8} mSyncState=2
02-07 15:43:41.406  2816  5536 D WindowManager: Changing focus from null to Window{f81b690 u0 com.sec.android.app.launcher/com.sec.android.app.launcher.activities.LauncherActivity} displayId=0 Callers=com.android.server.wm.WindowManagerService.relayoutWindow:1350 com.android.server.wm.Session.relayout:27 android.view.IWindowSession$Stub.onTransact:829 com.android.server.wm.Session.onTransact:1 
02-07 15:43:41.406  2816  5536 I WindowManager: Cancelling animation restarting=true, leash=Surface(name=Surface(name=62ac4d4 StatusBar)/@0xbddc491 - animation-leash of insets_animation)/@0xd400cbd
02-07 15:43:41.406  2816  5536 I WindowManager: Reparenting to original parent: Surface(name=WindowToken{339ea27 type=2000 android.os.BinderProxy@a05c741})/@0x8770ff6, destroy=false, surface=Surface(name=62ac4d4 StatusBar)/@0xbddc491
02-07 15:43:41.406  1744  1885 I HYPER-HAL: [RequestManager.cpp]acquire(): Acquired ID : 31454371  [7906 / 25]    HINT : APP_START    list : [KERNEL_APP_START_NOTIFY / 0] [TIMEOUT / 1500] 
02-07 15:43:41.406  2816  5536 I WindowManager: Reparenting to leash, surface=Surface(name=62ac4d4 StatusBar)/@0xbddc491, leashParent=Surface(name=WindowToken{339ea27 type=2000 android.os.BinderProxy@a05c741})/@0x8770ff6
02-07 15:43:41.406  1882  2741 I SurfaceFlinger: id=4113 createSurf, flag=24000, Surface(name=62ac4d4 StatusBar)/@0xbddc491 - animation-leash of insets_animation#4113
02-07 15:43:41.406  7906  7906 I SDHMS:p : update midground cpus to 0-1,4-5
02-07 15:43:41.406  2816  5536 D WindowManager: makeSurface duration=0 leash=Surface(name=Surface(name=62ac4d4 StatusBar)/@0xbddc491 - animation-leash of insets_animation)/@0x3911b2c
02-07 15:43:41.406  2816  5536 D InsetsSourceProvider: updateControlForTarget: control=InsetsSourceControl: {b2510000 mType=statusBars initiallyVisible mSurfacePosition=Point(0, 0) mInsetsHint=Insets{left=0, top=113, right=0, bottom=0}}, target=Window{f81b690 u0 com.sec.android.app.launcher/com.sec.android.app.launcher.activities.LauncherActivity}, from=com.android.server.wm.InsetsStateController.onControlTargetChanged:83 com.android.server.wm.InsetsPolicy.updateBarControlTarget:212 com.android.server.wm.DisplayPolicy.updateSystemBarAttributes:262 com.android.server.wm.WindowManagerService.updateFocusedWindowLocked:372 com.android.server.wm.WindowManagerService.relayoutWindow:1350 
02-07 15:43:41.406  2816  5536 I WindowManager: Cancelling animation restarting=true, leash=Surface(name=Surface(name=6498613 NavigationBar0)/@0xafc3582 - animation-leash of insets_animation)/@0x4650203
02-07 15:43:41.406  2816  5536 I WindowManager: Reparenting to original parent: Surface(name=WindowToken{347fd02 type=2019 android.os.BinderProxy@f5139e4})/@0xa3c9493, destroy=false, surface=Surface(name=6498613 NavigationBar0)/@0xafc3582
02-07 15:43:41.406  2816  5536 I WindowManager: Reparenting to leash, surface=Surface(name=6498613 NavigationBar0)/@0xafc3582, leashParent=Surface(name=WindowToken{347fd02 type=2019 android.os.BinderProxy@f5139e4})/@0xa3c9493
02-07 15:43:41.406  1882  5279 I SurfaceFlinger: id=4114 createSurf, flag=24000, Surface(name=6498613 NavigationBar0)/@0xafc3582 - animation-leash of insets_animation#4114
02-07 15:43:41.406  2816  5536 D WindowManager: makeSurface duration=0 leash=Surface(name=Surface(name=6498613 NavigationBar0)/@0xafc3582 - animation-leash of insets_animation)/@0x10cadfb
02-07 15:43:41.406  6305  6305 I ImeFocusController: onPreWindowFocus: skipped hasWindowFocus=false mHasImeFocus=true
02-07 15:43:41.406  2816  5536 D InsetsSourceProvider: updateControlForTarget: control=InsetsSourceControl: {a56c0001 mType=navigationBars initiallyVisible mSurfacePosition=Point(0, 2952) mInsetsHint=Insets{left=0, top=0, right=0, bottom=0}}, target=Window{f81b690 u0 com.sec.android.app.launcher/com.sec.android.app.launcher.activities.LauncherActivity}, from=com.android.server.wm.InsetsStateController.onControlTargetChanged:83 com.android.server.wm.InsetsPolicy.updateBarControlTarget:225 com.android.server.wm.DisplayPolicy.updateSystemBarAttributes:262 com.android.server.wm.WindowManagerService.updateFocusedWindowLocked:372 com.android.server.wm.WindowManagerService.relayoutWindow:1350 
02-07 15:43:41.406  6305  6305 I ImeFocusController: onPostWindowFocus: skipped hasWindowFocus=false mHasImeFocus=true
02-07 15:43:41.406  2816  5536 D WindowManager: updateSystemBarAttributes: displayId=0, focusedCanBeNavColorWin=false, win=Window{f81b690 u0 com.sec.android.app.launcher/com.sec.android.app.launcher.activities.LauncherActivity}, navColorWin=null, caller=com.android.server.wm.WindowManagerService.updateFocusedWindowLocked:372 com.android.server.wm.WindowManagerService.relayoutWindow:1350 com.android.server.wm.Session.relayout:27 
02-07 15:43:41.406  2816  5536 D WindowManager: updateSystemBarAttributes, bhv=2, apr=0, statusBarAprRegions=[AppearanceRegion{LIGHT_STATUS_BARS bounds=[0,0][1440,3120]}], requestedVisibilities=-9
02-07 15:43:41.406  2816  5536 V SystemKeyManager: updateFocusedWindow() is called, com.sec.android.app.launcher/com.sec.android.app.launcher.activities.LauncherActivity
02-07 15:43:41.407  2816  5536 I WindowManager: Relayout hash=f81b690, pid=4959, syncId=-1: mAttrs={(0,0)(fillxfill) sim={adjust=nothing forwardNavigation} layoutInDisplayCutoutMode=always ty=BASE_APPLICATION fmt=TRANSPARENT wanim=0x1030306
02-07 15:43:41.407  2816  5536 I WindowManager:   fl=81910100
02-07 15:43:41.407  2816  5536 I WindowManager:   pfl=10008840
02-07 15:43:41.407  2816  5536 I WindowManager:   bhv=2
02-07 15:43:41.407  2816  5536 I WindowManager:   fitSides=0
02-07 15:43:41.407  2816  5536 I WindowManager:   frameRateBoostOnTouch=true
02-07 15:43:41.407  2816  5536 I WindowManager:   dvrrWindowFrameRateHint=true screenDimDuration=200000 naviIconColor=0}
02-07 15:43:41.407  2816  2921 V Configuration: Updating configuration, locales updated from [] to [en_US]
02-07 15:43:41.407  4959  4959 I BufferQueueProducer: [](id:135f00000066,api:0,p:-1,c:4959) setDequeueTimeout:2077252342
02-07 15:43:41.407  2816  2921 D EnterpriseDeviceManagerService: isMdmAdminPresentInternal() : MDM Admin Found - com.samsung.knox.securefolder
02-07 15:43:41.407  4959  4959 I BLASTBufferQueue_Java: new BLASTBufferQueue, mName= VRI[LauncherActivity]@1497778 mNativeObject= 0xb4000072a4426fe0 caller= android.view.ViewRootImpl.updateBlastSurfaceIfNeeded:3585 android.view.ViewRootImpl.relayoutWindow:11685 android.view.ViewRootImpl.performTraversals:4804 android.view.ViewRootImpl.doTraversal:3924 android.view.ViewRootImpl$TraversalRunnable.run:12903 android.view.Choreographer$CallbackRecord.run:1901 android.view.Choreographer$CallbackRecord.run:1910 android.view.Choreographer.doCallbacks:1367 android.view.Choreographer.doFrame:1292 android.view.Choreographer$FrameDisplayEventReceiver.run:1870 
02-07 15:43:41.407  2816  2919 D PkgPredictorService-SecIpmManagerServiceImpl: onForegroundActivitiesChanged pid:4959 uid:10151
02-07 15:43:41.407  4959  4959 I BLASTBufferQueue_Java: update, w= 1440 h= 3120 mName = VRI[LauncherActivity]@1497778 mNativeObject= 0xb4000072a4426fe0 sc.mNativeObject= 0xb400007194345150 format= -2 caller= android.view.ViewRootImpl.updateBlastSurfaceIfNeeded:3590 android.view.ViewRootImpl.relayoutWindow:11685 android.view.ViewRootImpl.performTraversals:4804 android.view.ViewRootImpl.doTraversal:3924 android.view.ViewRootImpl$TraversalRunnable.run:12903 android.view.Choreographer$CallbackRecord.run:1901 
02-07 15:43:41.407  4527  4527 D NavigationBar: onSystemBarAttributesChanged() -  displayId:0, appearance:0, packageName: com.sec.android.app.launcher, navbarColorManagedByIme:false
02-07 15:43:41.407  2816  2921 D SGM:FgCheckThread: noteResumeComponent(), received pkgName: com.sec.android.app.launcher, userId: 0
02-07 15:43:41.407  4959  4959 I VRI[LauncherActivity]@1497778: Relayout returned: old=(0,0,1440,3120) new=(0,0,1440,3120) relayoutAsync=false req=(1440,3120)0 dur=2 res=0x3 s={true 0xb400007214407f30} ch=true seqId=0
02-07 15:43:41.407  2816  3597 D SGM:FgCheckThread: onLooperPrepared(), msg: MSG_APP_RESUME, pkgName: com.sec.android.app.launcher, userid: 0
02-07 15:43:41.407  2816  3597 D SGM:FgCheckThread: handleResume().
02-07 15:43:41.407  2816  3597 D SGM:FgCheckThread: sendFocusOutConditionally() - mPrevNotiPkg: (unknown), userId: 0
02-07 15:43:41.407  2816  3597 D SGM:FgCheckThread:   handleResume(). pkgName: com.sec.android.app.launcher, userId: 0, category: non-game
02-07 15:43:41.407  2816  3597 D SGM:FgCheckThread: notifyFocusInOut(). of pkg: com.sec.android.app.launcher, type: 4, isSecGameFamily: false, userId: 0
02-07 15:43:41.407  2816  3597 D SGM:FgCheckThread:   notifyFocusInOut(). unexpected mPrevNotiType: -1
02-07 15:43:41.407  2816  3597 D SGM:SystemHelper: callReleaseBlock needReleaseBlock:false
02-07 15:43:41.407  7906  7906 I SDHMS:LOAD: type: LoadsFreqs, value: 0:0:0:0:0:0:0:0:0:0:0:0
02-07 15:43:41.408  2816  2921 D SGM:GameManager: identifyGamePackage. com.sec.android.app.launcher, mCurrentUserId: 0, callingMethodInfo: com.samsung.android.game.SemGameManager.isGamePackage(SemGameManager.java:106)
02-07 15:43:41.408  2816  2921 D SGM:SemGameManager: isGamePackage(), pkgName=com.sec.android.app.launcher, ret=false
02-07 15:43:41.408  2816  3754 D BackgroundInstallControlService: Package event received: 0
02-07 15:43:41.408  2816  3754 D BackgroundInstallControlService: Package event received: 0
02-07 15:43:41.408  4959  4959 I VRI[LauncherActivity]@1497778: Creating new active sync group VRI[LauncherActivity]@1497778#64
02-07 15:43:41.408  2816  5313 V PkgPredictorService-SecIpmManagerServiceImpl: discard foreground app:com.sec.android.app.launcher 1|true
02-07 15:43:41.408  2816  3703 I ActivityManager: Changes in 10151 5 to 2, 184 to 255
02-07 15:43:41.409  2816  2919 D SGM:GameManager: identifyForegroundApp. com.sec.android.app.launcher, mCurrentUserId: 0, callerUserId: 0
02-07 15:43:41.409  2816  2919 D SGM:SemGameManager: isForegroundGame(), ret=false
02-07 15:43:41.409  2816  2919 D NetworkPolicy: already checked 10151
02-07 15:43:41.409 19353 19353 I bpuk    : onStart
02-07 15:43:41.409  2816  3740 I CocktailBarManagerServiceContainer: handleMessage: entry what = 5
02-07 15:43:41.409  4959  8184 I VRI[LauncherActivity]@1497778: mWNT: t=0xb4000072c43aa150 mBlastBufferQueue=0xb4000072a4426fe0 fn= 1 HdrRenderState mRenderHdrSdrRatio=1.0 caller= android.view.ViewRootImpl$12.onFrameDraw:15441 android.view.ThreadedRenderer$1.onFrameDraw:718 <bottom of call stack> 
02-07 15:43:41.409  4959  8184 I VRI[LauncherActivity]@1497778: Setting up sync and frameCommitCallback
02-07 15:43:41.409 10113 11078 I Rubin   : [60] A8.b.A(Unknown Source) : Notify com.samsung.android.rubin.inferenceengine.contextanalytics.engine.loggers.AppUsageLogger's database is updated.
02-07 15:43:41.409  4959  8258 I HoneySpace.SPayHandler: updateSpayHandler, show = false, defaultPage = true
02-07 15:43:41.410 19353 19353 I bpuk    : onResume
02-07 15:43:41.410  2816  5536 D SGM:GameManager: identifyForegroundApp. com.sec.android.app.launcher, mCurrentUserId: 0, callerUserId: 0
02-07 15:43:41.410  2816  3703 D SGM:GameManager: identifyGamePackage. com.sec.android.app.launcher, mCurrentUserId: 0, callingMethodInfo: com.samsung.android.game.IGameManagerService$Stub.onTransact(IGameManagerService.java:247)
02-07 15:43:41.410  6305  6371 W FA      : Failed to retrieve Firebase Instance Id
02-07 15:43:41.410  7906 32567 I SDHMS:k : handleResumeComponent : put = com.sec.android.app.launcher, userid = 0 instanceid =208215524
02-07 15:43:41.410 10113 11078 I Rubin   : [60] com.samsung.android.rubin.inferenceengine.contextanalytics.engine.monitors.moment.exercise.ExercisingWithCmhMonitor.isSatisfiedByCmh(Unknown Source) : isSatisfiedByCmh is false
02-07 15:43:41.411  4959  8049 I BLASTBufferQueue: [VRI[LauncherActivity]@1497778#101](f:0,a:0,s:0) onFrameAvailable the first frame is available
02-07 15:43:41.411  4959  8049 I SurfaceComposerClient: apply transaction with the first frame. layerId: 4112, bufferData(ID: 21298742821483, frameNumber: 1)
02-07 15:43:41.411  4959  8049 I VRI[LauncherActivity]@1497778: Received frameCommittedCallback lastAttemptedDrawFrameNum=1 didProduceBuffer=true
02-07 15:43:41.411  1882  1936 I SurfaceFlinger: [com.sec.android.app.launcher/com.sec.android.app.launcher.activities.LauncherActivity$_4959#4112] setTransactionState with the first frame. bufferData(ID: 21298742821483, frameNumber: 1)
02-07 15:43:41.411 25318  8226 I SAMSUNGWALLET: [Hint_ProcessStatusChange] fg Change, pid : 4959 , isNotify : true , isForeground : true , fg list : []
02-07 15:43:41.411 25318 25318 I SAMSUNGWALLET: [Hint_PayHintService] onReceive() action=com.sec.android.app.launcher.intent.action.UPDATE_SPAY_HANDLER
02-07 15:43:41.411 25318 25318 I SAMSUNGWALLET: [Hint_PayHintService] home change, s home : false , default : true , gesture : true , s result : false , prev : false
02-07 15:43:41.411  2816  2919 D SGM:GameManager: identifyForegroundApp. com.sec.android.app.launcher, mCurrentUserId: 0, callerUserId: 0
02-07 15:43:41.411  2816  2919 D SGM:SemGameManager: isForegroundGame(), ret=false
02-07 15:43:41.411  2816  2919 D NetworkPolicy: already checked 10151
02-07 15:43:41.411  2816  5536 D WindowManager: finishDrawingWindow: Window{f81b690 u0 com.sec.android.app.launcher/com.sec.android.app.launcher.activities.LauncherActivity} mDrawState=DRAW_PENDING seqId=0
02-07 15:43:41.411  4959  5087 I HoneySpace.TopTaskSource: onTaskMovedToFront : taskId = 8, displayId = 0
02-07 15:43:41.411  4959  5087 I HoneySpace.TopTaskSource: onTaskFocusChanged(): taskId = 8
02-07 15:43:41.411  4959  4959 I HoneySpace.EdgePanel.CocktailHostRepositoryImpl: onNoteResume
02-07 15:43:41.411  4959  4959 I HoneySpace.EdgePanel.EdgePanelContainerViewModel: cocktailHostRepository.edgePanelOperation NoteResumeComponent(componentName=ComponentInfo{com.sec.android.app.launcher/com.sec.android.app.launcher.Launcher})
02-07 15:43:41.411  2816  3754 D BackgroundInstallControlService: Package event received: 0
02-07 15:43:41.411  2816  2922 V WindowManager: Collecting in transition 200: WallpaperWindowToken{7186d98 showWhenLocked=false}_<system>, caller=com.android.server.wm.TransitionController.collect:7 com.android.server.wm.WallpaperWindowToken.setVisibility:55 com.android.server.wm.WallpaperController.adjustWallpaperWindows:857 com.android.server.wm.RootWindowContainer.applySurfaceChangesTransaction$1:141 com.android.server.wm.RootWindowContainer.performSurfacePlacementNoTrace:59 
02-07 15:43:41.411  4959  4959 I HoneySpace.EdgePanel.ActivityUtils: HomePackage : com.sec.android.app.launcher, resumePackageName : com.sec.android.app.launcher, className : com.sec.android.app.launcher.Launcher
02-07 15:43:41.411  2816  2922 V WindowManager: Setting visibility of Window{ab6cadc u0 net.zedge.videowp.service.VideoWpService}: true, caller=com.android.server.wm.WindowContainer.sendAppVisibilityToClients:19 com.android.server.wm.WindowToken.setClientVisible:48 com.android.server.wm.WallpaperWindowToken.setVisible$1:3 com.android.server.wm.WallpaperWindowToken.commitVisibility:48 com.android.server.wm.WallpaperWindowToken.setVisibility:101 
02-07 15:43:41.412  2182 16282 I CameraService: onUidStateChanged: uid=10268, procState is changed. (5 -> 3)
02-07 15:43:41.412  7696  4296 I WallpaperService: dispatchAppVisibility: system, visible=true , mLidState = -1
02-07 15:43:41.412  1882  1882 I SurfaceFlinger: [LayerHierarchy{RequestedLayerState{ImeContainer#15 parentId=4094 relativeParentId=4094 z=1} 1 children}] RelativeParent to null
02-07 15:43:41.412  1882  1882 I SurfaceFlinger: [com.sec.android.app.launcher/com.sec.android.app.launcher.activities.LauncherActivity$_4959#4112] attach to parent LayerHierarchy{RequestedLayerState{f81b690 com.sec.android.app.launcher/com.sec.android.app.launcher.activities.LauncherActivity#140 parentId=139} 1 children}
02-07 15:43:41.412  1882  1882 I SurfaceFlinger: [Surface(name=62ac4d4 StatusBar)/@0xbddc491 - animation-leash of insets_animation#4113] attach to parent LayerHierarchy{RequestedLayerState{WindowToken{339ea27 type=2000 android.os.BinderProxy@a05c741}#97 parentId=17} 2 children}
02-07 15:43:41.412  1882  1882 I SurfaceFlinger: [Surface(name=6498613 NavigationBar0)/@0xafc3582 - animation-leash of insets_animation#4114] attach to parent LayerHierarchy{RequestedLayerState{WindowToken{347fd02 type=2019 android.os.BinderProxy@f5139e4}#90 parentId=34} 2 children}
02-07 15:43:41.413 25318  8226 I SAMSUNGWALLET[US]: [ProcessStatusChange] fg Change, pid : 4959 , isNotify : true , isForeground : true , fg list : [6305, 4959]
02-07 15:43:41.413  1882  1882 I BpBinder: onLastStrongRef automatically unlinking death recipients: 
02-07 15:43:41.413  1882  5289 D NativeSemDvfsManager: acquire:: timeout = 2000 mIsAcquired = 1  mTagName : SurfaceFlinger 
02-07 15:43:41.413  2182 16282 W IPCThreadState: Sending oneway calls to frozen process.
02-07 15:43:41.412  2816  2922 D SurfaceComposerClient: setCornerRadius ## f81b690 com.sec.android.app.launcher/com.sec.android.app.launcher.activities.LauncherActivity#140 cornerRadius=0.000000
02-07 15:43:41.414  2816  2921 I ActivityManager: Changes in 10686 2 to 18, 255 to 128
02-07 15:43:41.414  1744  1885 I HYPER-HAL: [RequestManager.cpp]acquire(): Acquired ID : 4155403  [1882 / 1000]    HINT : SF_GPU_MINLOCK    list : [TIMEOUT / 2000] 
02-07 15:43:41.414  1882  5289 E NativeCustomFrequencyManager: [NativeCFMS] BpCustomFrequencyManager::acquire()
02-07 15:43:41.414  2816  2922 D SurfaceComposerClient: setCornerRadius ## f81b690 com.sec.android.app.launcher/com.sec.android.app.launcher.activities.LauncherActivity#140 cornerRadius=0.000000
02-07 15:43:41.414  2816  2922 V WindowManager: SyncGroup 200: Finished!
02-07 15:43:41.414  4959  5089 I HoneySpace.TopTaskUseCase: topTasks 8 ComponentInfo{com.sec.android.app.launcher/com.sec.android.app.launcher.Launcher}[displayId=0]
02-07 15:43:41.414 25318 26059 I SAMSUNGWALLET: [Hint_ProcessStatusChange] fg Change, pid : 4959 , isNotify : false , isForeground : true , fg list : []
02-07 15:43:41.414 25318 26059 I SAMSUNGWALLET[US]: [ProcessStatusChange] fg Change, pid : 4959 , isNotify : false , isForeground : true , fg list : [6305, 4959]
02-07 15:43:41.413  5823  5906 V OsAgent : broadcastSystemEvent - 7
02-07 15:43:41.414  2816  2921 D PowerManagerService: [api] setScreenDimDurationOverrideFromWindowManagerInternal: timeoutMillis: 200000
02-07 15:43:41.414  2816  2918 D HintManagerService: Sent cleanup message for uid 10686
02-07 15:43:41.414  5823  5906 V OsAgent : broadcastSystemEvent - 7
02-07 15:43:41.414  5823  5906 V OsAgent : broadcastSystemEvent - 7
02-07 15:43:41.414  7696  7696 I WallpaperService: updateSurface system forceRelayout=false forceReport=false redrawNeeded=false myWidth=-1 myHeight=-1 fixedSize=false x = 0 y = 0 mWidth=-1 mHeight=-1
02-07 15:43:41.414  7696  7696 I WallpaperService: reportVisibility: visibility changed. visible=true
02-07 15:43:41.414 25318 25325 I SAMSUNGWALLET: [Hint_ProcessStatusChange] fg Change, pid : 4959 , isNotify : false , isForeground : true , fg list : []
02-07 15:43:41.415 25318 25325 I SAMSUNGWALLET[US]: [ProcessStatusChange] fg Change, pid : 4959 , isNotify : false , isForeground : true , fg list : [6305, 4959]
02-07 15:43:41.415  4959  6111 I HoneySpace.SystemUiRepository: systemUiFlags: awake
02-07 15:43:41.415  4959  5085 I HoneySpace.TaskbarEventTracker: invokeEvent() called with: event = SystemUiStateChanged(stateFlags=268435456)
02-07 15:43:41.415  2816  2922 V WindowManager: performShowLocked: mDrawState=HAS_DRAWN in Window{f81b690 u0 com.sec.android.app.launcher/com.sec.android.app.launcher.activities.LauncherActivity}
02-07 15:43:41.415  2816  2922 D ChangeTransitionController: onTransactionReady: TransitionRecord{6bffde7 id=200 type=CLOSE flags=0x0 c=[
02-07 15:43:41.415  2816  2922 D ChangeTransitionController:    ChangeInfo{1fce173 container=ActivityRecord{2597437 u0 com.etrsystems.axisight/.UsbCameraActivity t3332 f}} flags=0x0}
02-07 15:43:41.415  2816  2922 D ChangeTransitionController:    ChangeInfo{74f3830 container=ActivityRecord{5656179 u0 com.sec.android.app.launcher/.activities.LauncherActivity t8} flags=0x0}
02-07 15:43:41.415  2816  2922 D ChangeTransitionController:    ChangeInfo{4f9bca9 container=Task{224bd77 #8 type=home I=com.sec.android.app.launcher/.activities.LauncherActivity} flags=0x0}
02-07 15:43:41.415  2816  2922 D ChangeTransitionController:    ChangeInfo{987022e container=DefaultTaskDisplayArea_d0@36487301 flags=0x0}
02-07 15:43:41.415  2816  2922 D ChangeTransitionController:    ChangeInfo{eba21cf container=Display{#0 state=ON size=1440x3120 ROTATION_0} flags=0x0}
02-07 15:43:41.415  2816  2922 D ChangeTransitionController:    ChangeInfo{a7a75c container=Task{5f7a900 #3332 type=standard A=10686:com.etrsystems.axisight} flags=0x0}
02-07 15:43:41.415  2816  2922 D ChangeTransitionController:    ChangeInfo{9887a65 container=WallpaperWindowToken{7186d98 showWhenLocked=false}_<system> flags=0x0}
02-07 15:43:41.415  2816  2922 D ChangeTransitionController:    ChangeInfo{385133a container=Task{7c8fac4 #1 type=home} flags=0x0}
02-07 15:43:41.415  2816  2922 D ChangeTransitionController:    ChangeInfo{4610beb container=RemoteWallpaperAnim:1:1@141429463 flags=0x0}
02-07 15:43:41.415  2816  2922 D ChangeTransitionController: ]
02-07 15:43:41.415  2816  2922 D ChangeTransitionController: }
02-07 15:43:41.415  2816  2922 V WindowManager: Start calculating TransitionInfo based on participants: {ActivityRecord{2597437 u0 com.etrsystems.axisight/.UsbCameraActivity t3332 f}}, ActivityRecord{5656179 u0 com.sec.android.app.launcher/.activities.LauncherActivity t8}, Task{224bd77 #8 type=home I=com.sec.android.app.launcher/.activities.LauncherActivity}, Task{5f7a900 #3332 type=standard A=10686:com.etrsystems.axisight}, WallpaperWindowToken{7186d98 showWhenLocked=false}_<system>, Task{7c8fac4 #1 type=home}}
02-07 15:43:41.415  2816  2922 V WindowManager:   Final targets: [ChangeInfo{385133a container=Task{7c8fac4 #1 type=home} flags=0x30}, ChangeInfo{a7a75c container=Task{5f7a900 #3332 type=standard A=10686:com.etrsystems.axisight} flags=0x10}, ChangeInfo{9887a65 container=WallpaperWindowToken{7186d98 showWhenLocked=false}_<system> flags=0x0}]
02-07 15:43:41.415  1882  2741 I SurfaceFlinger: id=4115 createSurf, flag=84004, Transition Root: Task=1#4115
02-07 15:43:41.415  1744  1885 I HYPER-HAL: [RequestManager.cpp]acquire(): Acquired ID : 4678522  [1747 / 1311]    HINT :      list : [TID_LOW_LATENCY / 0] [TID / 6377] [TID / 6378] [TID / 6305] [TID / 6368] 
02-07 15:43:41.415  2816  2922 I SurfaceControlRegistry: show, t=StartTransaction_SyncId<200> sc=ActivityRecord{5656179 u0 com.sec.android.app.launcher/.activities.LauncherActivity t8}, caller=android.view.SurfaceControl$Transaction.show:3557 com.android.server.wm.Transition.onTransactionReady:2048 com.android.server.wm.BLASTSyncEngine$SyncGroup.finishNow:240 com.android.server.wm.BLASTSyncEngine.onSurfacePlacement:263 com.android.server.wm.RootWindowContainer.performSurfacePlacementNoTrace:1083 com.android.server.wm.WindowSurfacePlacer.performSurfacePlacement:166 
02-07 15:43:41.415  2816  2922 I SurfaceControlRegistry: show, t=StartTransaction_SyncId<200> sc=Task=8, caller=android.view.SurfaceControl$Transaction.show:3557 com.android.server.wm.Transition.onTransactionReady:2081 com.android.server.wm.BLASTSyncEngine$SyncGroup.finishNow:240 com.android.server.wm.BLASTSyncEngine.onSurfacePlacement:263 com.android.server.wm.RootWindowContainer.performSurfacePlacementNoTrace:1083 com.android.server.wm.WindowSurfacePlacer.performSurfacePlacement:166 
02-07 15:43:41.415  2816  2922 D SurfaceComposerClient: setCornerRadius ## WallpaperWindowToken{7186d98 showWhenLocked=false}#151 cornerRadius=0.000000
02-07 15:43:41.415  2816  2922 D SurfaceComposerClient: setCornerRadius ## Task=3332#4093 cornerRadius=0.000000
02-07 15:43:41.415  2816  2922 D SurfaceComposerClient: setCornerRadius ## Task=1#53 cornerRadius=0.000000
02-07 15:43:41.415  2816  2922 V WindowManager: Calling onTransitionReady: {id=200 t=CLOSE f=0x0 trk=0 r=[0@Point(0, 0)] c=[
02-07 15:43:41.415  2816  2922 V WindowManager:         {WCT{RemoteToken{dbc4355 Task{7c8fac4 #1 type=home}}} m=TO_FRONT f=SHOW_WALLPAPER|MOVE_TO_TOP|EDGE_EXTENSION_RESTRICTION leash=Surface(name=Task=1)/@0x3edb88a sb=Rect(0, 0 - 1440, 3120) eb=Rect(0, 0 - 1440, 3120) epz=Point(1440, 3120) d=0 taskParent=-1 inset=Rect(0, 113 - 0, 0)},
02-07 15:43:41.415  2816  2922 V WindowManager:         {WCT{RemoteToken{6b24fbb Task{5f7a900 #3332 type=standard A=10686:com.etrsystems.axisight}}} m=CLOSE f=NONE leash=Surface(name=Task=3332)/@0x8a305b5 sb=Rect(0, 0 - 1440, 3120) eb=Rect(0, 0 - 1440, 3120) epz=Point(1440, 3120) d=0 taskParent=-1 inset=Rect(0, 113 - 0, 0) dim=true},
02-07 15:43:41.415  2816  2922 V WindowManager:         {m=TO_FRONT f=IS_WALLPAPER p=WCT{RemoteToken{6ce4b78 RemoteWallpaperAnim:1:1@141429463}} leash=Surface(name=WallpaperWindowToken{7186d98 showWhenLocked=false})/@0x4f2d060 sb=Rect(0, 0 - 1440, 3120) eb=Rect(0, 0 - 1440, 3120) epz=Point(1440, 3120) d=0 inset=Rect(0, 0 - 0, 0)}
02-07 15:43:41.415  2816  2922 V WindowManager:     ]}
02-07 15:43:41.416  1744  1885 I HYPER-HAL: [RequestManager.cpp]releaseLocked(): Released ID : 4678522
02-07 15:43:41.416  2816  2922 D RestrictionPolicy: isScreenCaptureEnabled : ret=true userId=0
02-07 15:43:41.416  2816  2922 D ScreenCapture: [Capture_TEST] : setIsScreenShotBySystem true
02-07 15:43:41.416  2816  2922 I SurfaceComposerClient: captureLayers:childrenOnly:1, sync:1
02-07 15:43:41.416  4527  4646 V WindowManagerShell: onTransitionReady(transaction=12094627924690)
02-07 15:43:41.417  4527  4621 V WindowManagerShell: onTransitionReady (#200) android.os.BinderProxy@2587094: {id=200 t=CLOSE f=0x0 trk=0 r=[0@Point(0, 0)] c=[
02-07 15:43:41.417  4527  4621 V WindowManagerShell:         {m=TO_FRONT f=SHOW_WALLPAPER|MOVE_TO_TOP|EDGE_EXTENSION_RESTRICTION leash=Surface(name=Task=1)/@0x3834b32 sb=Rect(0, 0 - 1440, 3120) eb=Rect(0, 0 - 1440, 3120) epz=Point(1440, 3120) d=0 taskParent=-1 inset=Rect(0, 113 - 0, 0)},
02-07 15:43:41.417  4527  4621 V WindowManagerShell:         {m=CLOSE f=NONE leash=Surface(name=Task=3332)/@0xa7c7083 sb=Rect(0, 0 - 1440, 3120) eb=Rect(0, 0 - 1440, 3120) epz=Point(1440, 3120) d=0 taskParent=-1 inset=Rect(0, 113 - 0, 0) dim=true},
02-07 15:43:41.417  4527  4621 V WindowManagerShell:         {m=TO_FRONT f=IS_WALLPAPER p=WCT{android.window.IWindowContainerToken$Stub$Proxy@396e87e} leash=Surface(name=WallpaperWindowToken{7186d98 showWhenLocked=false})/@0x9960200 sb=Rect(0, 0 - 1440, 3120) eb=Rect(0, 0 - 1440, 3120) epz=Point(1440, 3120) d=0 inset=Rect(0, 0 - 0, 0)}
02-07 15:43:41.417  4527  4621 V WindowManagerShell:     ]}
02-07 15:43:41.417  1757  1757 I SnapAlloc: Using graphics libs for alignment calculations
02-07 15:43:41.417  4527  4621 V ShellDesktopMode: DesktopModeLogger: taskInfo map after processing changes 0
02-07 15:43:41.417  4527  4621 D ShellDesktopMode: DesktopTaskChangeListener: onTaskMovingToFront for taskId=1, displayId=0
02-07 15:43:41.417  4527  4621 D ShellDesktopMode: DesktopTaskChangeListener: onTaskClosing for taskId=3332, displayId=0
02-07 15:43:41.417  4527  4621 I SurfaceControlRegistry: show, t=StartTransaction_SyncId<200> sc=WallpaperWindowToken{7186d98 showWhenLocked=false}, caller=android.view.SurfaceControl$Transaction.show:3557 com.android.wm.shell.transition.Transitions.dispatchReady:907 com.android.wm.shell.transition.Transitions.onTransitionReady:251 com.android.wm.shell.transition.Transitions$TransitionPlayerImpl$$ExternalSyntheticLambda0.run:13 android.os.Handler.handleCallback:995 android.os.Handler.dispatchMessage:103 
02-07 15:43:41.417  4527  4621 I SurfaceControlRegistry: hide, t=FinishTransaction_SyncId<200> sc=Task=3332, caller=android.view.SurfaceControl$Transaction.hide:3583 com.android.wm.shell.transition.Transitions.dispatchReady:1263 com.android.wm.shell.transition.Transitions.onTransitionReady:251 com.android.wm.shell.transition.Transitions$TransitionPlayerImpl$$ExternalSyntheticLambda0.run:13 android.os.Handler.handleCallback:995 android.os.Handler.dispatchMessage:103 
02-07 15:43:41.417  1882  1936 I SurfaceFlinger: Capture layer list: 	 com.etrsystems.axisight/com.etrsystems.axisight.UsbCameraActivity$_6305#4102(seamlessTransition:0)
02-07 15:43:41.417  4527  4621 I SurfaceControlRegistry: show, t=StartTransaction_SyncId<200> sc=Task=1, caller=android.view.SurfaceControl$Transaction.show:3557 com.android.wm.shell.transition.Transitions.dispatchReady:1279 com.android.wm.shell.transition.Transitions.onTransitionReady:251 com.android.wm.shell.transition.Transitions$TransitionPlayerImpl$$ExternalSyntheticLambda0.run:13 android.os.Handler.handleCallback:995 android.os.Handler.dispatchMessage:103 
02-07 15:43:41.417  1882  1936 I CompositionEngine: [setDisplaySize] size=(1440, 3120)
02-07 15:43:41.417  4527  4621 I SurfaceControlRegistry: show, t=FinishTransaction_SyncId<200> sc=Task=1, caller=android.view.SurfaceControl$Transaction.show:3557 com.android.wm.shell.transition.Transitions.dispatchReady:1330 com.android.wm.shell.transition.Transitions.onTransitionReady:251 com.android.wm.shell.transition.Transitions$TransitionPlayerImpl$$ExternalSyntheticLambda0.run:13 android.os.Handler.handleCallback:995 android.os.Handler.dispatchMessage:103 
02-07 15:43:41.417  4527  4621 V WindowManagerShell: Playing animation for (#200) android.os.BinderProxy@2587094@0
02-07 15:43:41.417  4527  4621 I SurfaceControlRegistry: show, t=StartTransaction_SyncId<200> sc=Transition Root: Task=1, caller=android.view.SurfaceControl$Transaction.show:3557 com.android.wm.shell.transition.Transitions.playTransition:79 com.android.wm.shell.transition.Transitions.processReadyQueue:239 com.android.wm.shell.transition.Transitions.dispatchReady:1352 com.android.wm.shell.transition.Transitions.onTransitionReady:251 com.android.wm.shell.transition.Transitions$TransitionPlayerImpl$$ExternalSyntheticLambda0.run:13 
02-07 15:43:41.417  4527  4621 V ShellRecents: RecentsTransitionHandler.startAnimation: no controller found
02-07 15:43:41.417  4527  4621 V ShellDesktopMode: DesktopMixedTransitionHandler: No pending desktop transition
02-07 15:43:41.417  4527  4621 V WindowManagerShell: Transition doesn't have explicit remote, search filters for match for {id=200 t=CLOSE f=0x0 trk=0 r=[0@Point(0, 0)] c=[{m=TO_FRONT f=SHOW_WALLPAPER|MOVE_TO_TOP|EDGE_EXTENSION_RESTRICTION leash=Surface(name=Task=1)/@0x3834b32 sb=Rect(0, 0 - 1440, 3120) eb=Rect(0, 0 - 1440, 3120) epz=Point(1440, 3120) d=0 taskParent=-1 inset=Rect(0, 113 - 0, 0)},{m=CLOSE f=NONE leash=Surface(name=Task=3332)/@0xa7c7083 sb=Rect(0, 0 - 1440, 3120) eb=Rect(0, 0 - 1440, 3120) epz=Point(1440, 3120) d=0 taskParent=-1 inset=Rect(0, 113 - 0, 0) dim=true},{m=TO_FRONT f=IS_WALLPAPER p=WCT{android.window.IWindowContainerToken$Stub$Proxy@396e87e} leash=Surface(name=WallpaperWindowToken{7186d98 showWhenLocked=false})/@0x9960200 sb=Rect(0, 0 - 1440, 3120) eb=Rect(0, 0 - 1440, 3120) epz=Point(1440, 3120) d=0 inset=Rect(0, 0 - 0, 0)}]}
02-07 15:43:41.417  4527  4621 V WindowManagerShell:  Checking filter Pair{{types=[] flags=0x0] notFlags=0x100 checks=[{atype=home independent=true modes=[OPEN,TO_FRONT] flags=NONE mustBeTask=false order=TOP topActivity=ComponentInfo{com.sec.android.app.launcher/com.sec.android.app.launcher.Launcher} launchCookie=null windowingMode=undefined},{atype=recents independent=true modes=[CLOSE,TO_BACK] flags=NONE mustBeTask=false order=ANY topActivity=null launchCookie=null windowingMode=undefined}]} RemoteTransition { remoteTransition = android.window.IRemoteTransition$Stub$Proxy@39cc05f, appThread = android.app.IApplicationThread$Stub$Proxy@4d50aac, debugName = QuickstepLaunchHomeFromRecentsflags =NONE }}
02-07 15:43:41.417  1882  1965 D RenderEngine: [SEC_SF_EFFECTS] drawLayersInternal,1483, Rendering layer ScreenCaptureFillLayer at index 0
02-07 15:43:41.417  4527  4621 V WindowManagerShell:  Checking filter Pair{{types=[] flags=0x0] notFlags=0x100 checks=[{atype=home independent=true modes=[OPEN,TO_FRONT] flags=NONE mustBeTask=false order=TOP topActivity=ComponentInfo{com.sec.android.app.launcher/com.sec.android.app.launcher.Launcher} launchCookie=null windowingMode=undefined},{atype=standard independent=true modes=[CLOSE,TO_BACK] flags=NONE mustBeTask=false order=ANY topActivity=null launchCookie=null windowingMode=undefined}]} RemoteTransition { remoteTransition = android.window.IRemoteTransition$Stub$Proxy@4fe2375, appThread = android.app.IApplicationThread$Stub$Proxy@80ef0a, debugName = QuickstepLaunchHomeflags =NONE }}
02-07 15:43:41.417  1882  1965 D RenderEngine: [SEC_SF_EFFECTS] drawLayersInternal,1483, Rendering layer com.etrsystems.axisight/com.etrsystems.axisight.UsbCameraActivity$_6305#4102 at index 1
02-07 15:43:41.417  4527  4621 D RemoteTransitionHandler: Found filterPair{{types=[] flags=0x0] notFlags=0x100 checks=[{atype=home independent=true modes=[OPEN,TO_FRONT] flags=NONE mustBeTask=false order=TOP topActivity=ComponentInfo{com.sec.android.app.launcher/com.sec.android.app.launcher.Launcher} launchCookie=null windowingMode=undefined},{atype=standard independent=true modes=[CLOSE,TO_BACK] flags=NONE mustBeTask=false order=ANY topActivity=null launchCookie=null windowingMode=undefined}]} RemoteTransition { remoteTransition = android.window.IRemoteTransition$Stub$Proxy@4fe2375, appThread = android.app.IApplicationThread$Stub$Proxy@80ef0a, debugName = QuickstepLaunchHomeflags =NONE }}
02-07 15:43:41.417  4527  4621 V WindowManagerShell:  Delegate animation for (#200) to RemoteTransition { remoteTransition = android.window.IRemoteTransition$Stub$Proxy@4fe2375, appThread = android.app.IApplicationThread$Stub$Proxy@80ef0a, debugName = QuickstepLaunchHomeflags =NONE }
02-07 15:43:41.417  4527  4621 V WindowManagerShell:  Excluded change from remote targets at (#200), change={m=TO_FRONT f=IS_WALLPAPER p=WCT{android.window.IWindowContainerToken$Stub$Proxy@396e87e} leash=Surface(name=WallpaperWindowToken{7186d98 showWhenLocked=false})/@0x9960200 sb=Rect(0, 0 - 1440, 3120) eb=Rect(0, 0 - 1440, 3120) epz=Point(1440, 3120) d=0 inset=Rect(0, 0 - 0, 0)}
02-07 15:43:41.418  1882  5279 I SurfaceFlinger: id=4116 createSurf, flag=84000, Surface(name=Task=1)/@0xcf7691b_transition-leash#4116
02-07 15:43:41.418  7696  8694 I ndroid:video_wp: EglImage dataspace changed, need recreate
02-07 15:43:41.418  4959 25264 I SurfaceControlRegistry: show, t=StartTransaction_SyncId<200> sc=Task=1, caller=android.view.SurfaceControl$Transaction.show:3557 S.j.a:152 S.j.u:0 S.j.t:0 com.android.systemui.animation.RemoteAnimationTargetCompat.wrap:48 com.android.systemui.animation.RemoteAnimationTargetCompat.wrapApps:10 
02-07 15:43:41.418  1882  5279 I SurfaceFlinger: id=4117 createSurf, flag=84000, Surface(name=Task=3332)/@0x3a67091_transition-leash#4117
02-07 15:43:41.418  4959 25264 I SurfaceControlRegistry: show, t=StartTransaction_SyncId<200> sc=Task=3332, caller=android.view.SurfaceControl$Transaction.show:3557 S.j.a:152 S.j.u:0 S.j.t:0 com.android.systemui.animation.RemoteAnimationTargetCompat.wrap:48 com.android.systemui.animation.RemoteAnimationTargetCompat.wrapApps:10 
