02-07 15:43:39.217  6305  6342 W InstallationId: 	at com.google.firebase.sessions.settings.RemoteSettings.updateSettings(RemoteSettings.kt:76)
02-07 15:43:39.217  6305  6342 W InstallationId: 	at com.google.firebase.sessions.settings.SessionsSettings.updateSettings(SessionsSettings.kt:139)
02-07 15:43:39.217  6305  6342 W InstallationId: 	at com.google.firebase.sessions.FirebaseSessions$1.invokeSuspend(FirebaseSessions.kt:49)
02-07 15:43:39.217  6305  6342 W InstallationId: 	at kotlin.coroutines.jvm.internal.BaseContinuationImpl.resumeWith(ContinuationImpl.kt:33)
02-07 15:43:39.217  6305  6342 W InstallationId: 	at kotlinx.coroutines.DispatchedTask.run(DispatchedTask.kt:106)
02-07 15:43:39.217  6305  6342 W InstallationId: 	at java.util.concurrent.ThreadPoolExecutor.runWorker(ThreadPoolExecutor.java:1156)
02-07 15:43:39.217  6305  6342 W InstallationId: 	at java.util.concurrent.ThreadPoolExecutor$Worker.run(ThreadPoolExecutor.java:651)
02-07 15:43:39.217  6305  6342 W InstallationId: 	at com.google.firebase.concurrent.CustomThreadFactory.lambda$newThread$0$com-google-firebase-concurrent-CustomThreadFactory(CustomThreadFactory.java:47)
02-07 15:43:39.217  6305  6342 W InstallationId: 	at com.google.firebase.concurrent.CustomThreadFactory$$ExternalSyntheticLambda0.run(D8$$SyntheticClass:0)
02-07 15:43:39.217  6305  6342 W InstallationId: 	at java.lang.Thread.run(Thread.java:1119)
02-07 15:43:39.218  2816  2881 D SGM:FgCheckThread: TaskStackListener.onTaskFocusChanged(), taskId=8, focused=false
02-07 15:43:39.218  6305  6342 W InstallationId: Error getting Firebase installation id .
02-07 15:43:39.218  6305  6342 W InstallationId: java.lang.IllegalArgumentException: Please set a valid API key. A Firebase API key is required to communicate with Firebase server APIs: It authenticates your project with Google.Please refer to https://firebase.google.com/support/privacy/init-options.
02-07 15:43:39.218  6305  6342 W InstallationId: 	at com.google.android.gms.common.internal.Preconditions.checkArgument(com.google.android.gms:play-services-basement@@18.3.0:2)
02-07 15:43:39.218  6305  6342 W InstallationId: 	at com.google.firebase.installations.FirebaseInstallations.preConditionChecks(FirebaseInstallations.java:178)
02-07 15:43:39.218  6305  6342 W InstallationId: 	at com.google.firebase.installations.FirebaseInstallations.getId(FirebaseInstallations.java:235)
02-07 15:43:39.218  6305  6342 W InstallationId: 	at com.google.firebase.sessions.InstallationId$Companion.create(InstallationId.kt:40)
02-07 15:43:39.218  6305  6342 W InstallationId: 	at com.google.firebase.sessions.settings.RemoteSettings.updateSettings(RemoteSettings.kt:76)
02-07 15:43:39.218  6305  6342 W InstallationId: 	at com.google.firebase.sessions.settings.SessionsSettings.updateSettings(SessionsSettings.kt:139)
02-07 15:43:39.218  6305  6342 W InstallationId: 	at com.google.firebase.sessions.FirebaseSessions$1.invokeSuspend(FirebaseSessions.kt:49)
02-07 15:43:39.218  6305  6342 W InstallationId: 	at kotlin.coroutines.jvm.internal.BaseContinuationImpl.resumeWith(ContinuationImpl.kt:33)
02-07 15:43:39.218  6305  6342 W InstallationId: 	at kotlinx.coroutines.DispatchedTask.run(DispatchedTask.kt:106)
02-07 15:43:39.218  6305  6342 W InstallationId: 	at java.util.concurrent.ThreadPoolExecutor.runWorker(ThreadPoolExecutor.java:1156)
02-07 15:43:39.218  6305  6342 W InstallationId: 	at java.util.concurrent.ThreadPoolExecutor$Worker.run(ThreadPoolExecutor.java:651)
02-07 15:43:39.218  6305  6342 W InstallationId: 	at com.google.firebase.concurrent.CustomThreadFactory.lambda$newThread$0$com-google-firebase-concurrent-CustomThreadFactory(CustomThreadFactory.java:47)
02-07 15:43:39.218  6305  6342 W InstallationId: 	at com.google.firebase.concurrent.CustomThreadFactory$$ExternalSyntheticLambda0.run(D8$$SyntheticClass:0)
02-07 15:43:39.218  6305  6342 W InstallationId: 	at java.lang.Thread.run(Thread.java:1119)
02-07 15:43:39.218  2816  2881 D SGM:FgCheckThread: TaskStackListener.onTaskFocusChanged(), taskId=3332, focused=true
02-07 15:43:39.218  6305  6342 W SessionConfigFetcher: Error getting Firebase Installation ID. Skipping this Session Event.
02-07 15:43:39.218  2816  2881 D SGM:FgCheckThread:   sendRunningComponentFocus(), pkgName: com.etrsystems.axisight, userId: 0
02-07 15:43:39.218  2816  3597 D SGM:FgCheckThread: onLooperPrepared(), msg: MSG_TASK_FOCUSED, pkgName: com.etrsystems.axisight, userId: 0
02-07 15:43:39.218  2816  3597 D SGM:FgCheckThread: handleTaskFocused().
02-07 15:43:39.218  2816  2881 D InputDispatcher: Focused application(0): ActivityRecord{2597437 u0 com.etrsystems.axisight/.UsbCameraActivity t3332}
02-07 15:43:39.218  2816  3597 D SGM:FgCheckThread:   handleTaskFocused(), pkgName: com.etrsystems.axisight, userID:0
02-07 15:43:39.218  2816  3597 D SGM:FgCheckThread: handleResume().
02-07 15:43:39.218  7696  7696 I WallpaperService: reportVisibility: visibility changed. visible=false
02-07 15:43:39.218  2816  2881 D ActivityTaskManager: scheduleTopResumedActivityChanged, onTop=true, r=ActivityRecord{2597437 u0 com.etrsystems.axisight/.UsbCameraActivity t3332}, caller=com.android.server.wm.ActivityTaskSupervisor.scheduleTopResumedActivityStateIfNeeded:18 com.android.server.wm.ActivityTaskSupervisor.updateTopResumedActivityIfNeeded:54 com.android.server.wm.TaskFragment.setResumedActivity:30 com.android.server.wm.ActivityRecord.setState:100 com.android.server.wm.ActivityTaskSupervisor.realStartActivityLocked:477 com.android.server.wm.RootWindowContainer.attachApplication:92 
02-07 15:43:39.218  2816  3597 D SGM:FgCheckThread: sendFocusOutConditionally() - mPrevNotiPkg: (unknown), userId: 0
02-07 15:43:39.218  6305  6342 D LifecycleServiceBinder: Binding service to application.
02-07 15:43:39.218  2816  3597 D SGM:FgCheckThread:   handleResume(). pkgName: com.etrsystems.axisight, userId: 0, category: non-game
02-07 15:43:39.218  2816  3597 D SGM:FgCheckThread: notifyFocusInOut(). of pkg: com.etrsystems.axisight, type: 4, isSecGameFamily: false, userId: 0
02-07 15:43:39.218  2816  3597 D SGM:FgCheckThread:   notifyFocusInOut(). unexpected mPrevNotiType: -1
02-07 15:43:39.218  2816  3597 D SGM:SystemHelper: callReleaseBlock needReleaseBlock:false
02-07 15:43:39.218  4527  4527 I {OngoingActivityController}: onTaskFocusChanged but OA data is empty
02-07 15:43:39.218  2816  3707 D AS.MultiSoundManager: mForegroundUid = 10686
02-07 15:43:39.219  2816  7825 D GraphicsStatsService: requestRenderEngineFor(com.etrsystems.axisight)
02-07 15:43:39.219  2816  2881 D CompatChangeReporter: Compat change id reported: 261072174; UID 10686; state: ENABLED
02-07 15:43:39.219  6305  6305 D ActivityThread: com.etrsystems.axisight will use render engine as VK
02-07 15:43:39.219  6305  6305 D HWUI    : HWUI - treat SMPTE_170M as sRGB
02-07 15:43:39.219  6305  6336 W ystems.axisight: ClassLoaderContext classpath element checksum mismatch. expected=826418323, found=511267247 (DLC[];PCL[base.apk*826418323]{PCL[/system/framework/org.apache.http.legacy.jar*2001478317]#PCL[/system/system_ext/framework/org.carconnectivity.android.digitalkey.rangingintent.jar*560278203]#PCL[/system/system_ext/framework/org.carconnectivity.android.digitalkey.secureelement.jar*3277496667]#PCL[/system_ext/framework/org.carconnectivity.android.digitalkey.timesync.jar*1887653037]#PCL[/system/framework/com.android.location.provider.jar*1570284764]#PCL[/system/framework/com.android.media.remotedisplay.jar*487574312]#PCL[/system_ext/framework/androidx.window.extensions.jar*3210150721]#PCL[/system_ext/framework/androidx.window.sidecar.jar*3925677193]} | DLC[];PCL[/data/app/~~VK1_MEFN-x-LY-suX9t0qQ==/com.etrsystems.axisight-LV92cySeIXnfuiYCqfp1rQ==/base.apk*511267247])
02-07 15:43:39.219  6305  6368 I DisplayManager: Choreographer implicitly registered for the refresh rate.
02-07 15:43:39.219  6305  6368 D HWUI    : CacheManager constructor. deviceInfo=(1080, 1920)
02-07 15:43:39.219  6305  6368 D vulkan  : searching for layers in '/data/app/~~VK1_MEFN-x-LY-suX9t0qQ==/com.etrsystems.axisight-LV92cySeIXnfuiYCqfp1rQ==/lib/arm64'
02-07 15:43:39.220  6305  6368 D vulkan  : searching for layers in '/data/app/~~VK1_MEFN-x-LY-suX9t0qQ==/com.etrsystems.axisight-LV92cySeIXnfuiYCqfp1rQ==/base.apk!/lib/arm64-v8a'
02-07 15:43:39.220  2816  2921 V Configuration: Updating configuration, locales updated from [] to [en_US]
02-07 15:43:39.220  2816  2921 V Configuration: Updating configuration, locales updated from [] to [en_US]
02-07 15:43:39.221  2816  2921 D EnterpriseDeviceManagerService: isMdmAdminPresentInternal() : MDM Admin Found - com.samsung.knox.securefolder
02-07 15:43:39.221  2816  2921 D SGM:FgCheckThread: noteResumeComponent(), received pkgName: com.etrsystems.axisight, userId: 0
02-07 15:43:39.221  2816  3597 D SGM:FgCheckThread: onLooperPrepared(), msg: MSG_APP_RESUME, pkgName: com.etrsystems.axisight, userid: 0
02-07 15:43:39.221  2816  3597 D SGM:FgCheckThread: handleResume().
02-07 15:43:39.221  2816  3597 D SGM:FgCheckThread: sendFocusOutConditionally() - mPrevNotiPkg: (unknown), userId: 0
02-07 15:43:39.221  2816  3597 D SGM:FgCheckThread:   handleResume(). pkgName: com.etrsystems.axisight, userId: 0, category: non-game
02-07 15:43:39.221  2816  3597 D SGM:FgCheckThread: notifyFocusInOut(). of pkg: com.etrsystems.axisight, type: 4, isSecGameFamily: false, userId: 0
02-07 15:43:39.221  2816  3597 D SGM:FgCheckThread:   notifyFocusInOut(). unexpected mPrevNotiType: -1
02-07 15:43:39.221  2816  3597 D SGM:SystemHelper: callReleaseBlock needReleaseBlock:false
02-07 15:43:39.221  2816  2921 D SGM:GameManager: identifyGamePackage. com.etrsystems.axisight, mCurrentUserId: 0, callingMethodInfo: com.samsung.android.game.SemGameManager.isGamePackage(SemGameManager.java:106)
02-07 15:43:39.221  2816  2921 D SGM:SemGameManager: isGamePackage(), pkgName=com.etrsystems.axisight, ret=false
02-07 15:43:39.221  2816  3754 D BackgroundInstallControlService: Package event received: 0
02-07 15:43:39.221  2816  3740 I CocktailBarManagerServiceContainer: handleMessage: entry what = 5
02-07 15:43:39.222  7906 32567 I SDHMS:k : handleResumeComponent : put = com.etrsystems.axisight, userid = 0 instanceid =99689785
02-07 15:43:39.222  2816  3754 D BackgroundInstallControlService: Package event received: 0
02-07 15:43:39.223  2816  2921 D BBA2    : updateWindowVisible for pid : 7696, visible : 0
02-07 15:43:39.224  6305  6368 E Adreno-AppProfiles: QSPM AIDL service doesn't exist
02-07 15:43:39.224  1882  1882 I SurfaceFlinger: RequestedLayer [Task=1#53] hidden!! flag  from(0) --> to(1)
02-07 15:43:39.225  1882  1882 I SurfaceFlinger: [Display 0 name="Built-in Screen"#49] setFrameRateCategory: Default
02-07 15:43:39.225  1882  1882 I SurfaceFlinger: RequestedLayer [com.sec.android.app.launcher/com.sec[...]tivities.LauncherActivity$_4959#4084] hidden!! flag  from(0) --> to(1)
02-07 15:43:39.225  1882  1882 I SurfaceFlinger: RequestedLayer [net.zedge.videowp.service.VideoWpService$_7696#153] hidden!! flag  from(0) --> to(1)
02-07 15:43:39.225  1882  1882 I SurfaceFlinger: RequestedLayer [WallpaperWindowToken{7186d98 showWhenLocked=false}#151] hidden!! flag  from(0) --> to(1)
02-07 15:43:39.225  1882  1882 I SurfaceFlinger: RequestedLayer [ActivityRecord{5656179 u0 com.sec.an[...].activities.LauncherActivity t8}#139] hidden!! flag  from(0) --> to(1)
02-07 15:43:39.225  1882  1882 I SurfaceFlinger: RequestedLayer [Task=8#138] hidden!! flag  from(0) --> to(1)
02-07 15:43:39.225  1882  1882 I SurfaceFlinger: [LayerHierarchy{RequestedLayerState{Task=1#53 parentId=10} 2 children}] reparent to LayerHierarchy{RequestedLayerState{DefaultTaskDisplayArea_d0#10 parentId=9} 8 children}
02-07 15:43:39.225  1882  1882 I SurfaceFlinger: [LayerHierarchy{RequestedLayerState{WallpaperWindowToken{7186d98 showWhenLocked=false}#151 parentId=8 z=1} 1 children}] reparent to LayerHierarchy{RequestedLayerState{Leaf:1:1#8 parentId=7} 2 children}
02-07 15:43:39.225  1882  1882 I SurfaceFlinger: [LayerHierarchy{RequestedLayerState{Task=3332#4093 parentId=10 z=5} 1 children}] reparent to LayerHierarchy{RequestedLayerState{DefaultTaskDisplayArea_d0#10 parentId=9} 9 children}
02-07 15:43:39.225  1882  1882 I SurfaceFlinger: [LayerHierarchy{RequestedLayerState{Transition Root: Task=3332#4097 z=5} no children}] reparent to OffscreenRoot
02-07 15:43:39.225  1882  1882 I SurfaceFlinger: [LayerHierarchy{RequestedLayerState{Transition Root: Task=3332#4097 z=5} no children}] RelativeParent to null
02-07 15:43:39.225  1882  1882 I SurfaceFlinger: id=4097 Removed Transition Root: Task=3332#4097 (136)
02-07 15:43:39.225  6305  6368 I AdrenoVK-0: ===== BEGIN DUMP OF OVERRIDDEN SETTINGS =====
02-07 15:43:39.225  6305  6368 I AdrenoVK-0: ===== END DUMP OF OVERRIDDEN SETTINGS =====
02-07 15:43:39.225  2816  2921 I DisplayDeviceRepository: Display device changed render timings: "Built-in Screen", renderFrameRate=120.00001, presentationDeadlineNanos=9333333, appVsyncOffsetNanos=8333333, frameRateOverrides=[]
02-07 15:43:39.226  2816  2922 D SurfaceComposerClient: setCornerRadius ## 108cea9 Splash Screen com.etrsystems.axisight#4095 cornerRadius=0.000000
02-07 15:43:39.226  6305  6305 D AppCompatDelegate: Checking for metadata for AppLocalesMetadataHolderService : Service not found
02-07 15:43:39.226  4527  4644 D StackScroller: onDisplayChanged for predraw skip to 2
02-07 15:43:39.226  4527  4527 D DisplayLifecycle: updateDisplay id = 0
02-07 15:43:39.226  2816  7825 D WifiDisplayAdapter: isFitToActiveDisplayLocked : false
02-07 15:43:39.227  6305  6368 D qdgralloc: Fetching IMapper5 from QtiMapper5
02-07 15:43:39.228  2816  2881 I WindowManager: Relayout Window{f81b690 u0 com.sec.android.app.launcher/com.sec.android.app.launcher.activities.LauncherActivity}: viewVisibility=8 req=1440x3120 ty=1 d0
02-07 15:43:39.228  2816  2881 D SurfaceComposerClient: setCornerRadius ## 108cea9 Splash Screen com.etrsystems.axisight#4095 cornerRadius=0.000000
02-07 15:43:39.228  2816  2881 D SurfaceComposerClient: setCornerRadius ## 108cea9 Splash Screen com.etrsystems.axisight#4095 cornerRadius=0.000000
02-07 15:43:39.229  2816  2881 I WindowManager: Relayout hash=f81b690, pid=4959, syncId=-1: mAttrs={(0,0)(fillxfill) sim={adjust=nothing forwardNavigation} layoutInDisplayCutoutMode=always ty=BASE_APPLICATION fmt=TRANSPARENT wanim=0x1030306
02-07 15:43:39.229  2816  2881 I WindowManager:   fl=81910100
02-07 15:43:39.229  2816  2881 I WindowManager:   pfl=10008840
02-07 15:43:39.229  2816  2881 I WindowManager:   bhv=2
02-07 15:43:39.229  2816  2881 I WindowManager:   fitSides=0
02-07 15:43:39.229  2816  2881 I WindowManager:   frameRateBoostOnTouch=true
02-07 15:43:39.229  2816  2881 I WindowManager:   dvrrWindowFrameRateHint=true screenDimDuration=200000 naviIconColor=0}
02-07 15:43:39.229  4959  4959 I VRI[LauncherActivity]@1497778: Relayout returned: old=(0,0,1440,3120) new=(0,0,1440,3120) relayoutAsync=false req=(1440,3120)8 dur=1 res=0x2 s={false 0x0} ch=true seqId=0
02-07 15:43:39.229  4959  4959 I HoneySpace.EdgePanel.CocktailHostRepositoryImpl: onNoteResume
02-07 15:43:39.230  4959  4959 I HoneySpace.EdgePanel.EdgePanelContainerViewModel: cocktailHostRepository.edgePanelOperation NoteResumeComponent(componentName=ComponentInfo{com.etrsystems.axisight/com.etrsystems.axisight.UsbCameraActivity})
02-07 15:43:39.230  4959  4959 I HoneySpace.EdgePanel.ActivityUtils: HomePackage : com.sec.android.app.launcher, resumePackageName : com.etrsystems.axisight, className : com.etrsystems.axisight.UsbCameraActivity
02-07 15:43:39.230  4959  6111 I HoneySpace.Memory-Monitor: current state = 2, didTrim = false
02-07 15:43:39.230  4959  5087 I HoneySpace.TopTaskSource: onTaskFocusChanged(): taskId = 3332
02-07 15:43:39.231  2816  2922 D SurfaceComposerClient: setCornerRadius ## 108cea9 Splash Screen com.etrsystems.axisight#4095 cornerRadius=0.000000
02-07 15:43:39.232  6305  6368 I SnapAlloc: Graphics lib is available
02-07 15:43:39.232  4313  5562 I PhenotypeResourceReader: unable to find any Phenotype resource metadata for com.etrsystems.axisight
02-07 15:43:39.232  6305  6305 D DesktopModeFlags: Toggle override initialized to: OVERRIDE_UNSET
02-07 15:43:39.232  1882  1882 D SurfaceFlinger: Display 4630947191136750483 HWC layers:
02-07 15:43:39.232  1882  1882 D SurfaceFlinger:        DEVICE |           19443316950512 | 00002100 | RGBA_8888    |    0.0    0.0 1440.0 3120.0 |    0    0 1440 3120 | Splash Screen com.etrsystems.axisight$_4527#4096 (1)
02-07 15:43:39.232  1882  1882 D SurfaceFlinger:        DEVICE |           37636798414882 | 00002100 | RGBA_8888    |    0.0    0.0    1.0    1.0 |  720 1616  721 1617 | $_8763#157 (53)
02-07 15:43:39.232  1882  1882 D SurfaceFlinger:        DEVICE |           19443316950393 | 00002100 | RGBA_8888    |    0.0    0.0 1440.0  113.0 |    0    0 1440  113 | StatusBar$_4527#109 (10158)
02-07 15:43:39.232  1882  1882 D SurfaceFlinger:        DEVICE |           21298742821437 | 00002100 | RGBA_8888    |    0.0    0.0   67.0  260.0 |    0  503   67  763 | com.sec.android.app.launcher/com.sam[...]el.app.CocktailBarService$_4959#3964 (1)
02-07 15:43:39.232  1882  1882 D SurfaceFlinger:        DEVICE |           19443316950465 | 00002100 | RGBA_8888    |    0.0    0.0 1440.0  168.0 |    0 2952 1440 3120 | NavigationBar0$_4527#105 (3062)
02-07 15:43:39.232  1882  1882 D SurfaceFlinger: 
02-07 15:43:39.232  1882  2393 I CompositionEngine: [setDisplaySize] size=(214, 53)
02-07 15:43:39.232  1882  1882 I SurfaceFlinger: destroyed Transition Root: Task=3332#4097 form LifecycleManager
02-07 15:43:39.232  1882  1882 I SurfaceFlinger: id=4097 onLayerDestroyed from LayerHierarchyBuilder(RequestedLayerState{Transition Root: Task=3332#4097 !handle z=5})
02-07 15:43:39.233  6305  6352 I FirebaseCrashlytics: No version control information found
02-07 15:43:39.233  1882  1882 I Layer   : id=4097 Destroyed Transition Root: Task=3332#4097
02-07 15:43:39.233  6305  6372 I ystems.axisight: hiddenapi: Accessing hidden method Ldalvik/system/VMStack;->getStackClass2()Ljava/lang/Class; (runtime_flags=0, domain=core-platform, api=unsupported) from Lm7/aov; (domain=app) using reflection: allowed
02-07 15:43:39.235  6305  6305 I DecorView: setWindowBackground: isPopOver=false color=ffeaf2f7 d=android.graphics.drawable.ColorDrawable@488d25d
02-07 15:43:39.235  2816  3845 D NetdEventListenerService: DNS Requested by 109, 10686(com.etrsystems.axisight), SUCCESS, 29ms
02-07 15:43:39.237  6305  6305 I ystems.axisight: hiddenapi: Accessing hidden method Landroid/view/ViewGroup;->makeOptionalFitsSystemWindows()V (runtime_flags=0, domain=platform, api=unsupported) from Landroidx/appcompat/widget/ViewUtils; (domain=app) using reflection: allowed
02-07 15:43:39.242  6305  6305 D UvcFragment: Root view inflated (640x480)
02-07 15:43:39.242  6305  6371 E ystems.axisight: No package ID 6a found for resource ID 0x6a0b0013.
02-07 15:43:39.242  6305  6371 I FA      : App measurement initialized, version: 152008
02-07 15:43:39.242  6305  6371 I FA      : To enable debug logging run: adb shell setprop log.tag.FA VERBOSE
02-07 15:43:39.242  6305  6371 I FA      : To enable faster debug mode event logging run:
02-07 15:43:39.242  6305  6371 I FA      :   adb shell setprop debug.firebase.analytics.app com.etrsystems.axisight
02-07 15:43:39.243  6305  6368 I Adreno-UNKNOWN: Using previously loaded IMapper library.
02-07 15:43:39.243  6305  6342 D SessionLifecycleClient: Queued message 1. Queue size 1
02-07 15:43:39.245  6305  6371 W FA      : Failed to retrieve Firebase Instance Id
02-07 15:43:39.246  6305  6305 D ViewRootImpl: desktopMode is false
02-07 15:43:39.247  6305  6368 I AdrenoVK-0: QUALCOMM build          : e4a2ccdb56, Icac6f3510c
02-07 15:43:39.247  6305  6368 I AdrenoVK-0: Build Date              : 07/21/25
02-07 15:43:39.247  6305  6368 I AdrenoVK-0: Shader Compiler Version : E031.47.18.36
02-07 15:43:39.247  6305  6368 I AdrenoVK-0: Local Branch            : 
02-07 15:43:39.247  6305  6368 I AdrenoVK-0: Remote Branch           : refs/tags/AU_LINUX_ANDROID_LA.VENDOR.15.4.0.11.00.00.1088.743
02-07 15:43:39.247  6305  6368 I AdrenoVK-0: Remote Branch           : NONE
02-07 15:43:39.247  6305  6368 I AdrenoVK-0: Reconstruct Branch      : NOTHING
02-07 15:43:39.247  6305  6368 I AdrenoVK-0: Build Config            : S P 18.0.0 AArch64
02-07 15:43:39.247  6305  6368 I AdrenoVK-0: Driver Path             : /vendor/lib64/hw/vulkan.adreno.so
02-07 15:43:39.247  6305  6368 I AdrenoVK-0: Driver Version          : 0800.40.1
02-07 15:43:39.247  6305  6368 I AdrenoVK-0: PFP                     : 0x01500077
02-07 15:43:39.247  6305  6368 I AdrenoVK-0: ME                      : 0x01500014
02-07 15:43:39.247  6305  6368 I AdrenoVK-0: Application Name    : android framework
02-07 15:43:39.247  6305  6368 I AdrenoVK-0: Application Version : 0x00000000
02-07 15:43:39.247  6305  6368 I AdrenoVK-0: Engine Name         : android framework
02-07 15:43:39.247  6305  6368 I AdrenoVK-0: Engine Version      : 0x00000000
02-07 15:43:39.247  6305  6368 I AdrenoVK-0: Api Version         : 0x00401000
02-07 15:43:39.247  6305  6305 I ViewRootImpl: dVRR is disabled
02-07 15:43:39.247  6305  6305 D HardwareRenderer: onDisplayChanged. displayId=0 current wxh=1440x3120 mLargest wxh=0x0
02-07 15:43:39.247  6305  6305 D HardwareRenderer: Set largestWidth and largestHeight as logical resolution. (1440x3120)
02-07 15:43:39.249  6305  6368 D HWUI    : setMaxSurfaceArea requested wxh=(1440,3120) requestedSurfaceArea(4492800) mMaxSurfaceArea(2073600)
02-07 15:43:39.249  6305  6371 W FA      : Failed to retrieve Firebase Instance Id
02-07 15:43:39.249  6305  6368 D NativeCustomFrequencyManager: [NativeCFMS] BpCustomFrequencyManager::BpCustomFrequencyManager()
02-07 15:43:39.250  6305  6371 W FA      : Failed to retrieve Firebase Instance Id
02-07 15:43:39.250  6305  6371 I FA      : Tag Manager is not found and thus will not be used
02-07 15:43:39.251  1747  1747 I SS_POWER_HINT_SESSION: SS_ADPF 6305-10686-ad70 PowerHintSession createHintSession : , 6377, 6378, 6305, 6368 : 16666667
02-07 15:43:39.251  1744  1885 I HYPER-HAL: [RequestManager.cpp]acquire(): Acquired ID : 4678522  [1747 / 1311]    HINT :      list : [TID_LOW_LATENCY / 1] [TID / 6377] [TID / 6378] [TID / 6305] [TID / 6368] 
02-07 15:43:39.251  2816  7805 D InputTransport: Input channel constructed: '76dd86f', fd=1075
02-07 15:43:39.251  2816  7805 D InputTransport: Input channel constructed: '76dd86f', fd=1103
02-07 15:43:39.251  2816  7805 D InputTransport: Input channel constructed: '76dd86f', fd=1138
02-07 15:43:39.251  2816  7805 D InputTransport: Input channel destroyed: '76dd86f', fd=1103
02-07 15:43:39.251  1882  5279 I SurfaceFlinger: id=4101 createSurf, flag=84004, 76dd86f com.etrsystems.axisight/com.etrsystems.axisight.UsbCameraActivity#4101
02-07 15:43:39.251  2816  7805 D RestrictionPolicy: isScreenCaptureEnabled : ret=true userId=0
02-07 15:43:39.251  2816  7805 D RestrictionPolicy: isScreenCaptureEnabled : ret=true userId=0
02-07 15:43:39.251  2816  7805 D InputTransport: Input channel destroyed: '76dd86f', fd=1138
02-07 15:43:39.252  6305  6305 D InputTransport: Input channel constructed: '76dd86f', fd=142
02-07 15:43:39.252  6305  6305 I InsetsController: onStateChanged: host=com.etrsystems.axisight/com.etrsystems.axisight.UsbCameraActivity, from=android.view.ViewRootImpl.onInsetsStateChanged:3026, state=InsetsState: {mDisplayFrame=Rect(0, 0 - 1440, 3120), mDisplayCutout=DisplayCutout{insets=Rect(0, 113 - 0, 0) waterfall=Insets{left=0, top=0, right=0, bottom=0} boundingRect={Bounds=[Rect(0, 0 - 0, 0), Rect(685, 0 - 755, 113), Rect(0, 0 - 0, 0), Rect(0, 0 - 0, 0)]} cutoutPathParserInfo={CutoutPathParserInfo{displayWidth=1440 displayHeight=3120 physicalDisplayWidth=1440 physicalDisplayHeight=3120 density={3.75} cutoutSpec={M 0,0 H -9.333333333333333 V 30.13333333333333 H 9.333333333333333 V 0 H 0 Z @dp} rotation={0} scale={1.0} physicalPixelDisplaySizeRatio={1.0}}} sideOverrides={}}, mRoundedCorners=RoundedCorners{[RoundedCorner{position=TopLeft, radius=53, center=Point(53, 53)}, RoundedCorner{position=TopRight, radius=53, center=Point(1387, 53)}, RoundedCorner{position=BottomRight, radius=53, center=Point(1387, 3067)}, RoundedCorner{position=BottomLeft, radius=53, center=Point(53, 3067)}]}  mRoundedCornerFrame=Rect(0, 0 - 1440, 3120), mPrivacyIndicatorBounds=PrivacyIndicatorBounds {static bounds=Rect(1286, 0 - 1440, 113) rotation=0}, mDisplayShape=DisplayShape{ spec=-311912193 displayWidth=1440 displayHeight=3120 physicalPixelDisplaySizeRatio=1.0 rotation=0 offsetX=0 offsetY=0 scale=1.0}, mSources= { InsetsSource: {a56c0001 mType=navigationBars mFrame=[0,0][0,0] mVisible=true mFlags=SUPPRESS_SCRIM mSideHint=NONE mBoundingRects=null}, InsetsSource: {a56c0004 mType=systemGestures mFrame=[0,0][78,3120] mVisible=true mFlags= mSideHint=LEFT mBoundingRects=null}, InsetsSource: {a56c0005 mType=mandatorySystemGestures mFrame=[0,3008][1440,3120] mVisible=true mFlags= mSideHint=BOTTOM mBoundingRects=null}, InsetsSource: {a56c0006 mType=tappableElement mFrame=[0,0][0,0] mVisible=true mFlags= mSideHint=NONE mBoundingRects=null}, InsetsSource: {a56c0024 mType=systemGestures mFrame=[1362,0][1440,3120] mVisible=true mFlags= mSideHint=RIGHT mBoundingRects=null}, InsetsSource: {b2510000 mType=statusBars mFrame=[0,0][1440,113] mVisible=true mFlags= mSideHint=TOP mBoundingRects=null}, InsetsSource: {b2510005 mType=mandatorySystemGestures mFrame=[0,0][1440,155] mVisible=true mFlags= mSideHint=TOP mBoundingRects=null}, InsetsSource: {b2510006 mType=tappableElement mFrame=[0,0][1440,113] mVisible=true mFlags= mSideHint=TOP mBoundingRects=null}, InsetsSource: {3 mType=ime mFrame=[0,0][0,0] mVisible=false mFlags= mSideHint=NONE mBoundingRects=null}, InsetsSource: {27 mType=displayCutout mFrame=[0,0][1440,113] mVisible=true mFlags= mSideHint=TOP mBoundingRects=null} }
02-07 15:43:39.252  6305  6305 I VRI[UsbCameraActivity]@c0b22bc: synced displayState. AttachInfo displayState=2
02-07 15:43:39.252  6305  6305 I VRI[UsbCameraActivity]@c0b22bc: setView = com.android.internal.policy.DecorView@e1b0d54 IsHRR=false mFlingFrameRateChange=0 TM=true
02-07 15:43:39.252  6305  6305 I IDS_TAG : Clearing training data of com.etrsystems.axisight.AxisightApp@2c2b14
02-07 15:43:39.252  6305  6305 I IDS_TAG : Starting IDS observe window
02-07 15:43:39.253  6305  6305 I IDS_TAG : Getting Shared Preference for com.etrsystems.axisight.AxisightApp@2c2b14 uid = 10686
02-07 15:43:39.253  6305  6305 I IDS_TAG : App com.etrsystems.axisight.AxisightApp@2c2b14 has not finished training
02-07 15:43:39.253  6305  6371 W FA      : Failed to retrieve Firebase Instance Id
02-07 15:43:39.253  2816  2994 D AnalyticsContainerHandler: handleMessage : { when=0 what=1 target=com.android.server.knox.KnoxAnalyticsContainer$AnalyticsHandler }
02-07 15:43:39.253  2816  2994 D AnalyticsContainerHandler: handleMessage : { when=-1ms what=2 target=com.android.server.knox.KnoxAnalyticsContainer$AnalyticsHandler }
02-07 15:43:39.253  6305  6305 D SessionLifecycleService: Service bound to new client on process 6305
02-07 15:43:39.254  6305  6368 D HWUI    : HWUI - treat SMPTE_170M as sRGB
02-07 15:43:39.254  6305  6305 I IDS_TAG : Closing IDS observe window
02-07 15:43:39.254  6305  6305 I IDS_TAG : Getting Shared Preference for com.etrsystems.axisight.AxisightApp@2c2b14 uid = 10686
02-07 15:43:39.254  6305  6305 I IDS_TAG : IDS count updated to 1 for com.etrsystems.axisight.AxisightApp@2c2b14
02-07 15:43:39.254  6305  6382 D SessionLifecycleService: App has not yet foregrounded. Using previously stored session: null
02-07 15:43:39.254  6305  6382 D SessionLifecycleService: Client android.os.Messenger@9c5aac0 bound at 14274361. Clients: 1
02-07 15:43:39.255  2816  4778 D CoreBackPreview: Window{76dd86f u0 com.etrsystems.axisight/com.etrsystems.axisight.UsbCameraActivity}: Setting back callback OnBackInvokedCallbackInfo{mCallback=android.window.IOnBackInvokedCallback$Stub$Proxy@aa26667, mPriority=0, mIsAnimationCallback=false, mOverrideBehavior=0}
02-07 15:43:39.255  2816  7805 I WindowManager: Relayout Window{76dd86f u0 com.etrsystems.axisight/com.etrsystems.axisight.UsbCameraActivity}: viewVisibility=0 req=1440x3120 ty=1 d0
02-07 15:43:39.255  1882  5279 I SurfaceFlinger: id=4102 createSurf, flag=44004, com.etrsystems.axisight/com.etrsystems.axisight.UsbCameraActivity$_6305#4102
02-07 15:43:39.255  2816  7805 D WindowManager: makeSurface duration=0 name=com.etrsystems.axisight/com.etrsystems.axisight.UsbCameraActivity$_6305
02-07 15:43:39.255  1744  1885 I HYPER-HAL: [RequestManager.cpp]acquire(): Acquired ID : 4681582  [1747 / 1312]    HINT :      list : [UCLAMP_MIN_BOOST / 0] [TIMEOUT / 350] [TID / 6377] [TID / 6378] [TID / 6305] [TID / 6368] 
02-07 15:43:39.255  2816  7805 D SurfaceComposerClient: setCornerRadius ## 108cea9 Splash Screen com.etrsystems.axisight#4095 cornerRadius=0.000000
02-07 15:43:39.255  2816  7805 D SurfaceComposerClient: setCornerRadius ## 76dd86f com.etrsystems.axisight/com.etrsystems.axisight.UsbCameraActivity#4101 cornerRadius=0.000000
02-07 15:43:39.256  2816  7805 D SurfaceComposerClient: setCornerRadius ## 108cea9 Splash Screen com.etrsystems.axisight#4095 cornerRadius=0.000000
02-07 15:43:39.256  2816  7805 D SurfaceComposerClient: setCornerRadius ## 76dd86f com.etrsystems.axisight/com.etrsystems.axisight.UsbCameraActivity#4101 cornerRadius=0.000000
02-07 15:43:39.256  2816  7805 D WindowManager: Changing focus from null to Window{76dd86f u0 com.etrsystems.axisight/com.etrsystems.axisight.UsbCameraActivity} displayId=0 Callers=com.android.server.wm.WindowManagerService.relayoutWindow:1350 com.android.server.wm.Session.relayout:27 android.view.IWindowSession$Stub.onTransact:829 com.android.server.wm.Session.onTransact:1 
02-07 15:43:39.256  2816  7805 I WindowManager: Cancelling animation restarting=true, leash=Surface(name=Surface(name=62ac4d4 StatusBar)/@0xbddc491 - animation-leash of insets_animation)/@0x3f2db16
02-07 15:43:39.256  2816  7805 I WindowManager: Reparenting to original parent: Surface(name=WindowToken{339ea27 type=2000 android.os.BinderProxy@a05c741})/@0x8770ff6, destroy=false, surface=Surface(name=62ac4d4 StatusBar)/@0xbddc491
02-07 15:43:39.256  2816  7805 I WindowManager: Reparenting to leash, surface=Surface(name=62ac4d4 StatusBar)/@0xbddc491, leashParent=Surface(name=WindowToken{339ea27 type=2000 android.os.BinderProxy@a05c741})/@0x8770ff6
02-07 15:43:39.256  1882  5279 I SurfaceFlinger: id=4103 createSurf, flag=24000, Surface(name=62ac4d4 StatusBar)/@0xbddc491 - animation-leash of insets_animation#4103
02-07 15:43:39.256  2816  7805 D WindowManager: makeSurface duration=0 leash=Surface(name=Surface(name=62ac4d4 StatusBar)/@0xbddc491 - animation-leash of insets_animation)/@0xd400cbd
02-07 15:43:39.256  2816  7805 D InsetsSourceProvider: updateControlForTarget: control=InsetsSourceControl: {b2510000 mType=statusBars initiallyVisible mSurfacePosition=Point(0, 0) mInsetsHint=Insets{left=0, top=113, right=0, bottom=0}}, target=Window{76dd86f u0 com.etrsystems.axisight/com.etrsystems.axisight.UsbCameraActivity}, from=com.android.server.wm.InsetsStateController.onControlTargetChanged:83 com.android.server.wm.InsetsPolicy.updateBarControlTarget:212 com.android.server.wm.DisplayPolicy.updateSystemBarAttributes:262 com.android.server.wm.WindowManagerService.updateFocusedWindowLocked:372 com.android.server.wm.WindowManagerService.relayoutWindow:1350 
02-07 15:43:39.256  2816  7805 I WindowManager: Cancelling animation restarting=true, leash=Surface(name=Surface(name=6498613 NavigationBar0)/@0xafc3582 - animation-leash of insets_animation)/@0xa2f2e84
02-07 15:43:39.256  2816  7805 I WindowManager: Reparenting to original parent: Surface(name=WindowToken{347fd02 type=2019 android.os.BinderProxy@f5139e4})/@0xa3c9493, destroy=false, surface=Surface(name=6498613 NavigationBar0)/@0xafc3582
02-07 15:43:39.256  2816  7805 I WindowManager: Reparenting to leash, surface=Surface(name=6498613 NavigationBar0)/@0xafc3582, leashParent=Surface(name=WindowToken{347fd02 type=2019 android.os.BinderProxy@f5139e4})/@0xa3c9493
02-07 15:43:39.256  1882  5279 I SurfaceFlinger: id=4104 createSurf, flag=24000, Surface(name=6498613 NavigationBar0)/@0xafc3582 - animation-leash of insets_animation#4104
02-07 15:43:39.256  2816  7805 D WindowManager: makeSurface duration=0 leash=Surface(name=Surface(name=6498613 NavigationBar0)/@0xafc3582 - animation-leash of insets_animation)/@0x4650203
02-07 15:43:39.256  2816  7805 D InsetsSourceProvider: updateControlForTarget: control=InsetsSourceControl: {a56c0001 mType=navigationBars initiallyVisible mSurfacePosition=Point(0, 2952) mInsetsHint=Insets{left=0, top=0, right=0, bottom=0}}, target=Window{76dd86f u0 com.etrsystems.axisight/com.etrsystems.axisight.UsbCameraActivity}, from=com.android.server.wm.InsetsStateController.onControlTargetChanged:83 com.android.server.wm.InsetsPolicy.updateBarControlTarget:225 com.android.server.wm.DisplayPolicy.updateSystemBarAttributes:262 com.android.server.wm.WindowManagerService.updateFocusedWindowLocked:372 com.android.server.wm.WindowManagerService.relayoutWindow:1350 
02-07 15:43:39.256  2816  7805 V SystemKeyManager: updateFocusedWindow() is called, com.etrsystems.axisight/com.etrsystems.axisight.UsbCameraActivity
02-07 15:43:39.256  2816  7805 I WindowManager: Relayout hash=76dd86f, pid=6305, syncId=-1: mAttrs={(0,0)(fillxfill) sim={adjust=pan forwardNavigation} ty=BASE_APPLICATION wanim=0x1030317
02-07 15:43:39.256  2816  7805 I WindowManager:   fl=81810100
02-07 15:43:39.256  2816  7805 I WindowManager:   pfl=100080c0
02-07 15:43:39.256  2816  7805 I WindowManager:   vsysui=2000
02-07 15:43:39.256  2816  7805 I WindowManager:   apr=8
02-07 15:43:39.256  2816  7805 I WindowManager:   bhv=1
02-07 15:43:39.256  2816  7805 I WindowManager:   fitSides=0
02-07 15:43:39.256  2816  7805 I WindowManager:   frameRateBoostOnTouch=true
02-07 15:43:39.256  2816  7805 I WindowManager:   dvrrWindowFrameRateHint=true naviIconColor=0}
02-07 15:43:39.257  1882  1882 I SurfaceFlinger: [76dd86f com.etrsystems.axisight/com.etrsystems.axisight.UsbCameraActivity#4101] attach to parent LayerHierarchy{RequestedLayerState{ActivityRecord{2597437 u0 com.etrsystems.axisight/.UsbCameraActivity t3332}#4094 parentId=4093} 3 children}
02-07 15:43:39.257  1882  1882 I SurfaceFlinger: [com.etrsystems.axisight/com.etrsystems.axisight.UsbCameraActivity$_6305#4102] attach to parent LayerHierarchy{RequestedLayerState{76dd86f com.etrsystems.axisight/com.etrsystems.axisight.UsbCameraActivity#4101 parentId=4094} 1 children}
02-07 15:43:39.257  1882  1882 I SurfaceFlinger: [Surface(name=62ac4d4 StatusBar)/@0xbddc491 - animation-leash of insets_animation#4103] attach to parent LayerHierarchy{RequestedLayerState{WindowToken{339ea27 type=2000 android.os.BinderProxy@a05c741}#97 parentId=17} 2 children}
02-07 15:43:39.257  1882  1882 I SurfaceFlinger: [Surface(name=6498613 NavigationBar0)/@0xafc3582 - animation-leash of insets_animation#4104] attach to parent LayerHierarchy{RequestedLayerState{WindowToken{347fd02 type=2019 android.os.BinderProxy@f5139e4}#90 parentId=34} 2 children}
02-07 15:43:39.257  6305  6305 E ystems.axisight: Unable to open libpenguin.so: dlopen failed: library "libpenguin.so" not found.
02-07 15:43:39.257  6305  6305 I BufferQueueProducer: [](id:18a100000000,api:0,p:0,c:6305) setDequeueTimeout:2077252342
02-07 15:43:39.257  6305  6305 I BLASTBufferQueue_Java: new BLASTBufferQueue, mName= VRI[UsbCameraActivity]@c0b22bc mNativeObject= 0xb4000072a43936b0 caller= android.view.ViewRootImpl.updateBlastSurfaceIfNeeded:3585 android.view.ViewRootImpl.relayoutWindow:11685 android.view.ViewRootImpl.performTraversals:4804 android.view.ViewRootImpl.doTraversal:3924 android.view.ViewRootImpl$TraversalRunnable.run:12903 android.view.Choreographer$CallbackRecord.run:1901 android.view.Choreographer$CallbackRecord.run:1910 android.view.Choreographer.doCallbacks:1367 android.view.Choreographer.doFrame:1292 android.view.Choreographer$FrameDisplayEventReceiver.run:1870 
02-07 15:43:39.257  6305  6305 I BLASTBufferQueue_Java: update, w= 1440 h= 3120 mName = VRI[UsbCameraActivity]@c0b22bc mNativeObject= 0xb4000072a43936b0 sc.mNativeObject= 0xb400007194329850 format= -1 caller= android.view.ViewRootImpl.updateBlastSurfaceIfNeeded:3590 android.view.ViewRootImpl.relayoutWindow:11685 android.view.ViewRootImpl.performTraversals:4804 android.view.ViewRootImpl.doTraversal:3924 android.view.ViewRootImpl$TraversalRunnable.run:12903 android.view.Choreographer$CallbackRecord.run:1901 
02-07 15:43:39.257  6305  6305 I VRI[UsbCameraActivity]@c0b22bc: Relayout returned: old=(0,0,1440,3120) new=(0,0,1440,3120) relayoutAsync=false req=(1440,3120)0 dur=2 res=0x3 s={true 0xb400007214346d30} ch=true seqId=0
02-07 15:43:39.258  6305  6305 I VRI[UsbCameraActivity]@c0b22bc: performConfigurationChange setNightDimText nightDimLevel=0
02-07 15:43:39.258  6305  6305 D VRI[UsbCameraActivity]@c0b22bc: mThreadedRenderer.initialize() mSurface={isValid=true 0xb400007214346d30} hwInitialized=true
02-07 15:43:39.258  6305  6305 D VRI[UsbCameraActivity]@c0b22bc: reportNextDraw android.view.ViewRootImpl.performTraversals:5443 android.view.ViewRootImpl.doTraversal:3924 android.view.ViewRootImpl$TraversalRunnable.run:12903 android.view.Choreographer$CallbackRecord.run:1901 android.view.Choreographer$CallbackRecord.run:1910 
02-07 15:43:39.258  6305  6305 D VRI[UsbCameraActivity]@c0b22bc: Setup new sync=wmsSync-VRI[UsbCameraActivity]@c0b22bc#0
02-07 15:43:39.258  6305  6305 I VRI[UsbCameraActivity]@c0b22bc: Creating new active sync group VRI[UsbCameraActivity]@c0b22bc#1
02-07 15:43:39.258  6305  6305 D VRI[UsbCameraActivity]@c0b22bc: registerCallbacksForSync syncBuffer=false
02-07 15:43:39.259  6305  6305 V USBMonitor: USBMonitor:Constructor
02-07 15:43:39.259  6305  6305 V USBMonitor: USBMonitor:mUsbManager=android.hardware.usb.UsbManager@2e59931
02-07 15:43:39.259  6305  6305 I MultiCameraClient: register...
02-07 15:43:39.259  6305  6305 I USBMonitor: register:
02-07 15:43:39.260  6305  6378 D VRI[UsbCameraActivity]@c0b22bc: Received frameDrawingCallback syncResult=0 frameNum=1.
02-07 15:43:39.260  6305  6378 I VRI[UsbCameraActivity]@c0b22bc: mWNT: t=0xb4000072c436bd90 mBlastBufferQueue=0xb4000072a43936b0 fn= 1 HdrRenderState mRenderHdrSdrRatio=1.0 caller= android.view.ViewRootImpl$12.onFrameDraw:15441 android.view.ThreadedRenderer$1.onFrameDraw:718 <bottom of call stack> 
02-07 15:43:39.260  6305  6378 I VRI[UsbCameraActivity]@c0b22bc: Setting up sync and frameCommitCallback
02-07 15:43:39.260  6305  6368 I AdrenoUtils: <ReadGpuID:366>: Reading chip ID through GSL
02-07 15:43:39.262  6305  6368 I BLASTBufferQueue: [VRI[UsbCameraActivity]@c0b22bc#0](f:0,a:0,s:0) onFrameAvailable the first frame is available
02-07 15:43:39.262  6305  6368 I SurfaceComposerClient: apply transaction with the first frame. layerId: 4102, bufferData(ID: 27079768801283, frameNumber: 1)
02-07 15:43:39.262  6305  6368 I VRI[UsbCameraActivity]@c0b22bc: Received frameCommittedCallback lastAttemptedDrawFrameNum=1 didProduceBuffer=true
02-07 15:43:39.262  1882  1936 I SurfaceFlinger: [com.etrsystems.axisight/com.etrsystems.axisight.UsbCameraActivity$_6305#4102] setTransactionState with the first frame. bufferData(ID: 27079768801283, frameNumber: 1)
02-07 15:43:39.262  6305  6368 D HWUI    : CFMS:: SetUp Pid : 6305    Tid : 6368
02-07 15:43:39.262  6305  6305 D VRI[UsbCameraActivity]@c0b22bc: reportDrawFinished seqId=0
02-07 15:43:39.262  6305  6305 D SessionLifecycleClient: Connected to SessionLifecycleService. Queue size 1
02-07 15:43:39.262  2816  4778 D WindowManager: finishDrawingWindow: Window{76dd86f u0 com.etrsystems.axisight/com.etrsystems.axisight.UsbCameraActivity} mDrawState=DRAW_PENDING seqId=0
02-07 15:43:39.263  2816  2922 D SurfaceComposerClient: setCornerRadius ## 108cea9 Splash Screen com.etrsystems.axisight#4095 cornerRadius=0.000000
02-07 15:43:39.263  2816  2922 D SurfaceComposerClient: setCornerRadius ## 76dd86f com.etrsystems.axisight/com.etrsystems.axisight.UsbCameraActivity#4101 cornerRadius=0.000000
02-07 15:43:39.263  6305  6343 D SessionLifecycleClient: Sending lifecycle 1 to service
02-07 15:43:39.263  6305  6382 D SessionLifecycleService: Activity foregrounding at 14274370.
02-07 15:43:39.263  6305  6382 D SessionLifecycleService: Cold start detected.
02-07 15:43:39.263  2816  2922 D SurfaceComposerClient: setCornerRadius ## 108cea9 Splash Screen com.etrsystems.axisight#4095 cornerRadius=0.000000
02-07 15:43:39.263  2816  2922 V WindowManager: Finish starting ActivityRecord{2597437 u0 com.etrsystems.axisight/.UsbCameraActivity t3332}: first real window is shown, no animation
02-07 15:43:39.263  2816  2922 V WindowManager: Schedule remove starting ActivityRecord{2597437 u0 com.etrsystems.axisight/.UsbCameraActivity t3332} startingWindow=Window{108cea9 u0 Splash Screen com.etrsystems.axisight} animate=true Callers=com.android.server.wm.ActivityRecord.removeStartingWindow:178 com.android.server.wm.WindowState.performShowLocked:155 com.android.server.wm.WindowStateAnimator.commitFinishDrawingLocked:73 com.android.server.wm.DisplayContent$$ExternalSyntheticLambda1.accept$com$android$server$wm$DisplayContent$$ExternalSyntheticLambda37:23 com.android.server.wm.DisplayContent$$ExternalSyntheticLambda1.accept:143 
02-07 15:43:39.263  2816  2922 D TaskOrganizerController: applyStartingWindowAnimation, window=Window{76dd86f u0 com.etrsystems.axisight/com.etrsystems.axisight.UsbCameraActivity}, caller=com.android.server.wm.TaskOrganizerController.removeStartingWindow:132 com.android.server.wm.StartingSurfaceController$StartingSurface.remove:23 com.android.server.wm.ActivityRecord.removeStartingWindowAnimation:171 
02-07 15:43:39.263  2816  2922 I WindowManager: Reparenting to leash, surface=Surface(name=76dd86f com.etrsystems.axisight/com.etrsystems.axisight.UsbCameraActivity)/@0x47aae7b, leashParent=Surface(name=ActivityRecord{2597437 u0 com.etrsystems.axisight/.UsbCameraActivity t3332})/@0x787f498
02-07 15:43:39.263  1882  1936 I SurfaceFlinger: id=4105 createSurf, flag=24000, Surface(name=76dd86f com.etrsystems.axisight/com.etrsystems.axisight.UsbCameraActivity)/@0x47aae7b - animation-leash of starting_reveal#4105
02-07 15:43:39.263  2816  2922 D WindowManager: makeSurface duration=0 leash=Surface(name=Surface(name=76dd86f com.etrsystems.axisight/com.etrsystems.axisight.UsbCameraActivity)/@0x47aae7b - animation-leash of starting_reveal)/@0x6f9a4f1
02-07 15:43:39.263  6305  6382 D SessionLifecycleService: Generated new session fbd8a30e6f64487c8baab003ca83fe6d
02-07 15:43:39.263  6305  6382 D SessionLifecycleService: Broadcasting new session: SessionDetails(sessionId=fbd8a30e6f64487c8baab003ca83fe6d, firstSessionId=fbd8a30e6f64487c8baab003ca83fe6d, sessionIndex=0, sessionStartTimestampUs=1770497019263000)
02-07 15:43:39.263  2816  2922 V WindowManager: performShowLocked: mDrawState=HAS_DRAWN in Window{76dd86f u0 com.etrsystems.axisight/com.etrsystems.axisight.UsbCameraActivity}
02-07 15:43:39.263  2816  2922 D SurfaceComposerClient: setCornerRadius ## 76dd86f com.etrsystems.axisight/com.etrsystems.axisight.UsbCameraActivity#4101 cornerRadius=0.000000
02-07 15:43:39.263  4527  4621 D ShellTaskOrganizer: removeStartingWindow, removalInfo=StartingWindowRemovalInfo{taskId=3332 frame=Rect(0, 0 - 1440, 3120) playRevealAnimation=true roundedCornerRadius=0.0 deferRemoveMode=0 windowlessSurface=false removeImmediately=false}
02-07 15:43:39.263  2816  2922 D SurfaceComposerClient: setCornerRadius ## 108cea9 Splash Screen com.etrsystems.axisight#4095 cornerRadius=0.000000
02-07 15:43:39.264  2816  2922 D SurfaceComposerClient: setCornerRadius ## 76dd86f com.etrsystems.axisight/com.etrsystems.axisight.UsbCameraActivity#4101 cornerRadius=0.000000
02-07 15:43:39.264  2816  2922 D SurfaceComposerClient: setCornerRadius ## 108cea9 Splash Screen com.etrsystems.axisight#4095 cornerRadius=0.000000
02-07 15:43:39.264  2816  2922 D SurfaceComposerClient: setCornerRadius ## 76dd86f com.etrsystems.axisight/com.etrsystems.axisight.UsbCameraActivity#4101 cornerRadius=0.000000
02-07 15:43:39.264  6305  6343 D SessionFirelogPublisher: Data Collection is enabled for at least one Subscriber
02-07 15:43:39.264  2816  2918 D [secipm]: mSecIpmManager report to nap
02-07 15:43:39.264  2816  2918 I PkgPredictorService-SecIpmManagerServiceImpl: reportToNAP uid:10686 com.etrsystems.axisight/com.etrsystems.axisight.UsbCameraActivity thisTime:265
02-07 15:43:39.264  2816  2918 D PkgPredictorService-SecIpmManagerServiceImpl: reportToNAP: mHeavyLaunchCounter is false
02-07 15:43:39.264  6305  6343 W InstallationId: Error getting authentication token.
02-07 15:43:39.264  6305  6343 W InstallationId: java.lang.IllegalArgumentException: Please set a valid API key. A Firebase API key is required to communicate with Firebase server APIs: It authenticates your project with Google.Please refer to https://firebase.google.com/support/privacy/init-options.
02-07 15:43:39.264  6305  6343 W InstallationId: 	at com.google.android.gms.common.internal.Preconditions.checkArgument(com.google.android.gms:play-services-basement@@18.3.0:2)
02-07 15:43:39.264  6305  6343 W InstallationId: 	at com.google.firebase.installations.FirebaseInstallations.preConditionChecks(FirebaseInstallations.java:178)
02-07 15:43:39.264  6305  6343 W InstallationId: 	at com.google.firebase.installations.FirebaseInstallations.getToken(FirebaseInstallations.java:259)
02-07 15:43:39.264  6305  6343 W InstallationId: 	at com.google.firebase.sessions.InstallationId$Companion.create(InstallationId.kt:32)
02-07 15:43:39.264  6305  6343 W InstallationId: 	at com.google.firebase.sessions.settings.RemoteSettings.updateSettings(RemoteSettings.kt:76)
02-07 15:43:39.264  6305  6343 W InstallationId: 	at com.google.firebase.sessions.settings.SessionsSettings.updateSettings(SessionsSettings.kt:139)
02-07 15:43:39.264  6305  6343 W InstallationId: 	at com.google.firebase.sessions.SessionFirelogPublisherImpl.shouldLogSession(SessionFirelogPublisher.kt:94)
02-07 15:43:39.264  6305  6343 W InstallationId: 	at com.google.firebase.sessions.SessionFirelogPublisherImpl.access$shouldLogSession(SessionFirelogPublisher.kt:47)
02-07 15:43:39.264  6305  6343 W InstallationId: 	at com.google.firebase.sessions.SessionFirelogPublisherImpl$logSession$1.invokeSuspend(SessionFirelogPublisher.kt:63)
02-07 15:43:39.264  6305  6343 W InstallationId: 	at kotlin.coroutines.jvm.internal.BaseContinuationImpl.resumeWith(ContinuationImpl.kt:33)
02-07 15:43:39.264  6305  6343 W InstallationId: 	at kotlinx.coroutines.DispatchedTask.run(DispatchedTask.kt:106)
02-07 15:43:39.264  6305  6343 W InstallationId: 	at java.util.concurrent.ThreadPoolExecutor.runWorker(ThreadPoolExecutor.java:1156)
02-07 15:43:39.264  6305  6343 W InstallationId: 	at java.util.concurrent.ThreadPoolExecutor$Worker.run(ThreadPoolExecutor.java:651)
02-07 15:43:39.264  6305  6343 W InstallationId: 	at com.google.firebase.concurrent.CustomThreadFactory.lambda$newThread$0$com-google-firebase-concurrent-CustomThreadFactory(CustomThreadFactory.java:47)
02-07 15:43:39.264  6305  6343 W InstallationId: 	at com.google.firebase.concurrent.CustomThreadFactory$$ExternalSyntheticLambda0.run(D8$$SyntheticClass:0)
02-07 15:43:39.264  6305  6343 W InstallationId: 	at java.lang.Thread.run(Thread.java:1119)
02-07 15:43:39.264  6305  6343 W InstallationId: Error getting Firebase installation id .
02-07 15:43:39.264  6305  6343 W InstallationId: java.lang.IllegalArgumentException: Please set a valid API key. A Firebase API key is required to communicate with Firebase server APIs: It authenticates your project with Google.Please refer to https://firebase.google.com/support/privacy/init-options.
02-07 15:43:39.264  6305  6343 W InstallationId: 	at com.google.android.gms.common.internal.Preconditions.checkArgument(com.google.android.gms:play-services-basement@@18.3.0:2)
02-07 15:43:39.264  6305  6343 W InstallationId: 	at com.google.firebase.installations.FirebaseInstallations.preConditionChecks(FirebaseInstallations.java:178)
02-07 15:43:39.264  6305  6343 W InstallationId: 	at com.google.firebase.installations.FirebaseInstallations.getId(FirebaseInstallations.java:235)
02-07 15:43:39.264  6305  6343 W InstallationId: 	at com.google.firebase.sessions.InstallationId$Companion.create(InstallationId.kt:40)
02-07 15:43:39.264  6305  6343 W InstallationId: 	at com.google.firebase.sessions.settings.RemoteSettings.updateSettings(RemoteSettings.kt:76)
02-07 15:43:39.264  6305  6343 W InstallationId: 	at com.google.firebase.sessions.settings.SessionsSettings.updateSettings(SessionsSettings.kt:139)
02-07 15:43:39.264  6305  6343 W InstallationId: 	at com.google.firebase.sessions.SessionFirelogPublisherImpl.shouldLogSession(SessionFirelogPublisher.kt:94)
02-07 15:43:39.264  6305  6343 W InstallationId: 	at com.google.firebase.sessions.SessionFirelogPublisherImpl.access$shouldLogSession(SessionFirelogPublisher.kt:47)
02-07 15:43:39.264  6305  6343 W InstallationId: 	at com.google.firebase.sessions.SessionFirelogPublisherImpl$logSession$1.invokeSuspend(SessionFirelogPublisher.kt:63)
02-07 15:43:39.264  6305  6343 W InstallationId: 	at kotlin.coroutines.jvm.internal.BaseContinuationImpl.resumeWith(ContinuationImpl.kt:33)
02-07 15:43:39.264  6305  6343 W InstallationId: 	at kotlinx.coroutines.DispatchedTask.run(DispatchedTask.kt:106)
02-07 15:43:39.264  6305  6343 W InstallationId: 	at java.util.concurrent.ThreadPoolExecutor.runWorker(ThreadPoolExecutor.java:1156)
02-07 15:43:39.264  6305  6343 W InstallationId: 	at java.util.concurrent.ThreadPoolExecutor$Worker.run(ThreadPoolExecutor.java:651)
02-07 15:43:39.264  6305  6343 W InstallationId: 	at com.google.firebase.concurrent.CustomThreadFactory.lambda$newThread$0$com-google-firebase-concurrent-CustomThreadFactory(CustomThreadFactory.java:47)
