02-07 15:43:40.754  2816  3510 D UsbUI   : onUEvent(Host Interface): {SUBSYSTEM=usb, SEQNUM=23110, ACTION=bind, INTERFACE=9/0/0, DEVTYPE=usb_interface, PRODUCT=1a40/101/100, DRIVER=hub, MODALIAS=usb:v1A40p0101d0100dc09dsc00dp01ic09isc00ip00in00, DEVPATH=/devices/platform/soc/a600000.ssusb/a600000.dwc3/xhci-hcd.1.auto/usb1/1-1/1-1:1.0, TYPE=9/0/1}
02-07 15:43:40.754  1738  3730 I android.hardware.usb-service.qti: auto suspend usb interfaces /sys/devices/platform/soc/a600000.ssusb/a600000.dwc3/xhci-hcd.1.auto/usb1/1-1
02-07 15:43:40.754  2816  4523 D UsbHostManager: usbDeviceAdded - start: deviceAddress=/dev/bus/usb/001/005 deviceClass=9 deviceSubclass=0
02-07 15:43:40.754  2816  4523 D UsbHostManager: device class is deny listed
02-07 15:43:40.759  2816  5367 D FreecessHandler: freeze com.instagram.android(10458) result : 37
02-07 15:43:40.821  1003  1003 D io_stats: !@   8,0 r 4574369 118942784 w 975865 14060508 d 116574 12228956 f 19354 95460 iot 315012 0 th 0 0 0 pt 0 inp 0 0 14275.929
02-07 15:43:40.870  6305  6388 E UsbManager: exception in UsbManager.openDevice
02-07 15:43:40.870  6305  6388 E UsbManager: java.lang.IllegalArgumentException: device /dev/bus/usb/001/004 does not exist or is restricted
02-07 15:43:40.870  6305  6388 E UsbManager: 	at android.os.Parcel.createExceptionOrNull(Parcel.java:3358)
02-07 15:43:40.870  6305  6388 E UsbManager: 	at android.os.Parcel.createException(Parcel.java:3338)
02-07 15:43:40.870  6305  6388 E UsbManager: 	at android.os.Parcel.readException(Parcel.java:3321)
02-07 15:43:40.870  6305  6388 E UsbManager: 	at android.os.Parcel.readException(Parcel.java:3263)
02-07 15:43:40.870  6305  6388 E UsbManager: 	at android.hardware.usb.IUsbManager$Stub$Proxy.openDevice(IUsbManager.java:1240)
02-07 15:43:40.870  6305  6388 E UsbManager: 	at android.hardware.usb.UsbManager.openDevice(UsbManager.java:1501)
02-07 15:43:40.870  6305  6388 E UsbManager: 	at com.jiangdg.usb.USBMonitor$UsbControlBlock.<init>(USBMonitor.java:1028)
02-07 15:43:40.870  6305  6388 E UsbManager: 	at com.jiangdg.usb.USBMonitor$UsbControlBlock.<init>(USBMonitor.java:1002)
02-07 15:43:40.870  6305  6388 E UsbManager: 	at com.jiangdg.usb.USBMonitor.lambda$processConnect$0$com-jiangdg-usb-USBMonitor(USBMonitor.java:601)
02-07 15:43:40.870  6305  6388 E UsbManager: 	at com.jiangdg.usb.USBMonitor$$ExternalSyntheticLambda0.run(D8$$SyntheticClass:0)
02-07 15:43:40.870  6305  6388 E UsbManager: 	at android.os.Handler.handleCallback(Handler.java:995)
02-07 15:43:40.870  6305  6388 E UsbManager: 	at android.os.Handler.dispatchMessage(Handler.java:103)
02-07 15:43:40.870  6305  6388 E UsbManager: 	at android.os.Looper.loopOnce(Looper.java:273)
02-07 15:43:40.870  6305  6388 E UsbManager: 	at android.os.Looper.loop(Looper.java:363)
02-07 15:43:40.870  6305  6388 E UsbManager: 	at android.os.HandlerThread.run(HandlerThread.java:85)
02-07 15:43:40.870  6305  6388 E UsbManager: Caused by: android.os.RemoteException: Remote stack trace:
02-07 15:43:40.870  6305  6388 E UsbManager: 	at com.android.server.usb.UsbHostManager.openDevice(qb/105200555 c0feddb0bd04a7063fdfcf30df5d849bdad262bef9e1cab6383078e7868f3001:69)
02-07 15:43:40.870  6305  6388 E UsbManager: 	at com.android.server.usb.UsbService.openDevice(qb/105200555 c0feddb0bd04a7063fdfcf30df5d849bdad262bef9e1cab6383078e7868f3001:58)
02-07 15:43:40.870  6305  6388 E UsbManager: 	at android.hardware.usb.IUsbManager$Stub.onTransact(IUsbManager.java:614)
02-07 15:43:40.870  6305  6388 E UsbManager: 	at android.os.Binder.execTransactInternal(Binder.java:1457)
02-07 15:43:40.870  6305  6388 E UsbManager: 	at android.os.Binder.execTransact(Binder.java:1401)
02-07 15:43:40.870  6305  6388 E UsbManager: 
02-07 15:43:40.871  2816  5536 D UsbUserPermissionManager: checkPermission: uidList is null
--------- beginning of crash
02-07 15:43:40.871  6305  6388 E AndroidRuntime: FATAL EXCEPTION: USBMonitor
02-07 15:43:40.871  6305  6388 E AndroidRuntime: Process: com.etrsystems.axisight, PID: 6305
02-07 15:43:40.871  6305  6388 E AndroidRuntime: java.lang.SecurityException: User has not given 10686/com.etrsystems.axisight permission to access device /dev/bus/usb/001/004
02-07 15:43:40.871  6305  6388 E AndroidRuntime: 	at android.os.Parcel.createExceptionOrNull(Parcel.java:3354)
02-07 15:43:40.871  6305  6388 E AndroidRuntime: 	at android.os.Parcel.createException(Parcel.java:3338)
02-07 15:43:40.871  6305  6388 E AndroidRuntime: 	at android.os.Parcel.readException(Parcel.java:3321)
02-07 15:43:40.871  6305  6388 E AndroidRuntime: 	at android.os.Parcel.readException(Parcel.java:3263)
02-07 15:43:40.871  6305  6388 E AndroidRuntime: 	at android.hardware.usb.IUsbSerialReader$Stub$Proxy.getSerial(IUsbSerialReader.java:128)
02-07 15:43:40.871  6305  6388 E AndroidRuntime: 	at android.hardware.usb.UsbDevice.getSerialNumber(UsbDevice.java:157)
02-07 15:43:40.871  6305  6388 E AndroidRuntime: 	at com.jiangdg.usb.USBMonitor.updateDeviceInfo(USBMonitor.java:937)
02-07 15:43:40.871  6305  6388 E AndroidRuntime: 	at com.jiangdg.usb.USBMonitor$UsbControlBlock.<init>(USBMonitor.java:1030)
02-07 15:43:40.871  6305  6388 E AndroidRuntime: 	at com.jiangdg.usb.USBMonitor$UsbControlBlock.<init>(USBMonitor.java:1002)
02-07 15:43:40.871  6305  6388 E AndroidRuntime: 	at com.jiangdg.usb.USBMonitor.lambda$processConnect$0$com-jiangdg-usb-USBMonitor(USBMonitor.java:601)
02-07 15:43:40.871  6305  6388 E AndroidRuntime: 	at com.jiangdg.usb.USBMonitor$$ExternalSyntheticLambda0.run(D8$$SyntheticClass:0)
02-07 15:43:40.871  6305  6388 E AndroidRuntime: 	at android.os.Handler.handleCallback(Handler.java:995)
02-07 15:43:40.871  6305  6388 E AndroidRuntime: 	at android.os.Handler.dispatchMessage(Handler.java:103)
02-07 15:43:40.871  6305  6388 E AndroidRuntime: 	at android.os.Looper.loopOnce(Looper.java:273)
02-07 15:43:40.871  6305  6388 E AndroidRuntime: 	at android.os.Looper.loop(Looper.java:363)
02-07 15:43:40.871  6305  6388 E AndroidRuntime: 	at android.os.HandlerThread.run(HandlerThread.java:85)
02-07 15:43:40.872  6305  6388 E AxisightApp: Suppressed known USBMonitor permission race crash
02-07 15:43:40.872  6305  6388 E AxisightApp: java.lang.SecurityException: User has not given 10686/com.etrsystems.axisight permission to access device /dev/bus/usb/001/004
02-07 15:43:40.872  6305  6388 E AxisightApp: 	at android.os.Parcel.createExceptionOrNull(Parcel.java:3354)
02-07 15:43:40.872  6305  6388 E AxisightApp: 	at android.os.Parcel.createException(Parcel.java:3338)
02-07 15:43:40.872  6305  6388 E AxisightApp: 	at android.os.Parcel.readException(Parcel.java:3321)
02-07 15:43:40.872  6305  6388 E AxisightApp: 	at android.os.Parcel.readException(Parcel.java:3263)
02-07 15:43:40.872  6305  6388 E AxisightApp: 	at android.hardware.usb.IUsbSerialReader$Stub$Proxy.getSerial(IUsbSerialReader.java:128)
02-07 15:43:40.872  6305  6388 E AxisightApp: 	at android.hardware.usb.UsbDevice.getSerialNumber(UsbDevice.java:157)
02-07 15:43:40.872  6305  6388 E AxisightApp: 	at com.jiangdg.usb.USBMonitor.updateDeviceInfo(USBMonitor.java:937)
02-07 15:43:40.872  6305  6388 E AxisightApp: 	at com.jiangdg.usb.USBMonitor$UsbControlBlock.<init>(USBMonitor.java:1030)
02-07 15:43:40.872  6305  6388 E AxisightApp: 	at com.jiangdg.usb.USBMonitor$UsbControlBlock.<init>(USBMonitor.java:1002)
02-07 15:43:40.872  6305  6388 E AxisightApp: 	at com.jiangdg.usb.USBMonitor.lambda$processConnect$0$com-jiangdg-usb-USBMonitor(USBMonitor.java:601)
02-07 15:43:40.872  6305  6388 E AxisightApp: 	at com.jiangdg.usb.USBMonitor$$ExternalSyntheticLambda0.run(D8$$SyntheticClass:0)
02-07 15:43:40.872  6305  6388 E AxisightApp: 	at android.os.Handler.handleCallback(Handler.java:995)
02-07 15:43:40.872  6305  6388 E AxisightApp: 	at android.os.Handler.dispatchMessage(Handler.java:103)
02-07 15:43:40.872  6305  6388 E AxisightApp: 	at android.os.Looper.loopOnce(Looper.java:273)
02-07 15:43:40.872  6305  6388 E AxisightApp: 	at android.os.Looper.loop(Looper.java:363)
02-07 15:43:40.872  6305  6388 E AxisightApp: 	at android.os.HandlerThread.run(HandlerThread.java:85)
02-07 15:43:40.878  6305  6305 I Toast   : show: caller = com.etrsystems.axisight.AxisightApp.installUsbMonitorCrashGuard$lambda$1$lambda$0:29 
02-07 15:43:40.879  6305  6305 I Toast   : show: contextDispId = 0 mCustomDisplayId = -1 focusedDisplayId = 0 isActivityContext = false
02-07 15:43:40.880  2816  4778 W ContextImpl: Calling a method in the system process without a qualified user: android.app.ContextImpl.sendBroadcast:1335 com.android.server.notification.NotificationManagerService$17.enqueueToastForDex:62 com.android.server.notification.NotificationManagerService$17.enqueueTextToastForDex:17 android.app.INotificationManager$Stub.onTransact:4630 android.os.Binder.execTransactInternal:1457 
02-07 15:43:40.881  1882  5279 I SurfaceFlinger: id=4107 createSurf, flag=84004, WindowToken{6fdbc2b type=2005 android.os.Binder@f615c7a}#4107
02-07 15:43:40.882  6305  6305 W WindowOnBackDispatcher: OnBackInvokedCallback is not enabled for the application.
02-07 15:43:40.882  6305  6305 W WindowOnBackDispatcher: Set 'android:enableOnBackInvokedCallback="true"' in the application manifest.
02-07 15:43:40.882  6305  6305 I MultiCameraClient: unRegister...
02-07 15:43:40.882  6305  6305 I USBMonitor: destroy:
02-07 15:43:40.884  4527  4527 E AppIconSolution: Using cached contents available for com.priyanka.DarkGreenSummerGrunge.appiconpack
02-07 15:43:40.884  4527  4527 I AppIconSolution: start to load, pkg=com.etrsystems.axisight, bg=144-144, dr=252-252, forDefault=false, density=0
02-07 15:43:40.886  4527  4527 I AppIconSolution: scale down, pkg=com.etrsystems.axisight, dr=216-216, bg=144-144
02-07 15:43:40.886  4527  4527 I AppIconSolution: getIconScale, pkg=com.etrsystems.axisight, size=216, iconScale=IconScale[alpha=1, scale=0.59999996, isCrop=false]
02-07 15:43:40.886  4527  4527 I AppIconSolution: fromTheme2, pkg=com.etrsystems.axisight, bg=144-144, dr=216-216, tarScale=0.59999996, relScale=0.4037383, mask=false, isCropInTheme = false, isNight = true
02-07 15:43:40.887  4527  4527 V ToastPresenter: yOffset = 224
02-07 15:43:40.887  4527  4527 V ToastPresenter: Text: VSB  in android.widget.ToastPresenter@c23e41a
02-07 15:43:40.887  4527  4527 I WindowManager: WindowManagerGlobal#addView, ty=2005, view=android.widget.LinearLayout{e43b4b V.E...... ......I. 0,0-0,0}, caller=android.view.WindowManagerImpl.addView:158 android.widget.ToastPresenter.addToastView:424 android.widget.ToastPresenter.show:325 
02-07 15:43:40.887  4527  4527 D ViewRootImpl: desktopMode is false
02-07 15:43:40.887  4527  4527 I ViewRootImpl: dVRR is disabled
02-07 15:43:40.888  4527  4664 D NativeCustomFrequencyManager: [NativeCFMS] BpCustomFrequencyManager::BpCustomFrequencyManager()
02-07 15:43:40.888  1882  5279 I VSyncReactor: Current= 120, Period= 120, Distance= 1
02-07 15:43:40.889  1747  1747 I SS_POWER_HINT_SESSION: SS_ADPF 4527-10046-a410 PowerHintSession createHintSession : , 4662, 4663, 4527, 4664 : 16666667
02-07 15:43:40.889  2816  5536 D InputTransport: Input channel constructed: 'f98c646', fd=1275
02-07 15:43:40.889  2816  5536 D InputTransport: Input channel constructed: 'f98c646', fd=1280
02-07 15:43:40.889  2816  5536 D InputTransport: Input channel constructed: 'f98c646', fd=1282
02-07 15:43:40.889  1882  2393 I CompositionEngine: [setDisplaySize] size=(214, 53)
02-07 15:43:40.889  2816  5536 D InputTransport: Input channel destroyed: 'f98c646', fd=1280
02-07 15:43:40.890  1882  1936 I SurfaceFlinger: id=4108 createSurf, flag=84004, f98c646 Toast#4108
02-07 15:43:40.890  2816  5536 D RestrictionPolicy: isScreenCaptureEnabled : ret=true userId=0
02-07 15:43:40.890  1744  1885 I HYPER-HAL: [RequestManager.cpp]acquire(): Acquired ID : 4684643  [1747 / 1313]    HINT :      list : [TID_LOW_LATENCY / 1] [TID / 4662] [TID / 4663] [TID / 4527] [TID / 4664] 
02-07 15:43:40.890  2816  5536 D InputTransport: Input channel destroyed: 'f98c646', fd=1282
02-07 15:43:40.890  4527  4527 D InputTransport: Input channel constructed: 'f98c646', fd=522
02-07 15:43:40.890  2816  4778 D HintManagerService: SystemUI make new AppHintSession but force pause
02-07 15:43:40.891  1744  1885 I HYPER-HAL: [RequestManager.cpp]acquire(): Acquired ID : 4684643  [1747 / 1313]    HINT :      list : [TID_LOW_LATENCY / 0] [TID / 4662] [TID / 4663] [TID / 4527] [TID / 4664] 
02-07 15:43:40.891  4527  4527 I InsetsController: onStateChanged: host=Toast, from=android.view.ViewRootImpl.onInsetsStateChanged:3026, state=InsetsState: {mDisplayFrame=Rect(0, 0 - 1440, 3120), mDisplayCutout=DisplayCutout{insets=Rect(0, 113 - 0, 0) waterfall=Insets{left=0, top=0, right=0, bottom=0} boundingRect={Bounds=[Rect(0, 0 - 0, 0), Rect(685, 0 - 755, 113), Rect(0, 0 - 0, 0), Rect(0, 0 - 0, 0)]} cutoutPathParserInfo={CutoutPathParserInfo{displayWidth=1440 displayHeight=3120 physicalDisplayWidth=1440 physicalDisplayHeight=3120 density={3.75} cutoutSpec={M 0,0 H -9.333333333333333 V 30.13333333333333 H 9.333333333333333 V 0 H 0 Z @dp} rotation={0} scale={1.0} physicalPixelDisplaySizeRatio={1.0}}} sideOverrides={}}, mRoundedCorners=RoundedCorners{[RoundedCorner{position=TopLeft, radius=53, center=Point(53, 53)}, RoundedCorner{position=TopRight, radius=53, center=Point(1387, 53)}, RoundedCorner{position=BottomRight, radius=53, center=Point(1387, 3067)}, RoundedCorner{position=BottomLeft, radius=53, center=Point(53, 3067)}]}  mRoundedCornerFrame=Rect(0, 0 - 0, 0), mPrivacyIndicatorBounds=PrivacyIndicatorBounds {static bounds=Rect(1286, 0 - 1440, 113) rotation=0}, mDisplayShape=DisplayShape{ spec=-311912193 displayWidth=1440 displayHeight=3120 physicalPixelDisplaySizeRatio=1.0 rotation=0 offsetX=0 offsetY=0 scale=1.0}, mSources= { InsetsSource: {a56c0001 mType=navigationBars mFrame=[0,0][0,0] mVisible=true mFlags=SUPPRESS_SCRIM mSideHint=NONE mBoundingRects=null}, InsetsSource: {a56c0004 mType=systemGestures mFrame=[0,0][78,3120] mVisible=true mFlags= mSideHint=LEFT mBoundingRects=null}, InsetsSource: {a56c0005 mType=mandatorySystemGestures mFrame=[0,3008][1440,3120] mVisible=true mFlags= mSideHint=BOTTOM mBoundingRects=null}, InsetsSource: {a56c0006 mType=tappableElement mFrame=[0,0][0,0] mVisible=true mFlags= mSideHint=NONE mBoundingRects=null}, InsetsSource: {a56c0024 mType=systemGestures mFrame=[1362,0][1440,3120] mVisible=true mFlags= mSideHint=RIGHT mBoundingRects=null}, InsetsSource: {b2510000 mType=statusBars mFrame=[0,0][1440,113] mVisible=true mFlags= mSideHint=TOP mBoundingRects=null}, InsetsSource: {b2510005 mType=mandatorySystemGestures mFrame=[0,0][1440,155] mVisible=true mFlags= mSideHint=TOP mBoundingRects=null}, InsetsSource: {b2510006 mType=tappableElement mFrame=[0,0][1440,113] mVisible=true mFlags= mSideHint=TOP mBoundingRects=null}, InsetsSource: {3 mType=ime mFrame=[0,0][0,0] mVisible=false mFlags= mSideHint=NONE mBoundingRects=null}, InsetsSource: {27 mType=displayCutout mFrame=[0,0][1440,113] mVisible=true mFlags= mSideHint=TOP mBoundingRects=null} }
02-07 15:43:40.891  1744  1885 I HYPER-HAL: [RequestManager.cpp]releaseLocked(): Released ID : 4684643
02-07 15:43:40.891  1744  1885 I HYPER-HAL: [RequestManager.cpp]acquire(): Acquired ID : 4687705  [1747 / 1314]    HINT :      list : [UCLAMP_MIN_BOOST / 0] [TIMEOUT / 50] [TID / 4662] [TID / 4663] [TID / 4527] [TID / 4664] 
02-07 15:43:40.891  4527  4527 I VRI[Toast]@2404928: synced displayState. AttachInfo displayState=2
02-07 15:43:40.891  4527  4527 I VRI[Toast]@2404928: setView = android.widget.LinearLayout@e43b4b IsHRR=false mFlingFrameRateChange=0 TM=true
02-07 15:43:40.891  4527  4664 D HWUI    : HWUI - treat SMPTE_170M as sRGB
02-07 15:43:40.896  1882  1936 I VSyncReactor: Current= 120, Period= 120, Distance= 120
02-07 15:43:40.897  1882  1882 I SurfaceFlinger: RequestedLayer [WindowToken{6fdbc2b type=2005 android.os.Binder@f615c7a}#4107] hidden!! flag  from(1) --> to(0)
02-07 15:43:40.897  1882  1882 I SurfaceFlinger: [WindowToken{6fdbc2b type=2005 android.os.Binder@f615c7a}#4107] attach to parent LayerHierarchy{RequestedLayerState{Leaf:20:21#30 parentId=29} 2 children}
02-07 15:43:40.897  1882  1882 I SurfaceFlinger: [f98c646 Toast#4108] attach to parent LayerHierarchy{RequestedLayerState{WindowToken{6fdbc2b type=2005 android.os.Binder@f615c7a}#4107 parentId=30 z=1} 1 children}
02-07 15:43:40.897  2816  4778 I WindowManager: Relayout Window{f98c646 u0 Toast}: viewVisibility=0 req=1120x176 ty=2005 d0
02-07 15:43:40.897  1882  1936 I SurfaceFlinger: id=4109 createSurf, flag=44004, Toast$_4527#4109
02-07 15:43:40.897  2816  4778 D WindowManager: makeSurface duration=0 name=Toast$_4527
02-07 15:43:40.897  2816  4778 D SurfaceComposerClient: setCornerRadius ## 76dd86f com.etrsystems.axisight/com.etrsystems.axisight.UsbCameraActivity#4101 cornerRadius=0.000000
02-07 15:43:40.898  2816  4778 D SurfaceComposerClient: setCornerRadius ## 76dd86f com.etrsystems.axisight/com.etrsystems.axisight.UsbCameraActivity#4101 cornerRadius=0.000000
02-07 15:43:40.898  2816  4778 I WindowManager: Relayout hash=f98c646, pid=4527, syncId=-1: mAttrs={(0,224)(wrapxwrap) gr=BOTTOM CENTER sim={adjust=pan} ty=TOAST fmt=TRANSLUCENT wanim=0x1030004 receive insets ignoring z-order
02-07 15:43:40.898  2816  4778 I WindowManager:   fl=1000098
02-07 15:43:40.898  2816  4778 I WindowManager:   pfl=30000000
02-07 15:43:40.898  2816  4778 I WindowManager:   bhv=1
02-07 15:43:40.898  2816  4778 I WindowManager:   fitTypes=20f
02-07 15:43:40.898  2816  4778 I WindowManager:   fitIgnoreVis
02-07 15:43:40.898  2816  4778 I WindowManager:   frameRateBoostOnTouch=true
02-07 15:43:40.898  2816  4778 I WindowManager:   dvrrWindowFrameRateHint=true naviIconColor=0}
02-07 15:43:40.898  4527  4527 I BufferQueueProducer: [](id:11af000000c1,api:0,p:1144822352,c:4527) setDequeueTimeout:2077252342
02-07 15:43:40.899  4527  4527 I BLASTBufferQueue_Java: new BLASTBufferQueue, mName= VRI[Toast]@2404928 mNativeObject= 0xb4000072a450de40 caller= android.view.ViewRootImpl.updateBlastSurfaceIfNeeded:3585 android.view.ViewRootImpl.relayoutWindow:11685 android.view.ViewRootImpl.performTraversals:4804 android.view.ViewRootImpl.doTraversal:3924 android.view.ViewRootImpl$TraversalRunnable.run:12903 android.view.Choreographer$CallbackRecord.run:1901 android.view.Choreographer$CallbackRecord.run:1910 android.view.Choreographer.doCallbacks:1367 android.view.Choreographer.doFrame:1292 android.view.Choreographer$FrameDisplayEventReceiver.run:1870 
02-07 15:43:40.899  4527  4527 I BLASTBufferQueue_Java: update, w= 1120 h= 176 mName = VRI[Toast]@2404928 mNativeObject= 0xb4000072a450de40 sc.mNativeObject= 0xb40000719438bc50 format= -3 caller= android.view.ViewRootImpl.updateBlastSurfaceIfNeeded:3590 android.view.ViewRootImpl.relayoutWindow:11685 android.view.ViewRootImpl.performTraversals:4804 android.view.ViewRootImpl.doTraversal:3924 android.view.ViewRootImpl$TraversalRunnable.run:12903 android.view.Choreographer$CallbackRecord.run:1901 
02-07 15:43:40.899  4527  4527 I VRI[Toast]@2404928: Relayout returned: old=(0,113,1440,3120) new=(160,2720,1280,2896) relayoutAsync=false req=(1120,176)0 dur=1 res=0x3 s={true 0xb40000721434f460} ch=true seqId=0
02-07 15:43:40.899  4527  4527 I VRI[Toast]@2404928: performConfigurationChange setNightDimText nightDimLevel=0
02-07 15:43:40.899  4527  4527 D VRI[Toast]@2404928: mThreadedRenderer.initialize() mSurface={isValid=true 0xb40000721434f460} hwInitialized=true
02-07 15:43:40.900  4527  4527 D VRI[Toast]@2404928: reportNextDraw android.view.ViewRootImpl.performTraversals:5443 android.view.ViewRootImpl.doTraversal:3924 android.view.ViewRootImpl$TraversalRunnable.run:12903 android.view.Choreographer$CallbackRecord.run:1901 android.view.Choreographer$CallbackRecord.run:1910 
02-07 15:43:40.900  4527  4527 D VRI[Toast]@2404928: Setup new sync=wmsSync-VRI[Toast]@2404928#76
02-07 15:43:40.900  4527  4527 I VRI[Toast]@2404928: Creating new active sync group VRI[Toast]@2404928#77
02-07 15:43:40.900  4527  4527 D VRI[Toast]@2404928: registerCallbacksForSync syncBuffer=false
02-07 15:43:40.900  4527  4663 D VRI[Toast]@2404928: Received frameDrawingCallback syncResult=0 frameNum=1.
02-07 15:43:40.900  4527  4663 I VRI[Toast]@2404928: mWNT: t=0xb4000072c4403c50 mBlastBufferQueue=0xb4000072a450de40 fn= 1 HdrRenderState mRenderHdrSdrRatio=1.0 caller= android.view.ViewRootImpl$12.onFrameDraw:15441 android.view.ThreadedRenderer$1.onFrameDraw:718 <bottom of call stack> 
02-07 15:43:40.900  4527  4663 I VRI[Toast]@2404928: Setting up sync and frameCommitCallback
02-07 15:43:40.901  4527  4664 I BLASTBufferQueue: [VRI[Toast]@2404928#193](f:0,a:0,s:0) onFrameAvailable the first frame is available
02-07 15:43:40.901  4527  4664 I SurfaceComposerClient: apply transaction with the first frame. layerId: 4109, bufferData(ID: 19443316950514, frameNumber: 1)
02-07 15:43:40.901  4527  4664 I VRI[Toast]@2404928: Received frameCommittedCallback lastAttemptedDrawFrameNum=1 didProduceBuffer=true
02-07 15:43:40.901  1882  1936 I SurfaceFlinger: [Toast$_4527#4109] setTransactionState with the first frame. bufferData(ID: 19443316950514, frameNumber: 1)
02-07 15:43:40.901  4527  4664 D HWUI    : CFMS:: SetUp Pid : 4527    Tid : 4664
02-07 15:43:40.901  4527  4527 D VRI[Toast]@2404928: reportDrawFinished seqId=0
02-07 15:43:40.902  2816  4778 D WindowManager: finishDrawingWindow: Window{f98c646 u0 Toast} mDrawState=DRAW_PENDING seqId=0
02-07 15:43:40.902  2816  2922 D SurfaceComposerClient: setCornerRadius ## 76dd86f com.etrsystems.axisight/com.etrsystems.axisight.UsbCameraActivity#4101 cornerRadius=0.000000
02-07 15:43:40.902  2816  2922 I WindowManager: Reparenting to leash, surface=Surface(name=f98c646 Toast)/@0x8f4581e, leashParent=Surface(name=WindowToken{6fdbc2b type=2005 android.os.Binder@f615c7a})/@0x816d8ff
02-07 15:43:40.902  1882  1936 I SurfaceFlinger: id=4110 createSurf, flag=24004, Surface(name=f98c646 Toast)/@0x8f4581e - animation-leash of window_animation#4110
02-07 15:43:40.902  2816  2922 D WindowManager: makeSurface duration=0 leash=Surface(name=Surface(name=f98c646 Toast)/@0x8f4581e - animation-leash of window_animation)/@0xc1246cc
02-07 15:43:40.902  2816  2922 V WindowManager: performShowLocked: mDrawState=HAS_DRAWN in Window{f98c646 u0 Toast}
02-07 15:43:40.902  2816  2922 D SurfaceComposerClient: setCornerRadius ## 76dd86f com.etrsystems.axisight/com.etrsystems.axisight.UsbCameraActivity#4101 cornerRadius=0.000000
02-07 15:43:40.902  2816  2922 D PowerManagerService: [api] acquire WakeLock SCREEN_BRIGHT_WAKE_LOCK           'WindowManager/displayId:0' ON_AFTER_RELEASE (uid=1000 pid=2816 ws=WorkSource{10046 com.android.systemui} displayId=0 lock=7f99aeb)
02-07 15:43:40.905  1882  1882 I SurfaceFlinger: RequestedLayer [f98c646 Toast#4108] hidden!! flag  from(1) --> to(0)
02-07 15:43:40.905  1882  1882 I SurfaceFlinger: [Toast$_4527#4109] attach to parent LayerHierarchy{RequestedLayerState{f98c646 Toast#4108 parentId=4107} 1 children}
02-07 15:43:40.905  1882  1882 I SurfaceFlinger: [Surface(name=f98c646 Toast)/@0x8f4581e - animation-leash of window_animation#4110] attach to parent LayerHierarchy{RequestedLayerState{WindowToken{6fdbc2b type=2005 android.os.Binder@f615c7a}#4107 parentId=30 z=1} 2 children}
02-07 15:43:40.913  1882  1882 I SurfaceFlinger: [Display 0 name="Built-in Screen"#49] setFrameRateCategory: High
02-07 15:43:40.913  1882  1882 E SurfaceFlinger: alpha changed 1.000 -> 0.000 - Surface(name=f98c646 Toast)/@0x8f4581e - animation-leash of window_animation#4110
02-07 15:43:40.913  1882  1882 I SurfaceFlinger: RequestedLayer [Toast$_4527#4109] hidden!! flag  from(1) --> to(0)
02-07 15:43:40.913  1882  1882 I SurfaceFlinger: RequestedLayer [Surface(name=f98c646 Toast)/@0x8f458[...]ation-leash of window_animation#4110] hidden!! flag  from(1) --> to(0)
02-07 15:43:40.913  1882  1882 E SurfaceFlinger: alpha changed 0.000 -> 0.000 - Surface(name=f98c646 Toast)/@0x8f4581e - animation-leash of window_animation#4110
02-07 15:43:40.913  1882  1882 I SurfaceFlinger: [LayerHierarchy{RequestedLayerState{f98c646 Toast#4108 parentId=4110} 1 children}] reparent to LayerHierarchy{RequestedLayerState{Surface(name=f98c646 Toast)/@0x8f4581e - animation-leash of window_animation#4110 parentId=4107} 1 children}
02-07 15:43:40.914  2816  2921 I DisplayDeviceRepository: Display device changed render timings: "Built-in Screen", renderFrameRate=120.00001, presentationDeadlineNanos=9333333, appVsyncOffsetNanos=8333333, frameRateOverrides=[{uid=10046 frameRateHz=120.00001}, {uid=10151 frameRateHz=120.00001}, {uid=10686 frameRateHz=120.00001}]
02-07 15:43:40.916  4527  4527 D DisplayLifecycle: updateDisplay id = 0
02-07 15:43:40.916  4959 32125 I HoneySpace.Memory-Monitor: current state = 2, didTrim = false
02-07 15:43:40.916  2816  2922 D SurfaceComposerClient: setCornerRadius ## 76dd86f com.etrsystems.axisight/com.etrsystems.axisight.UsbCameraActivity#4101 cornerRadius=0.000000
02-07 15:43:40.916  4527  4644 D StackScroller: onDisplayChanged for predraw skip to 2
02-07 15:43:40.917  2816  4778 D WifiDisplayAdapter: isFitToActiveDisplayLocked : false
02-07 15:43:40.922  1882  1882 E SurfaceFlinger: alpha changed 0.000 -> 0.063 - Surface(name=f98c646 Toast)/@0x8f4581e - animation-leash of window_animation#4110
02-07 15:43:40.926  1882  1882 D SurfaceFlinger: Display 4630947191136750483 HWC layers:
02-07 15:43:40.926  1882  1882 D SurfaceFlinger:        DEVICE |           27079768801282 | 00002102 | RGBA_8888    |    0.0    0.0 1440.0 3120.0 |    0    0 1440 3120 | com.etrsystems.axisight/com.etrsystems.axisight.UsbCameraActivity$_6305#4102 (2)
02-07 15:43:40.926  1882  1882 D SurfaceFlinger:        DEVICE |           37636798414882 | 00002100 | RGBA_8888    |    0.0    0.0    1.0    1.0 |  720 1616  721 1617 | $_8763#157 (53)
02-07 15:43:40.926  1882  1882 D SurfaceFlinger:        DEVICE |           19443316950397 | 00002100 | RGBA_8888    |    0.0    0.0 1440.0  113.0 |    0    0 1440  113 | StatusBar$_4527#109 (10159)
02-07 15:43:40.926  1882  1882 D SurfaceFlinger:        DEVICE |           21298742821437 | 00002100 | RGBA_8888    |    0.0    0.0   67.0  260.0 |    0  503   67  763 | com.sec.android.app.launcher/com.sam[...]el.app.CocktailBarService$_4959#3964 (1)
02-07 15:43:40.926  1882  1882 D SurfaceFlinger:        DEVICE |           19443316950514 | 00002100 | RGBA_8888    |    0.0    0.0 1120.0  176.0 |  160 2720 1280 2896 | Toast$_4527#4109 (1)
02-07 15:43:40.926  1882  1882 D SurfaceFlinger:        DEVICE |           19443316950465 | 00002100 | RGBA_8888    |    0.0    0.0 1440.0  168.0 |    0 2952 1440 3120 | NavigationBar0$_4527#105 (311
02-07 15:43:40.926  1882  1882 D SurfaceFlinger: 0)
02-07 15:43:40.926  1882  1882 D SurfaceFlinger: 
02-07 15:43:40.941  1744  6424 I HYPER-HAL: [RequestManager.cpp]releaseLocked(): Released ID : 4687705
02-07 15:43:40.982  2816  3628 E WifiStaIfaceAidlImpl: getCachedScanData failed with service-specific exception: android.os.ServiceSpecificException:  (code 4)
02-07 15:43:40.987  2816  3678 D ConnectivityService: notifyType CALLBACK_CAP_CHANGED for [109 WIFI]
02-07 15:43:40.988  2816  3777 I SemWifiLinkQualityMonitor: Link stat: 881 / 25 / 1.00 (31) / 2401 / -24.0 || 100.0 : 2401.00 / 0.5 : 1.00 / 0.55 : 0.03 / G (G) || 8391a6af6215: 0.077 / 103.313 / N || N N / 0 0 / N 2.0 / N X 0 / 14276095 0 || 2026-02-07 15:43:40  / 0: 0 0 0 0 0 0 / 0: 0 0 0 0 0 0 / 0: 0 0 0 0 0 0
02-07 15:43:40.989  2816  6784 D SemWifiUsabilityStatsMonitor: onWifiUsabilityStats - seqNum 3347, isSameBssidAndFreq true
02-07 15:43:40.989   539   539 W JobService: onNetworkChanged() not implemented in androidx.work.impl.background.systemjob.SystemJobService. Must override in a subclass.
02-07 15:43:40.989  2816  3778 D InsDataManager: onOutageCountUpdate() - Outage Data: 0, LQ : N. Outage Triggered: false
02-07 15:43:40.989  1882  2393 I CompositionEngine: [setDisplaySize] size=(214, 53)
02-07 15:43:40.990  2816  3778 D SemInsManager: {"bssid": "8391a6af6215","rssi": -24.0,"latency": 0.07743474876122487,"outage_count": 0,"lq_callback_triggered": false,"outage_log": "Link stat: 881 / 25 / 1.00 (31) / 2401 / -24.0 || 100.0 : 2401.00 / 0.5 : 1.00 / 0.55 : 0.03 / G (G) || 8391a6af6215: 0.077 / 103.313 / N || N N / 0 0 / N 2.0 / N X 0 / 14276095 0 || 2026-02-07 15:43:40  / 0: 0 0 0 0 0 0 / 0: 0 0 0 0 0 0 / 0: 0 0 0 0 0 0""Magnetic Sensor Events size": "0""Pressure Sensor Events size": "0"}
02-07 15:43:40.990  4527  4718 I WifiPickerTracker: DefaultNetworkCallback : onCapabilitiesChanged
02-07 15:43:40.990  4527  4718 I WifiPickerTracker: NetworkCallback : onCapabilitiesChanged
02-07 15:43:40.990  4527  4718 D WifiPickerTracker: updateWifiEntries capabilities
02-07 15:43:40.991  4527  4718 D WifiPickerTracker: update AutoHotspot Entries() : bleAccessPoints -> 0
02-07 15:43:40.991  4527  4718 D WifiPickerTracker: handleNetworkCapabilitiesChanged
02-07 15:43:40.992  2816  3795 D SGM:GameManager: identifyGamePackage. com.etrsystems.axisight, mCurrentUserId: 0, callingMethodInfo: com.samsung.android.game.SemGameManager.isGamePackage(SemGameManager.java:106)
02-07 15:43:40.992  2816  3795 D SGM:SemGameManager: isGamePackage(), pkgName=com.etrsystems.axisight, ret=false
02-07 15:43:40.993  7727  9087 I BugleRcsEngine: handleMessage processing message:[NOTIFY_UPTIME_IGNORE_STATE_CHANGED] with [non-null]:RcsEngineImpl reference [CONTEXT log_prefix="RcsEngineImpl[DUAL_REG]:[a33b517d-c28b]>Handler" thread_id=67 ]
02-07 15:43:40.993  7727  8812 I BugleRcsEngine: Connected state: [1], networkType: [WIFI] [CONTEXT thread_id=60 ]
02-07 15:43:40.993  4313  6266 I NullBinder: NullBinder for android.net.action.RECOMMEND_NETWORKS triggering remote TransactionTooLargeException due to Service without Chimera impl, calling uid: 1000, calling pid: 0
02-07 15:43:40.993  4313  6266 W .gms.persistent: Large reply transaction of 1056768 bytes, interface descriptor , code 1
02-07 15:43:40.993  4783  5348 D txpwrJni: sendNetworkInfo start
02-07 15:43:40.993  4783  5348 D txpwrJni: sendNetworkInfo RatType 0
02-07 15:43:40.994  2816  3754 D BackgroundInstallControlService: Package event received: 0
02-07 15:43:40.996   549   789 D WM-NetworkStateTracker: Network capabilities changed: [ Transports: WIFI Capabilities: NOT_METERED&INTERNET&NOT_RESTRICTED&TRUSTED&NOT_VPN&VALIDATED&NOT_ROAMING&FOREGROUND&NOT_CONGESTED&NOT_SUSPENDED&NOT_VCN_MANAGED&NOT_BANDWIDTH_CONSTRAINED LinkUpBandwidth>=158619Kbps LinkDnBandwidth>=102218Kbps TransportInfo: <SSID: <unknown ssid>, BSSID: 02:00:00:00:00:00, MAC: 02:00:00:00:00:00, IP: /192.168.1.161, Security type: 4, Supplicant state: COMPLETED, Wi-Fi standard: 11ax, RSSI: -24, Link speed: 2401Mbps, Tx Link speed: 2401Mbps, Max Supported Tx Link speed: 2401Mbps, Rx Link speed: 1200Mbps, Max Supported Rx Link speed: 2401Mbps, Frequency: 6215MHz, Net ID: -1, Metered hint: false, score: 60, isUsable: true, CarrierMerged: false, SubscriptionId: -1, IsPrimary: -1, Trusted: true, Restricted: false, Ephemeral: false, OEM paid: false, OEM private: false, OSU AP: false, FQDN: <none>, Provider friendly name: <none>, Requesting package name: <none><none>MLO Information: , Is TID-To-Link negotiation supported by the AP: false, AP MLD Address: <none>, AP MLO Link Id: <none>, AP MLO Affiliated links: <none>, Vendor Data: <none>> SignalStrength: -24 UnderlyingNetworks: Null]
02-07 15:43:40.996  2816  3729 D SemWifiApNsd:Client: lpInterface:wlan0
02-07 15:43:40.996  2816  3729 I WifiConnectivityMonitor.NCC: sNetworkCallback(oCC) FULL : 109(valid: true/captive: false)
02-07 15:43:40.997  2816  3729 I WifiConnectivityMonitor.NCC: [ Transports: WIFI Capabilities: NOT_METERED&INTERNET&NOT_RESTRICTED&TRUSTED&NOT_VPN&VALIDATED&NOT_ROAMING&FOREGROUND&NOT_CONGESTED&NOT_SUSPENDED&NOT_VCN_MANAGED&NOT_BANDWIDTH_CONSTRAINED LinkUpBandwidth>=158619Kbps LinkDnBandwidth>=102218Kbps TransportInfo: <SSID: <unknown ssid>, BSSID: 02:00:00:**:**:00, MAC: 02:00:00:**:**:00, IP: /192.***.*.161, Security type: 4, Supplicant state: COMPLETED, Wi-Fi standard: 11ax, RSSI: -24, Link speed: 2401Mbps, Tx Link speed: 2401Mbps, Max Supported Tx Link speed: 2401Mbps, Rx Link speed: 1200Mbps, Max Supported Rx Link speed: 2401Mbps, Frequency: 6215MHz, Net ID: -1, Metered hint: false, score: 60, isUsable: true, CarrierMerged: false, SubscriptionId: -1, IsPrimary: 1, Trusted: true, Restricted: false, Ephemeral: false, OEM paid: false, OEM private: false, OSU AP: false, FQDN: <none>, Provider friendly name: <none>, Requesting package name: <none><none>MLO Information: , Is TID-To-Link negotiation supported by the AP: false, AP MLD Address: <none>, AP MLO Link Id: <none>, AP MLO Affiliated links: <none>, Vendor Data: <none>> SignalStrength: -24 AdminUids: [1000] SSID: "PickSomeThing" UnderlyingNetworks: Null]
02-07 15:43:40.997  2816  3729 D SemWifiApTrafficPriority: onCapabilitiesChanged Wifi:wlan0,mGapiValue:102.218Uplink: 158.619
02-07 15:43:40.997  2816  3798 D SemApeService: Deducted link capacity (M: R=840 T=1680) RSSI=-24
02-07 15:43:40.997  2816  3798 D SemApeService: Deducted link capacity (M: R=840 T=1680) on (wlan0) GoogleAPI(M: R=102 T=158) RSSI=-24 isDefault=false isMlo=false
02-07 15:43:40.997  4030  4199 D WM-NetworkStateTracker: Network capabilities changed: [ Transports: WIFI Capabilities: NOT_METERED&INTERNET&NOT_RESTRICTED&TRUSTED&NOT_VPN&VALIDATED&NOT_ROAMING&FOREGROUND&NOT_CONGESTED&NOT_SUSPENDED&NOT_VCN_MANAGED&NOT_BANDWIDTH_CONSTRAINED LinkUpBandwidth>=158619Kbps LinkDnBandwidth>=102218Kbps TransportInfo: <SSID: <unknown ssid>, BSSID: 02:00:00:00:00:00, MAC: 02:00:00:00:00:00, IP: /192.168.1.161, Security type: 4, Supplicant state: COMPLETED, Wi-Fi standard: 11ax, RSSI: -24, Link speed: 2401Mbps, Tx Link speed: 2401Mbps, Max Supported Tx Link speed: 2401Mbps, Rx Link speed: 1200Mbps, Max Supported Rx Link speed: 2401Mbps, Frequency: 6215MHz, Net ID: -1, Metered hint: false, score: 60, isUsable: true, CarrierMerged: false, SubscriptionId: -1, IsPrimary: -1, Trusted: true, Restricted: false, Ephemeral: false, OEM paid: false, OEM private: false, OSU AP: false, FQDN: <none>, Provider friendly name: <none>, Requesting package name: <none><none>MLO Information: , Is TID-To-Link negotiation supported by the AP: false, AP MLD Address: <none>, AP MLO Link Id: <none>, AP MLO Affiliated links: <none>, Vendor Data: <none>> SignalStrength: -24 UnderlyingNetworks: Null]
02-07 15:43:40.997  2816  3812 D WifiConnectivityMonitor: HANDLE_ON_CAPABILITIES_CHANGED
02-07 15:43:40.997  2816  3812 I WifiConnectivityMonitor: determineMode : MODE_AGG_BY_SWITCH_TO_MOBILE_DATA_OPTION
02-07 15:43:40.997  2816  3812 D OpenNetworkQos[4.00]: updateBssidNoInternet: mBssidNoInternet = false
02-07 15:43:40.997  2816  3812 D OpenNetworkQos[4.00]: getOpenNetworkQosNoInternetStatus: false
02-07 15:43:40.997  2816  3812 D OpenNetworkQos[4.00]: getOpenNetworkQosScores: 0 0 0 
02-07 15:43:40.997  2816  3812 D KNOX_MDM_SettingsProvider: isChangeAllowed() : name = wifi_wcm_qos_sharing_score_summary
02-07 15:43:40.997  2816  3812 I WifiProfileShare: network QoS data was changed (internet), updateQoSData networkType: true, qosData: false
02-07 15:43:40.997  2816  3812 D WifiConnectivityMonitor: VALIDATED_DETECTED
02-07 15:43:40.998  2816  5421 V WifiProfileShare.Caster: update wips network, size: 0
02-07 15:43:40.998  2816  5421 D WifiProfileShare: nearby scanning settings run
02-07 15:43:40.998  2816  5421 D WifiProfileShare: network score provider settings enabled
02-07 15:43:40.998  2816  5421 D OpenNetworkQos[4.00]: getOpenNetworkQosScores: 0 0 0 
02-07 15:43:40.998  2816  5421 D OpenNetworkQos[4.00]: getOpenNetworkQosNoInternetStatus: false
02-07 15:43:40.998  2816  5421 I WifiProfileShare.Caster: current network type: 0, score: [0, 0, 0]
02-07 15:43:40.998  7727  9087 I BugleRcsEngine: Rcs is enabled from user settings: true [CONTEXT log_prefix="ProvisioningEngineDataRetriever" thread_id=67 ]
02-07 15:43:40.998  2816  5421 V WifiProfileShare.Cache: update network score 3c:f0:83:**:**:ae
02-07 15:43:40.998  2816  5421 D WifiProfileShare.ScanMatcher: getMcfDataList size:3
02-07 15:43:40.998  2816  5421 I WifiProfileShare.Caster: qos data was updated , before:type:QOS, pBssid:61:25:92, qosData:00 after:type:QOS, pBssid:61:25:92, qosData:00
02-07 15:43:40.998  5654  5821 D WM-NetworkStateTracker: Network capabilities changed: [ Transports: WIFI Capabilities: NOT_METERED&INTERNET&NOT_RESTRICTED&TRUSTED&NOT_VPN&VALIDATED&NOT_ROAMING&FOREGROUND&NOT_CONGESTED&NOT_SUSPENDED&NOT_VCN_MANAGED&NOT_BANDWIDTH_CONSTRAINED LinkUpBandwidth>=158619Kbps LinkDnBandwidth>=102218Kbps TransportInfo: <SSID: <unknown ssid>, BSSID: 02:00:00:00:00:00, MAC: 02:00:00:00:00:00, IP: /192.168.1.161, Security type: 4, Supplicant state: COMPLETED, Wi-Fi standard: 11ax, RSSI: -24, Link speed: 2401Mbps, Tx Link speed: 2401Mbps, Max Supported Tx Link speed: 2401Mbps, Rx Link speed: 1200Mbps, Max Supported Rx Link speed: 2401Mbps, Frequency: 6215MHz, Net ID: -1, Metered hint: false, score: 60, isUsable: true, CarrierMerged: false, SubscriptionId: -1, IsPrimary: -1, Trusted: true, Restricted: false, Ephemeral: false, OEM paid: false, OEM private: false, OSU AP: false, FQDN: <none>, Provider friendly name: <none>, Requesting package name: <none><none>MLO Information: , Is TID-To-Link negotiation supported by the AP: false, AP MLD Address: <none>, AP MLO Link Id: <none>, AP MLO Affiliated links: <none>, Vendor Data: <none>> SignalStrength: -24 UnderlyingNetworks: Null]
02-07 15:43:40.998  2816  5421 I [MCFSDK_android_1.3.7026]_4_McfCasterImpl: isNetworkEnabled - type : 1 ret : true
02-07 15:43:40.998  2816  5421 D WifiProfileShare.McfCast: -ME--- mIsNetworkEnabled :true
02-07 15:43:40.998  2816  5421 D WifiProfileShare.MCF: stop sharing QosData, invalid data
02-07 15:43:40.998  2816  5421 I [MCFSDK_android_1.3.7026]_4_McfCasterImpl: isNetworkEnabled - type : 1 ret : true
02-07 15:43:40.998  2816  5421 D WifiProfileShare.McfCast: -ME--- mIsNetworkEnabled :true
02-07 15:43:40.998  2816  5421 D WifiProfileShare.McfCast: -ME--- updatePasswordDate pwdData size:3
02-07 15:43:40.998  4527  4644 D AppOpsPrivacyItemMonitor: showLocationSystemApps  AppOpItem(Op code=1, UID=10298, AttributionTag=null, Package name=com.att.iqi, Paused=false)
02-07 15:43:41.005  4527  4527 W RefactorFlag: New code path expects SceneContainerFlag to be enabled.
02-07 15:43:41.006  4527  4527 D AiAgentEffect: onPrivacyItemsChanged privacyItems.size = 1
02-07 15:43:41.006  4527  4527 D AiAgentEffect: onPrivacyItemsChanged privacyItems isEmpty or found item is null
02-07 15:43:41.007  4959  5085 I HoneySpace.StatusIconTracker: invokeEvent() called with: event = PrivacyInfo(visible=false)
02-07 15:43:41.014  4527  4527 W View    : requestLayout() improperly called by com.android.systemui.qs.SecQSGradationDrawableView{dd136e8 V.E...... ......ID 0,0-1440,413 #7f0a0a16 app:id/qs_gradation_view} during layout: running second layout pass
02-07 15:43:41.014  4527  4527 W View    : requestLayout() improperly called by android.widget.FrameLayout{3f4101 V.E...... ......I. 0,0-1440,3120 #2} during layout: running second layout pass
02-07 15:43:41.014  4527  4527 W View    : requestLayout() improperly called by android.widget.FrameLayout{8832ba6 V.E...... ......ID 0,197-1440,3120 #7f0a0a14 app:id/qs_frame} during layout: running second layout pass
02-07 15:43:41.014  4527  4527 W RefactorFlag: New code path expects SceneContainerFlag to be enabled.
02-07 15:43:41.091  1882  2393 I CompositionEngine: [setDisplaySize] size=(214, 53)
02-07 15:43:41.106  2816  3779 I SemWifiCtlFeatureMediator: Trf ratio: 0.0% (0.04 / 731.28) v ( NR) || Query: BW false (false) 0.7 0.5 1.0 / NSS false (false) 1.0 1.0 1.0 
02-07 15:43:41.156  2816  2922 I WindowManager: Reparenting to original parent: Surface(name=WindowToken{6fdbc2b type=2005 android.os.Binder@f615c7a})/@0x816d8ff, destroy=true, surface=Surface(name=f98c646 Toast)/@0x8f4581e
02-07 15:43:41.157  2816  2922 D SurfaceComposerClient: setCornerRadius ## 76dd86f com.etrsystems.axisight/com.etrsystems.axisight.UsbCameraActivity#4101 cornerRadius=0.000000
02-07 15:43:41.165  2816  2922 D SurfaceComposerClient: setCornerRadius ## 76dd86f com.etrsystems.axisight/com.etrsystems.axisight.UsbCameraActivity#4101 cornerRadius=0.000000
02-07 15:43:41.171  1882  1882 I SurfaceFlinger: [Display 0 name="Built-in Screen"#49] setFrameRateCategory: Default
02-07 15:43:41.172  1882  1882 I SurfaceFlinger: [LayerHierarchy{RequestedLayerState{f98c646 Toast#4108 parentId=4107} 1 children}] reparent to LayerHierarchy{RequestedLayerState{WindowToken{6fdbc2b type=2005 android.os.Binder@f615c7a}#4107 parentId=30 z=1} 2 children}
02-07 15:43:41.172  1882  1882 I SurfaceFlinger: [LayerHierarchy{RequestedLayerState{Surface(name=f98c646 Toast)/@0x8f4581e - animation-leash of window_animation#4110} no children}] reparent to OffscreenRoot
02-07 15:43:41.172  1882  1882 I SurfaceFlinger: [LayerHierarchy{RequestedLayerState{Surface(name=f98c646 Toast)/@0x8f4581e - animation-leash of window_animation#4110} no children}] RelativeParent to null
02-07 15:43:41.172  1882  1882 I SurfaceFlinger: id=4110 Removed Surface(name=f98c646 Toast)/@0x8f4581e - animation-leash of window_animation#4110 (139)
02-07 15:43:41.175  2816  2921 I DisplayDeviceRepository: Display device changed render timings: "Built-in Screen", renderFrameRate=120.00001, presentationDeadlineNanos=9333333, appVsyncOffsetNanos=8333333, frameRateOverrides=[]
02-07 15:43:41.176  2816  2922 D SurfaceComposerClient: setCornerRadius ## 76dd86f com.etrsystems.axisight/com.etrsystems.axisight.UsbCameraActivity#4101 cornerRadius=0.000000
02-07 15:43:41.176  4527  4644 D StackScroller: onDisplayChanged for predraw skip to 2
02-07 15:43:41.176  2816  3703 D WifiDisplayAdapter: isFitToActiveDisplayLocked : false
02-07 15:43:41.176  4959 32125 I HoneySpace.Memory-Monitor: current state = 2, didTrim = false
02-07 15:43:41.176  4527  4527 D DisplayLifecycle: updateDisplay id = 0
02-07 15:43:41.180  1882  1882 I SurfaceFlinger: destroyed Surface(name=f98c646 Toast)/@0x8f4581e - animation-leash of window_animation#4110 form LifecycleManager
02-07 15:43:41.180  1882  1882 I SurfaceFlinger: id=4110 onLayerDestroyed from LayerHierarchyBuilder(RequestedLayerState{Surface(name=f98c646 Toast)/@0x8f4581e - animation-leash of window_animation#4110 !handle})
02-07 15:43:41.180  1882  1882 I Layer   : id=4110 Destroyed Surface(name=f98c646 Toast)/@0x8f4581e - animation-leash of window_animation#4110
02-07 15:43:41.192  1882  2393 I CompositionEngine: [setDisplaySize] size=(214, 53)
02-07 15:43:41.284  1758  2067 I SDM     : DisplayBase::CommitThread: Received idle timeout, panel: cmd, timeout: 70000 us
02-07 15:43:41.292  1882  2393 I CompositionEngine: [setDisplaySize] size=(214, 53)
02-07 15:43:41.297  2816  5367 I NSLocationMonitor: getGPSUsingApps() called
02-07 15:43:41.298  5369  5392 I NSLocationManager_FLP: getGPSUsingApps, No change
02-07 15:43:41.299  1747  1747 I SS_POWER_HINT_SESSION: SS_ADPF 4527-10046-9dd0 destroy
02-07 15:43:41.299  1744  1885 I HYPER-HAL: [RequestManager.cpp]acquire(): Acquired ID : 4672405  [1747 / 1309]    HINT :      list : [TID_LOW_LATENCY / 0] [TID / 4662] [TID / 4663] [TID / 4637] [TID / 4664] 
02-07 15:43:41.300  1744  1885 I HYPER-HAL: [RequestManager.cpp]releaseLocked(): Released ID : 4672405
02-07 15:43:41.300  1744  1885 I HYPER-HAL: [RequestManager.cpp]acquire(): Acquired ID : 4675463  [1747 / 1310]    HINT :      list : [UCLAMP_MIN_BOOST / 0] [TIMEOUT / 0] [TID / 4662] [TID / 4663] [TID / 4637] [TID / 4664] 
02-07 15:43:41.300  1744  1885 I HYPER-HAL: [RequestManager.cpp]releaseLocked(): Released ID : 4675463
02-07 15:43:41.302  2816  5367 D FreecessHandler: freeze com.instagram.android(10458) result : 18
02-07 15:43:41.356  1737 32540 I sensors-hal: handle_sns_client_event:379, [0][159102] accel_sample [-0.785,  6.748,  7.245] 45571810441362
02-07 15:43:41.384  6305  6305 I Toast   : show: caller = com.etrsystems.axisight.UsbCameraActivity.startUsbFlow:77 
02-07 15:43:41.385  6305  6305 I Toast   : show: contextDispId = 0 mCustomDisplayId = -1 focusedDisplayId = 0 isActivityContext = true
02-07 15:43:41.388  2816  4778 W ContextImpl: Calling a method in the system process without a qualified user: android.app.ContextImpl.sendBroadcast:1335 com.android.server.notification.NotificationManagerService$17.enqueueToastForDex:62 com.android.server.notification.NotificationManagerService$17.enqueueTextToastForDex:17 android.app.INotificationManager$Stub.onTransact:4630 android.os.Binder.execTransactInternal:1457 
02-07 15:43:41.391  1882  1936 I SurfaceFlinger: id=4111 createSurf, flag=84004, WindowToken{238dfa6 type=2005 android.os.Binder@52b4501}#4111
02-07 15:43:41.393  2816  7825 D WindowManager: Transition is created, t=TransitionRecord{6bffde7 id=-1 type=CLOSE flags=0x0}, caller=com.android.server.wm.Transition.<init>:182 com.android.server.wm.TransitionController.createTransition:17 com.android.server.wm.TransitionController.requestCloseTransitionIfNeeded:73 com.android.server.wm.ActivityRecord.finishIfPossible:38 com.android.server.wm.ActivityClientController.finishActivity:268 
02-07 15:43:41.393  2816  7825 D BLASTSyncEngine: SyncGroup is created, id=200, name=Transition-CLOSE, caller=com.android.server.wm.BLASTSyncEngine$SyncGroup.<init>:52 com.android.server.wm.TransitionController.moveToCollecting:79 com.android.server.wm.TransitionController.createTransition:46 com.android.server.wm.TransitionController.requestCloseTransitionIfNeeded:73 com.android.server.wm.ActivityRecord.finishIfPossible:38 com.android.server.wm.ActivityClientController.finishActivity:268 android.app.IActivityClientController$Stub.onTransact:840 
02-07 15:43:41.393  2816  7825 W BLASTSyncEngine: setSyncMethod, id=200, method=0, caller=com.android.server.wm.TransitionController.moveToCollecting:91 com.android.server.wm.TransitionController.createTransition:46 com.android.server.wm.TransitionController.requestCloseTransitionIfNeeded:73 
02-07 15:43:41.393  2816  7825 V WindowManager: Start collecting in Transition: TransitionRecord{6bffde7 id=200 type=CLOSE flags=0x0}, caller=com.android.server.wm.TransitionController.createTransition:46 com.android.server.wm.TransitionController.requestCloseTransitionIfNeeded:73 com.android.server.wm.ActivityRecord.finishIfPossible:38 com.android.server.wm.ActivityClientController.finishActivity:268 android.app.IActivityClientController$Stub.onTransact:840 
02-07 15:43:41.393  2816  7825 V WindowManager: Requesting StartTransition: TransitionRecord{6bffde7 id=200 type=CLOSE flags=0x0}, caller=com.android.server.wm.TransitionController.requestCloseTransitionIfNeeded:81 com.android.server.wm.ActivityRecord.finishIfPossible:38 com.android.server.wm.ActivityClientController.finishActivity:268 android.app.IActivityClientController$Stub.onTransact:840 com.android.server.wm.ActivityClientController.onTransact:1 
02-07 15:43:41.394  2816  7825 V WindowManager: Collecting in transition 200: Task{5f7a900 #3332 type=standard A=10686:com.etrsystems.axisight}, caller=com.android.server.wm.Transition.collectExistenceChange:40 com.android.server.wm.Transition.collectClose:7 com.android.server.wm.ActivityRecord.finishIfPossible:50 com.android.server.wm.ActivityClientController.finishActivity:268 android.app.IActivityClientController$Stub.onTransact:840 
02-07 15:43:41.394  2816  7825 D WindowManager: prepareSync <SYNC_STATE_WAITING_FOR_DRAW>, mPrepareSyncSeqId=0, win=Window{76dd86f u0 com.etrsystems.axisight/com.etrsystems.axisight.UsbCameraActivity}
02-07 15:43:41.395  2816  7825 D ActivityTaskManager: scheduleTopResumedActivityChanged, onTop=false, r=ActivityRecord{2597437 u0 com.etrsystems.axisight/.UsbCameraActivity t3332 f}}, caller=com.android.server.wm.ActivityTaskSupervisor.scheduleTopResumedActivityStateLossIfNeeded:19 com.android.server.wm.ActivityTaskSupervisor.updateTopResumedActivityIfNeeded:20 com.android.server.wm.TaskDisplayArea.positionChildAt:252 com.android.server.wm.WindowContainer.positionChildAt:84 com.android.server.wm.Task.positionChildAt:19 com.android.server.wm.Task.moveToFront:40 
02-07 15:43:41.395  2816  7825 V WindowManager: Collecting in transition 200: ActivityRecord{2597437 u0 com.etrsystems.axisight/.UsbCameraActivity t3332 f}}, caller=com.android.server.wm.TransitionController.collect:7 com.android.server.wm.ActivityRecord.setVisibility:132 com.android.server.wm.ActivityRecord.finishIfPossible:87 com.android.server.wm.ActivityClientController.finishActivity:268 android.app.IActivityClientController$Stub.onTransact:840 
